Archive member included to satisfy reference by file (symbol)

c:/st/stm32cubeide_1.9.0/stm32cubeide/plugins/com.st.stm32cube.ide.mcu.externaltools.gnu-tools-for-stm32.10.3-2021.10.win32_1.0.0.202111181127/tools/bin/../lib/gcc/arm-none-eabi/10.3.1/../../../../arm-none-eabi/lib/thumb/v7e-m+fp/hard\librdimon_nano.a(rdimon-syscalls.o)
                              c:/st/stm32cubeide_1.9.0/stm32cubeide/plugins/com.st.stm32cube.ide.mcu.externaltools.gnu-tools-for-stm32.10.3-2021.10.win32_1.0.0.202111181127/tools/bin/../lib/gcc/arm-none-eabi/10.3.1/../../../../arm-none-eabi/lib/thumb/v7e-m+fp/hard/rdimon-crt0.o (initialise_monitor_handles)
c:/st/stm32cubeide_1.9.0/stm32cubeide/plugins/com.st.stm32cube.ide.mcu.externaltools.gnu-tools-for-stm32.10.3-2021.10.win32_1.0.0.202111181127/tools/bin/../lib/gcc/arm-none-eabi/10.3.1/../../../../arm-none-eabi/lib/thumb/v7e-m+fp/hard\libstdc++_nano.a(del_ops.o)
                              ./Core/Src/main.o (operator delete(void*, unsigned int))
c:/st/stm32cubeide_1.9.0/stm32cubeide/plugins/com.st.stm32cube.ide.mcu.externaltools.gnu-tools-for-stm32.10.3-2021.10.win32_1.0.0.202111181127/tools/bin/../lib/gcc/arm-none-eabi/10.3.1/../../../../arm-none-eabi/lib/thumb/v7e-m+fp/hard\libstdc++_nano.a(new_op.o)
                              ./Core/Src/main.o (operator new(unsigned int))
c:/st/stm32cubeide_1.9.0/stm32cubeide/plugins/com.st.stm32cube.ide.mcu.externaltools.gnu-tools-for-stm32.10.3-2021.10.win32_1.0.0.202111181127/tools/bin/../lib/gcc/arm-none-eabi/10.3.1/../../../../arm-none-eabi/lib/thumb/v7e-m+fp/hard\libstdc++_nano.a(allocator-inst.o)
                              ./Core/Src/main.o (std::allocator<char>::allocator())
c:/st/stm32cubeide_1.9.0/stm32cubeide/plugins/com.st.stm32cube.ide.mcu.externaltools.gnu-tools-for-stm32.10.3-2021.10.win32_1.0.0.202111181127/tools/bin/../lib/gcc/arm-none-eabi/10.3.1/../../../../arm-none-eabi/lib/thumb/v7e-m+fp/hard\libstdc++_nano.a(functexcept.o)
                              ./Core/Src/main.o (std::__throw_bad_alloc())
c:/st/stm32cubeide_1.9.0/stm32cubeide/plugins/com.st.stm32cube.ide.mcu.externaltools.gnu-tools-for-stm32.10.3-2021.10.win32_1.0.0.202111181127/tools/bin/../lib/gcc/arm-none-eabi/10.3.1/../../../../arm-none-eabi/lib/thumb/v7e-m+fp/hard\libstdc++_nano.a(snprintf_lite.o)
                              c:/st/stm32cubeide_1.9.0/stm32cubeide/plugins/com.st.stm32cube.ide.mcu.externaltools.gnu-tools-for-stm32.10.3-2021.10.win32_1.0.0.202111181127/tools/bin/../lib/gcc/arm-none-eabi/10.3.1/../../../../arm-none-eabi/lib/thumb/v7e-m+fp/hard\libstdc++_nano.a(functexcept.o) (__gnu_cxx::__snprintf_lite(char*, unsigned int, char const*, std::__va_list))
c:/st/stm32cubeide_1.9.0/stm32cubeide/plugins/com.st.stm32cube.ide.mcu.externaltools.gnu-tools-for-stm32.10.3-2021.10.win32_1.0.0.202111181127/tools/bin/../lib/gcc/arm-none-eabi/10.3.1/../../../../arm-none-eabi/lib/thumb/v7e-m+fp/hard\libstdc++_nano.a(string-inst.o)
                              ./Core/Src/main.o (std::__cxx11::basic_string<char, std::char_traits<char>, std::allocator<char> >::_M_data(char*))
c:/st/stm32cubeide_1.9.0/stm32cubeide/plugins/com.st.stm32cube.ide.mcu.externaltools.gnu-tools-for-stm32.10.3-2021.10.win32_1.0.0.202111181127/tools/bin/../lib/gcc/arm-none-eabi/10.3.1/../../../../arm-none-eabi/lib/thumb/v7e-m+fp/hard\libstdc++_nano.a(del_op.o)
                              c:/st/stm32cubeide_1.9.0/stm32cubeide/plugins/com.st.stm32cube.ide.mcu.externaltools.gnu-tools-for-stm32.10.3-2021.10.win32_1.0.0.202111181127/tools/bin/../lib/gcc/arm-none-eabi/10.3.1/../../../../arm-none-eabi/lib/thumb/v7e-m+fp/hard\libstdc++_nano.a(del_ops.o) (operator delete(void*))
c:/st/stm32cubeide_1.9.0/stm32cubeide/plugins/com.st.stm32cube.ide.mcu.externaltools.gnu-tools-for-stm32.10.3-2021.10.win32_1.0.0.202111181127/tools/bin/../lib/gcc/arm-none-eabi/10.3.1/../../../../arm-none-eabi/lib/thumb/v7e-m+fp/hard\libstdc++_nano.a(new_handler.o)
                              c:/st/stm32cubeide_1.9.0/stm32cubeide/plugins/com.st.stm32cube.ide.mcu.externaltools.gnu-tools-for-stm32.10.3-2021.10.win32_1.0.0.202111181127/tools/bin/../lib/gcc/arm-none-eabi/10.3.1/../../../../arm-none-eabi/lib/thumb/v7e-m+fp/hard\libstdc++_nano.a(new_op.o) (std::get_new_handler())
c:/st/stm32cubeide_1.9.0/stm32cubeide/plugins/com.st.stm32cube.ide.mcu.externaltools.gnu-tools-for-stm32.10.3-2021.10.win32_1.0.0.202111181127/tools/bin/../lib/gcc/arm-none-eabi/10.3.1/../../../../arm-none-eabi/lib/thumb/v7e-m+fp/hard\libc_nano.a(lib_a-abort.o)
                              c:/st/stm32cubeide_1.9.0/stm32cubeide/plugins/com.st.stm32cube.ide.mcu.externaltools.gnu-tools-for-stm32.10.3-2021.10.win32_1.0.0.202111181127/tools/bin/../lib/gcc/arm-none-eabi/10.3.1/../../../../arm-none-eabi/lib/thumb/v7e-m+fp/hard\libstdc++_nano.a(new_op.o) (abort)
[...]
Memory Configuration

Name             Origin             Length             Attributes
CCMRAM           0x0000000010000000 0x0000000000010000 xrw
RAM              0x0000000020000000 0x0000000000030000 xrw
FLASH            0x0000000008000000 0x0000000000200000 xr
*default*        0x0000000000000000 0xffffffffffffffff

Linker script and memory map

LOAD c:/st/stm32cubeide_1.9.0/stm32cubeide/plugins/com.st.stm32cube.ide.mcu.externaltools.gnu-tools-for-stm32.10.3-2021.10.win32_1.0.0.202111181127/tools/bin/../lib/gcc/arm-none-eabi/10.3.1/thumb/v7e-m+fp/hard/crti.o
LOAD c:/st/stm32cubeide_1.9.0/stm32cubeide/plugins/com.st.stm32cube.ide.mcu.externaltools.gnu-tools-for-stm32.10.3-2021.10.win32_1.0.0.202111181127/tools/bin/../lib/gcc/arm-none-eabi/10.3.1/thumb/v7e-m+fp/hard/crtbegin.o
LOAD c:/st/stm32cubeide_1.9.0/stm32cubeide/plugins/com.st.stm32cube.ide.mcu.externaltools.gnu-tools-for-stm32.10.3-2021.10.win32_1.0.0.202111181127/tools/bin/../lib/gcc/arm-none-eabi/10.3.1/../../../../arm-none-eabi/lib/thumb/v7e-m+fp/hard/rdimon-crt0.o
LOAD ./Core/Src/gpio.o
LOAD ./Core/Src/main.o
LOAD ./Core/Src/stm32f4xx_hal_msp.o
LOAD ./Core/Src/stm32f4xx_it.o
LOAD ./Core/Src/sysmem.o
LOAD ./Core/Src/system_stm32f4xx.o
LOAD ./Core/Src/usart.o
LOAD ./Core/Startup/startup_stm32f427vitx.o
LOAD ./Drivers/STM32F4xx_HAL_Driver/Src/stm32f4xx_hal.o
LOAD ./Drivers/STM32F4xx_HAL_Driver/Src/stm32f4xx_hal_cortex.o
LOAD ./Drivers/STM32F4xx_HAL_Driver/Src/stm32f4xx_hal_dma.o
LOAD ./Drivers/STM32F4xx_HAL_Driver/Src/stm32f4xx_hal_dma_ex.o
LOAD ./Drivers/STM32F4xx_HAL_Driver/Src/stm32f4xx_hal_exti.o
LOAD ./Drivers/STM32F4xx_HAL_Driver/Src/stm32f4xx_hal_flash.o
LOAD ./Drivers/STM32F4xx_HAL_Driver/Src/stm32f4xx_hal_flash_ex.o
LOAD ./Drivers/STM32F4xx_HAL_Driver/Src/stm32f4xx_hal_flash_ramfunc.o
LOAD ./Drivers/STM32F4xx_HAL_Driver/Src/stm32f4xx_hal_gpio.o
LOAD ./Drivers/STM32F4xx_HAL_Driver/Src/stm32f4xx_hal_pwr.o
LOAD ./Drivers/STM32F4xx_HAL_Driver/Src/stm32f4xx_hal_pwr_ex.o
LOAD ./Drivers/STM32F4xx_HAL_Driver/Src/stm32f4xx_hal_rcc.o
LOAD ./Drivers/STM32F4xx_HAL_Driver/Src/stm32f4xx_hal_rcc_ex.o
LOAD ./Drivers/STM32F4xx_HAL_Driver/Src/stm32f4xx_hal_tim.o
LOAD ./Drivers/STM32F4xx_HAL_Driver/Src/stm32f4xx_hal_tim_ex.o
LOAD ./Drivers/STM32F4xx_HAL_Driver/Src/stm32f4xx_hal_uart.o
LOAD c:/st/stm32cubeide_1.9.0/stm32cubeide/plugins/com.st.stm32cube.ide.mcu.externaltools.gnu-tools-for-stm32.10.3-2021.10.win32_1.0.0.202111181127/tools/bin/../lib/gcc/arm-none-eabi/10.3.1/../../../../arm-none-eabi/lib/thumb/v7e-m+fp/hard\librdimon_nano.a
START GROUP
LOAD c:/st/stm32cubeide_1.9.0/stm32cubeide/plugins/com.st.stm32cube.ide.mcu.externaltools.gnu-tools-for-stm32.10.3-2021.10.win32_1.0.0.202111181127/tools/bin/../lib/gcc/arm-none-eabi/10.3.1/../../../../arm-none-eabi/lib/thumb/v7e-m+fp/hard\libstdc++_nano.a
LOAD c:/st/stm32cubeide_1.9.0/stm32cubeide/plugins/com.st.stm32cube.ide.mcu.externaltools.gnu-tools-for-stm32.10.3-2021.10.win32_1.0.0.202111181127/tools/bin/../lib/gcc/arm-none-eabi/10.3.1/../../../../arm-none-eabi/lib/thumb/v7e-m+fp/hard\libsupc++_nano.a
END GROUP
LOAD c:/st/stm32cubeide_1.9.0/stm32cubeide/plugins/com.st.stm32cube.ide.mcu.externaltools.gnu-tools-for-stm32.10.3-2021.10.win32_1.0.0.202111181127/tools/bin/../lib/gcc/arm-none-eabi/10.3.1/../../../../arm-none-eabi/lib/thumb/v7e-m+fp/hard\libstdc++_nano.a
LOAD c:/st/stm32cubeide_1.9.0/stm32cubeide/plugins/com.st.stm32cube.ide.mcu.externaltools.gnu-tools-for-stm32.10.3-2021.10.win32_1.0.0.202111181127/tools/bin/../lib/gcc/arm-none-eabi/10.3.1/../../../../arm-none-eabi/lib/thumb/v7e-m+fp/hard\libm.a
LOAD c:/st/stm32cubeide_1.9.0/stm32cubeide/plugins/com.st.stm32cube.ide.mcu.externaltools.gnu-tools-for-stm32.10.3-2021.10.win32_1.0.0.202111181127/tools/bin/../lib/gcc/arm-none-eabi/10.3.1/../../../../arm-none-eabi/lib/thumb/v7e-m+fp/hard\libc_nano.a
START GROUP
LOAD c:/st/stm32cubeide_1.9.0/stm32cubeide/plugins/com.st.stm32cube.ide.mcu.externaltools.gnu-tools-for-stm32.10.3-2021.10.win32_1.0.0.202111181127/tools/bin/../lib/gcc/arm-none-eabi/10.3.1/thumb/v7e-m+fp/hard\libgcc.a
LOAD c:/st/stm32cubeide_1.9.0/stm32cubeide/plugins/com.st.stm32cube.ide.mcu.externaltools.gnu-tools-for-stm32.10.3-2021.10.win32_1.0.0.202111181127/tools/bin/../lib/gcc/arm-none-eabi/10.3.1/../../../../arm-none-eabi/lib/thumb/v7e-m+fp/hard\libc_nano.a
END GROUP
START GROUP
LOAD c:/st/stm32cubeide_1.9.0/stm32cubeide/plugins/com.st.stm32cube.ide.mcu.externaltools.gnu-tools-for-stm32.10.3-2021.10.win32_1.0.0.202111181127/tools/bin/../lib/gcc/arm-none-eabi/10.3.1/thumb/v7e-m+fp/hard\libgcc.a
LOAD c:/st/stm32cubeide_1.9.0/stm32cubeide/plugins/com.st.stm32cube.ide.mcu.externaltools.gnu-tools-for-stm32.10.3-2021.10.win32_1.0.0.202111181127/tools/bin/../lib/gcc/arm-none-eabi/10.3.1/../../../../arm-none-eabi/lib/thumb/v7e-m+fp/hard\libc_nano.a
LOAD c:/st/stm32cubeide_1.9.0/stm32cubeide/plugins/com.st.stm32cube.ide.mcu.externaltools.gnu-tools-for-stm32.10.3-2021.10.win32_1.0.0.202111181127/tools/bin/../lib/gcc/arm-none-eabi/10.3.1/../../../../arm-none-eabi/lib/thumb/v7e-m+fp/hard\libnosys.a
END GROUP
START GROUP
LOAD c:/st/stm32cubeide_1.9.0/stm32cubeide/plugins/com.st.stm32cube.ide.mcu.externaltools.gnu-tools-for-stm32.10.3-2021.10.win32_1.0.0.202111181127/tools/bin/../lib/gcc/arm-none-eabi/10.3.1/thumb/v7e-m+fp/hard\libgcc.a
LOAD c:/st/stm32cubeide_1.9.0/stm32cubeide/plugins/com.st.stm32cube.ide.mcu.externaltools.gnu-tools-for-stm32.10.3-2021.10.win32_1.0.0.202111181127/tools/bin/../lib/gcc/arm-none-eabi/10.3.1/../../../../arm-none-eabi/lib/thumb/v7e-m+fp/hard\libc_nano.a
LOAD c:/st/stm32cubeide_1.9.0/stm32cubeide/plugins/com.st.stm32cube.ide.mcu.externaltools.gnu-tools-for-stm32.10.3-2021.10.win32_1.0.0.202111181127/tools/bin/../lib/gcc/arm-none-eabi/10.3.1/../../../../arm-none-eabi/lib/thumb/v7e-m+fp/hard\librdimon_nano.a
END GROUP
START GROUP
LOAD c:/st/stm32cubeide_1.9.0/stm32cubeide/plugins/com.st.stm32cube.ide.mcu.externaltools.gnu-tools-for-stm32.10.3-2021.10.win32_1.0.0.202111181127/tools/bin/../lib/gcc/arm-none-eabi/10.3.1/thumb/v7e-m+fp/hard\libgcc.a
LOAD c:/st/stm32cubeide_1.9.0/stm32cubeide/plugins/com.st.stm32cube.ide.mcu.externaltools.gnu-tools-for-stm32.10.3-2021.10.win32_1.0.0.202111181127/tools/bin/../lib/gcc/arm-none-eabi/10.3.1/../../../../arm-none-eabi/lib/thumb/v7e-m+fp/hard\libc_nano.a
LOAD c:/st/stm32cubeide_1.9.0/stm32cubeide/plugins/com.st.stm32cube.ide.mcu.externaltools.gnu-tools-for-stm32.10.3-2021.10.win32_1.0.0.202111181127/tools/bin/../lib/gcc/arm-none-eabi/10.3.1/../../../../arm-none-eabi/lib/thumb/v7e-m+fp/hard\librdimon_nano.a
LOAD c:/st/stm32cubeide_1.9.0/stm32cubeide/plugins/com.st.stm32cube.ide.mcu.externaltools.gnu-tools-for-stm32.10.3-2021.10.win32_1.0.0.202111181127/tools/bin/../lib/gcc/arm-none-eabi/10.3.1/../../../../arm-none-eabi/lib/thumb/v7e-m+fp/hard\libnosys.a
END GROUP
LOAD c:/st/stm32cubeide_1.9.0/stm32cubeide/plugins/com.st.stm32cube.ide.mcu.externaltools.gnu-tools-for-stm32.10.3-2021.10.win32_1.0.0.202111181127/tools/bin/../lib/gcc/arm-none-eabi/10.3.1/thumb/v7e-m+fp/hard/crtend.o
LOAD c:/st/stm32cubeide_1.9.0/stm32cubeide/plugins/com.st.stm32cube.ide.mcu.externaltools.gnu-tools-for-stm32.10.3-2021.10.win32_1.0.0.202111181127/tools/bin/../lib/gcc/arm-none-eabi/10.3.1/thumb/v7e-m+fp/hard/crtn.o
                0x0000000020030000                _estack = (ORIGIN (RAM) + LENGTH (RAM))
                0x0000000000000200                _Min_Heap_Size = 0x200
                0x0000000000000400                _Min_Stack_Size = 0x400

.isr_vector     0x0000000008000000      0x1ac
                0x0000000008000000                . = ALIGN (0x4)
 *(.isr_vector)
 .isr_vector    0x0000000008000000      0x1ac ./Core/Startup/startup_stm32f427vitx.o
                0x0000000008000000                g_pfnVectors
                0x00000000080001ac                . = ALIGN (0x4)

.text           0x00000000080001ac     0x4f28
                0x00000000080001ac                . = ALIGN (0x4)
 *(.text)
 .text          0x00000000080001ac       0x40 c:/st/stm32cubeide_1.9.0/stm32cubeide/plugins/com.st.stm32cube.ide.mcu.externaltools.gnu-tools-for-stm32.10.3-2021.10.win32_1.0.0.202111181127/tools/bin/../lib/gcc/arm-none-eabi/10.3.1/thumb/v7e-m+fp/hard/crtbegin.o
 .text          0x00000000080001ec       0x30 c:/st/stm32cubeide_1.9.0/stm32cubeide/plugins/com.st.stm32cube.ide.mcu.externaltools.gnu-tools-for-stm32.10.3-2021.10.win32_1.0.0.202111181127/tools/bin/../lib/gcc/arm-none-eabi/10.3.1/thumb/v7e-m+fp/hard\libgcc.a(_aeabi_uldivmod.o)
                0x00000000080001ec                __aeabi_uldivmod
 .text          0x000000000800021c      0x2d0 c:/st/stm32cubeide_1.9.0/stm32cubeide/plugins/com.st.stm32cube.ide.mcu.externaltools.gnu-tools-for-stm32.10.3-2021.10.win32_1.0.0.202111181127/tools/bin/../lib/gcc/arm-none-eabi/10.3.1/thumb/v7e-m+fp/hard\libgcc.a(_udivmoddi4.o)
                0x000000000800021c                __udivmoddi4
 .text          0x00000000080004ec        0x4 c:/st/stm32cubeide_1.9.0/stm32cubeide/plugins/com.st.stm32cube.ide.mcu.externaltools.gnu-tools-for-stm32.10.3-2021.10.win32_1.0.0.202111181127/tools/bin/../lib/gcc/arm-none-eabi/10.3.1/thumb/v7e-m+fp/hard\libgcc.a(_dvmd_tls.o)
                0x00000000080004ec                __aeabi_idiv0
                0x00000000080004ec                __aeabi_ldiv0
 *(.text*)
 .text.MX_GPIO_Init
                0x00000000080004f0       0xe0 ./Core/Src/gpio.o
                0x00000000080004f0                MX_GPIO_Init
 .text._ZnwjPv  0x00000000080005d0       0x18 ./Core/Src/main.o
                0x00000000080005d0                operator new(unsigned int, void*)
 .text._ZSt16__deque_buf_sizej
                0x00000000080005e8       0x2a ./Core/Src/main.o
                0x00000000080005e8                std::__deque_buf_size(unsigned int)
 .text._ZNSt11char_traitsIcE6assignERcRKc
                0x0000000008000612       0x1e ./Core/Src/main.o
                0x0000000008000612                std::char_traits<char>::assign(char&, char const&)
 .text._ZN5Timer5beginEv
                0x0000000008000630       0x1a ./Core/Src/main.o
                0x0000000008000630                Timer::begin()
 .text._ZN5Timer3endEv
                0x000000000800064a       0x1a ./Core/Src/main.o
                0x000000000800064a                Timer::end()
 .text._ZNK5Timer8durationEv
                0x0000000008000664       0x1e ./Core/Src/main.o
                0x0000000008000664                Timer::duration() const
 .text._ZN5TimerC2Ev
                0x0000000008000682       0x22 ./Core/Src/main.o
                0x0000000008000682                Timer::Timer()
                0x0000000008000682                Timer::Timer()
 .text._ZN7TimeoutC2EPFbvEm
                0x00000000080006a4       0x2a ./Core/Src/main.o
                0x00000000080006a4                Timeout::Timeout(bool (*)(), unsigned long)
                0x00000000080006a4                Timeout::Timeout(bool (*)(), unsigned long)
 .text._ZN7Timeout4waitEv
                0x00000000080006ce       0x54 ./Core/Src/main.o
                0x00000000080006ce                Timeout::wait()
 *fill*         0x0000000008000722        0x2 
 .text._ZN5DelayC2Em
                0x0000000008000724       0x24 ./Core/Src/main.o
                0x0000000008000724                Delay::Delay(unsigned long)
                0x0000000008000724                Delay::Delay(unsigned long)
 .text._ZN5Delay9falsePredEv
                0x0000000008000748       0x10 ./Core/Src/main.o
                0x0000000008000748                Delay::falsePred()
 .text._ZN4Lock7setCodeEPKc
                0x0000000008000758       0x3e ./Core/Src/main.o
                0x0000000008000758                Lock::setCode(char const*)
 .text._ZN4Lock9tryUnlockEc
                0x0000000008000796       0x74 ./Core/Src/main.o
                0x0000000008000796                Lock::tryUnlock(char)
 .text._ZN4Lock5resetEv
                0x000000000800080a       0x1c ./Core/Src/main.o
                0x000000000800080a                Lock::reset()
 .text._ZN4Lock10getCodeLenEv
                0x0000000008000826       0x16 ./Core/Src/main.o
                0x0000000008000826                Lock::getCodeLen()
 .text._ZN4Lock6isOpenEv
                0x000000000800083c       0x2a ./Core/Src/main.o
                0x000000000800083c                Lock::isOpen()
 .text._ZN4Lock9isBlockedEv
                0x0000000008000866       0x26 ./Core/Src/main.o
                0x0000000008000866                Lock::isBlocked()
 .text._ZN4Lock14isCorrectInputEc
                0x000000000800088c       0x3c ./Core/Src/main.o
                0x000000000800088c                Lock::isCorrectInput(char)
 .text._ZN4Lock16resetPinPositionEv
                0x00000000080008c8       0x1a ./Core/Src/main.o
                0x00000000080008c8                Lock::resetPinPosition()
 .text._ZN4Lock25resetCurrentWrongAttemptsEv
                0x00000000080008e2       0x1a ./Core/Src/main.o
                0x00000000080008e2                Lock::resetCurrentWrongAttempts()
 .text._ZN11LampControl4openEv
                0x00000000080008fc       0x4c ./Core/Src/main.o
                0x00000000080008fc                LampControl::open()
 .text._ZN11LampControl7correctEv
                0x0000000008000948       0x4c ./Core/Src/main.o
                0x0000000008000948                LampControl::correct()
 .text._ZN11LampControl5wrongEv
                0x0000000008000994       0x44 ./Core/Src/main.o
                0x0000000008000994                LampControl::wrong()
 .text._ZN11LampControl7blockedEv
                0x00000000080009d8       0x46 ./Core/Src/main.o
                0x00000000080009d8                LampControl::blocked()
 *fill*         0x0000000008000a1e        0x2 
 .text._ZN11LampControl5resetEv
                0x0000000008000a20       0x54 ./Core/Src/main.o
                0x0000000008000a20                LampControl::reset()
 .text._ZN14InterruptGuardC2Ev
                0x0000000008000a74       0x26 ./Core/Src/main.o
                0x0000000008000a74                InterruptGuard::InterruptGuard()
                0x0000000008000a74                InterruptGuard::InterruptGuard()
 .text._ZN14InterruptGuardD2Ev
                0x0000000008000a9a       0x24 ./Core/Src/main.o
                0x0000000008000a9a                InterruptGuard::~InterruptGuard()
                0x0000000008000a9a                InterruptGuard::~InterruptGuard()
 .text._ZN10RingBuffer4pushEc
                0x0000000008000abe       0x20 ./Core/Src/main.o
                0x0000000008000abe                RingBuffer::push(char)
 .text._ZN10RingBuffer3popEv
                0x0000000008000ade       0x3a ./Core/Src/main.o
                0x0000000008000ade                RingBuffer::pop()
 .text._ZN10RingBuffer7isEmptyEv
                0x0000000008000b18       0x1a ./Core/Src/main.o
                0x0000000008000b18                RingBuffer::isEmpty()
 .text._ZN10RingBuffer5flushB5cxx11Ev
                0x0000000008000b32       0x5e ./Core/Src/main.o
                0x0000000008000b32                RingBuffer::flush[abi:cxx11]()
 .text._ZNSt5dequeIcSaIcEEC2Ev
                0x0000000008000b90       0x1a ./Core/Src/main.o
                0x0000000008000b90                std::deque<char, std::allocator<char> >::deque()
                0x0000000008000b90                std::deque<char, std::allocator<char> >::deque()
 .text._ZN10RingBufferC2Ev
                0x0000000008000baa       0x1a ./Core/Src/main.o
                0x0000000008000baa                RingBuffer::RingBuffer()
                0x0000000008000baa                RingBuffer::RingBuffer()
 .text._ZN10UartDriver10switchModeEv
                0x0000000008000bc4       0x68 ./Core/Src/main.o
                0x0000000008000bc4                UartDriver::switchMode()
 .text._ZN10UartDriver4recvEPc
                0x0000000008000c2c       0x7c ./Core/Src/main.o
                0x0000000008000c2c                UartDriver::recv(char*)
 .text._ZN10UartDriver4sendEc
                0x0000000008000ca8       0x6c ./Core/Src/main.o
                0x0000000008000ca8                UartDriver::send(char)
 .text._ZN7Printer9printCharEc
                0x0000000008000d14       0x30 ./Core/Src/main.o
                0x0000000008000d14                Printer::printChar(char)
 .text._ZN7Printer11printStringEPcm
                0x0000000008000d44       0x34 ./Core/Src/main.o
                0x0000000008000d44                Printer::printString(char*, unsigned long)
 .text.HAL_UART_RxCpltCallback
                0x0000000008000d78       0x54 ./Core/Src/main.o
                0x0000000008000d78                HAL_UART_RxCpltCallback
 .text.HAL_UART_TxCpltCallback
                0x0000000008000dcc       0xc8 ./Core/Src/main.o
                0x0000000008000dcc                HAL_UART_TxCpltCallback
 .text._ZN7Session14recordActivityEv
                0x0000000008000e94       0x20 ./Core/Src/main.o
                0x0000000008000e94                Session::recordActivity()
 .text._ZN7Session34getDurationFromLastSessionActivityEv
                0x0000000008000eb4       0x28 ./Core/Src/main.o
                0x0000000008000eb4                Session::getDurationFromLastSessionActivity()
 .text._ZN7Session18isSessionTimeoutedEv
                0x0000000008000edc       0x26 ./Core/Src/main.o
                0x0000000008000edc                Session::isSessionTimeouted()
 .text._ZN7Session12abortSessionEv
                0x0000000008000f02       0x1a ./Core/Src/main.o
                0x0000000008000f02                Session::abortSession()
 .text._ZN12Interactives10askNewCodeEPch7Session
                0x0000000008000f1c      0x1d4 ./Core/Src/main.o
                0x0000000008000f1c                Interactives::askNewCode(char*, unsigned char, Session)
 .text._ZN12ToggleDriver17isToggleActivatedEv
                0x00000000080010f0       0x6a ./Core/Src/main.o
                0x00000000080010f0                ToggleDriver::isToggleActivated()
 *fill*         0x000000000800115a        0x2 
 .text._ZN12ToggleDriver15isButtonPressedEv
                0x000000000800115c       0x2c ./Core/Src/main.o
                0x000000000800115c                ToggleDriver::isButtonPressed()
 .text._ZN14UserCommandDtoC2E15UserInstructionc
                0x0000000008001188       0x2a ./Core/Src/main.o
                0x0000000008001188                UserCommandDto::UserCommandDto(UserInstruction, char)
                0x0000000008001188                UserCommandDto::UserCommandDto(UserInstruction, char)
 .text._ZN14UserCommandDto12getUserInputEv
                0x00000000080011b2       0x18 ./Core/Src/main.o
                0x00000000080011b2                UserCommandDto::getUserInput()
 .text._ZN14UserCommandDto18getUserInstructionEv
                0x00000000080011ca       0x18 ./Core/Src/main.o
                0x00000000080011ca                UserCommandDto::getUserInstruction()
 *fill*         0x00000000080011e2        0x2 
 .text._ZN12UserListener13listenCommandEv
                0x00000000080011e4       0xa0 ./Core/Src/main.o
                0x00000000080011e4                UserListener::listenCommand()
 .text.main     0x0000000008001284      0x1e0 ./Core/Src/main.o
                0x0000000008001284                main
 .text._Z18SystemClock_Configv
                0x0000000008001464       0xd4 ./Core/Src/main.o
                0x0000000008001464                SystemClock_Config()
 .text.Error_Handler
                0x0000000008001538        0xa ./Core/Src/main.o
                0x0000000008001538                Error_Handler
 .text._ZNSt5dequeIcSaIcEE9push_backERKc
                0x0000000008001542       0x42 ./Core/Src/main.o
                0x0000000008001542                std::deque<char, std::allocator<char> >::push_back(char const&)
 .text._ZNKSt5dequeIcSaIcEE5emptyEv
                0x0000000008001584       0x24 ./Core/Src/main.o
                0x0000000008001584                std::deque<char, std::allocator<char> >::empty() const
 .text._ZNSt5dequeIcSaIcEE5frontEv
                0x00000000080015a8       0x28 ./Core/Src/main.o
                0x00000000080015a8                std::deque<char, std::allocator<char> >::front()
 .text._ZNSt5dequeIcSaIcEE9pop_frontEv
                0x00000000080015d0       0x46 ./Core/Src/main.o
                0x00000000080015d0                std::deque<char, std::allocator<char> >::pop_front()
 .text._ZNSt5dequeIcSaIcEE5beginEv
                0x0000000008001616       0x1e ./Core/Src/main.o
                0x0000000008001616                std::deque<char, std::allocator<char> >::begin()
 .text._ZNSt5dequeIcSaIcEE3endEv
                0x0000000008001634       0x1e ./Core/Src/main.o
                0x0000000008001634                std::deque<char, std::allocator<char> >::end()
 .text._ZNSt15_Deque_iteratorIcRcPcEC2ERKS2_
                0x0000000008001652       0x38 ./Core/Src/main.o
                0x0000000008001652                std::_Deque_iterator<char, char&, char*>::_Deque_iterator(std::_Deque_iterator<char, char&, char*> const&)
                0x0000000008001652                std::_Deque_iterator<char, char&, char*>::_Deque_iterator(std::_Deque_iterator<char, char&, char*> const&)
 .text._ZNSt7__cxx1112basic_stringIcSt11char_traitsIcESaIcEEC2ISt15_Deque_iteratorIcRcPcEvEET_SA_RKS3_
                0x000000000800168a       0x54 ./Core/Src/main.o
                0x000000000800168a                std::__cxx11::basic_string<char, std::char_traits<char>, std::allocator<char> >::basic_string<std::_Deque_iterator<char, char&, char*>, void>(std::_Deque_iterator<char, char&, char*>, std::_Deque_iterator<char, char&, char*>, std::allocator<char> const&)
                0x000000000800168a                std::__cxx11::basic_string<char, std::char_traits<char>, std::allocator<char> >::basic_string<std::_Deque_iterator<char, char&, char*>, void>(std::_Deque_iterator<char, char&, char*>, std::_Deque_iterator<char, char&, char*>, std::allocator<char> const&)
 .text._ZNSt5dequeIcSaIcEE5clearEv
                0x00000000080016de       0x28 ./Core/Src/main.o
                0x00000000080016de                std::deque<char, std::allocator<char> >::clear()
 .text._ZNSt11_Deque_baseIcSaIcEE11_Deque_implD2Ev
                0x0000000008001706       0x18 ./Core/Src/main.o
                0x0000000008001706                std::_Deque_base<char, std::allocator<char> >::_Deque_impl::~_Deque_impl()
                0x0000000008001706                std::_Deque_base<char, std::allocator<char> >::_Deque_impl::~_Deque_impl()
 .text._ZNSt11_Deque_baseIcSaIcEEC2Ev
                0x000000000800171e       0x22 ./Core/Src/main.o
                0x000000000800171e                std::_Deque_base<char, std::allocator<char> >::_Deque_base()
                0x000000000800171e                std::_Deque_base<char, std::allocator<char> >::_Deque_base()
 .text._ZNSt11_Deque_baseIcSaIcEED2Ev
                0x0000000008001740       0x44 ./Core/Src/main.o
                0x0000000008001740                std::_Deque_base<char, std::allocator<char> >::~_Deque_base()
                0x0000000008001740                std::_Deque_base<char, std::allocator<char> >::~_Deque_base()
 .text._ZNSt5dequeIcSaIcEED2Ev
                0x0000000008001784       0x4a ./Core/Src/main.o
                0x0000000008001784                std::deque<char, std::allocator<char> >::~deque()
                0x0000000008001784                std::deque<char, std::allocator<char> >::~deque()
 .text._ZNSt16allocator_traitsISaIcEE9constructIcJRKcEEEvRS0_PT_DpOT0_
                0x00000000080017ce       0x26 ./Core/Src/main.o
                0x00000000080017ce                void std::allocator_traits<std::allocator<char> >::construct<char, char const&>(std::allocator<char>&, char*, char const&)
 .text._ZNSt5dequeIcSaIcEE16_M_push_back_auxIJRKcEEEvDpOT_
                0x00000000080017f4       0x88 ./Core/Src/main.o
                0x00000000080017f4                void std::deque<char, std::allocator<char> >::_M_push_back_aux<char const&>(char const&)
 .text._ZSteqRKSt15_Deque_iteratorIcRcPcES4_
                0x000000000800187c       0x28 ./Core/Src/main.o
                0x000000000800187c                std::operator==(std::_Deque_iterator<char, char&, char*> const&, std::_Deque_iterator<char, char&, char*> const&)
 .text._ZNKSt15_Deque_iteratorIcRcPcEdeEv
                0x00000000080018a4       0x18 ./Core/Src/main.o
                0x00000000080018a4                std::_Deque_iterator<char, char&, char*>::operator*() const
 .text._ZNSt11_Deque_baseIcSaIcEE19_M_get_Tp_allocatorEv
                0x00000000080018bc       0x16 ./Core/Src/main.o
                0x00000000080018bc                std::_Deque_base<char, std::allocator<char> >::_M_get_Tp_allocator()
 .text._ZNSt16allocator_traitsISaIcEE7destroyIcEEvRS0_PT_
                0x00000000080018d2       0x1a ./Core/Src/main.o
                0x00000000080018d2                void std::allocator_traits<std::allocator<char> >::destroy<char>(std::allocator<char>&, char*)
 .text._ZNSt5dequeIcSaIcEE16_M_pop_front_auxEv
                0x00000000080018ec       0x50 ./Core/Src/main.o
                0x00000000080018ec                std::deque<char, std::allocator<char> >::_M_pop_front_aux()
 .text._ZNSt7__cxx1112basic_stringIcSt11char_traitsIcESaIcEE12_M_constructISt15_Deque_iteratorIcRcPcEEEvT_SA_
                0x000000000800193c       0x3c ./Core/Src/main.o
                0x000000000800193c                void std::__cxx11::basic_string<char, std::char_traits<char>, std::allocator<char> >::_M_construct<std::_Deque_iterator<char, char&, char*> >(std::_Deque_iterator<char, char&, char*>, std::_Deque_iterator<char, char&, char*>)
 .text._ZNSt5dequeIcSaIcEE15_M_erase_at_endESt15_Deque_iteratorIcRcPcE
                0x0000000008001978       0x66 ./Core/Src/main.o
                0x0000000008001978                std::deque<char, std::allocator<char> >::_M_erase_at_end(std::_Deque_iterator<char, char&, char*>)
 .text._ZNSt11_Deque_baseIcSaIcEE11_Deque_implC2Ev
                0x00000000080019de       0x20 ./Core/Src/main.o
                0x00000000080019de                std::_Deque_base<char, std::allocator<char> >::_Deque_impl::_Deque_impl()
                0x00000000080019de                std::_Deque_base<char, std::allocator<char> >::_Deque_impl::_Deque_impl()
 .text._ZNSt11_Deque_baseIcSaIcEE17_M_initialize_mapEj
                0x00000000080019fe       0xc4 ./Core/Src/main.o
                0x00000000080019fe                std::_Deque_base<char, std::allocator<char> >::_M_initialize_map(unsigned int)
 .text._ZNSt11_Deque_baseIcSaIcEE16_M_destroy_nodesEPPcS3_
                0x0000000008001ac2       0x34 ./Core/Src/main.o
                0x0000000008001ac2                std::_Deque_base<char, std::allocator<char> >::_M_destroy_nodes(char**, char**)
 .text._ZNSt11_Deque_baseIcSaIcEE17_M_deallocate_mapEPPcj
                0x0000000008001af6       0x38 ./Core/Src/main.o
                0x0000000008001af6                std::_Deque_base<char, std::allocator<char> >::_M_deallocate_map(char**, unsigned int)
 .text._ZNSt5dequeIcSaIcEE15_M_destroy_dataESt15_Deque_iteratorIcRcPcES5_RKS0_
                0x0000000008001b2e       0x1a ./Core/Src/main.o
                0x0000000008001b2e                std::deque<char, std::allocator<char> >::_M_destroy_data(std::_Deque_iterator<char, char&, char*>, std::_Deque_iterator<char, char&, char*>, std::allocator<char> const&)
 .text._ZSt7forwardIRKcEOT_RNSt16remove_referenceIS2_E4typeE
                0x0000000008001b48       0x16 ./Core/Src/main.o
                0x0000000008001b48                char const& std::forward<char const&>(std::remove_reference<char const&>::type&)
 .text._ZN9__gnu_cxx13new_allocatorIcE9constructIcJRKcEEEvPT_DpOT0_
                0x0000000008001b5e       0x2e ./Core/Src/main.o
                0x0000000008001b5e                void __gnu_cxx::new_allocator<char>::construct<char, char const&>(char*, char const&)
 .text._ZNKSt5dequeIcSaIcEE4sizeEv
                0x0000000008001b8c       0x24 ./Core/Src/main.o
                0x0000000008001b8c                std::deque<char, std::allocator<char> >::size() const
 .text._ZNKSt5dequeIcSaIcEE8max_sizeEv
                0x0000000008001bb0       0x22 ./Core/Src/main.o
                0x0000000008001bb0                std::deque<char, std::allocator<char> >::max_size() const
 .text._ZNSt5dequeIcSaIcEE22_M_reserve_map_at_backEj
                0x0000000008001bd2       0x36 ./Core/Src/main.o
                0x0000000008001bd2                std::deque<char, std::allocator<char> >::_M_reserve_map_at_back(unsigned int)
 .text._ZNSt11_Deque_baseIcSaIcEE16_M_allocate_nodeEv
                0x0000000008001c08       0x24 ./Core/Src/main.o
                0x0000000008001c08                std::_Deque_base<char, std::allocator<char> >::_M_allocate_node()
 .text._ZNSt15_Deque_iteratorIcRcPcE11_M_set_nodeEPS1_
                0x0000000008001c2c       0x30 ./Core/Src/main.o
                0x0000000008001c2c                std::_Deque_iterator<char, char&, char*>::_M_set_node(char**)
 .text._ZNSt11_Deque_baseIcSaIcEE18_M_deallocate_nodeEPc
                0x0000000008001c5c       0x26 ./Core/Src/main.o
                0x0000000008001c5c                std::_Deque_base<char, std::allocator<char> >::_M_deallocate_node(char*)
 .text._ZN9__gnu_cxx13new_allocatorIcE7destroyIcEEvPT_
                0x0000000008001c82       0x16 ./Core/Src/main.o
                0x0000000008001c82                void __gnu_cxx::new_allocator<char>::destroy<char>(char*)
 .text._ZNSt7__cxx1112basic_stringIcSt11char_traitsIcESaIcEE16_M_construct_auxISt15_Deque_iteratorIcRcPcEEEvT_SA_St12__false_type
                0x0000000008001c98       0x3e ./Core/Src/main.o
                0x0000000008001c98                void std::__cxx11::basic_string<char, std::char_traits<char>, std::allocator<char> >::_M_construct_aux<std::_Deque_iterator<char, char&, char*> >(std::_Deque_iterator<char, char&, char*>, std::_Deque_iterator<char, char&, char*>, std::__false_type)
 .text._ZNSt11_Deque_baseIcSaIcEE16_Deque_impl_dataC2Ev
                0x0000000008001cd6       0x32 ./Core/Src/main.o
                0x0000000008001cd6                std::_Deque_base<char, std::allocator<char> >::_Deque_impl_data::_Deque_impl_data()
                0x0000000008001cd6                std::_Deque_base<char, std::allocator<char> >::_Deque_impl_data::_Deque_impl_data()
 .text._ZSt3maxIjERKT_S2_S2_
                0x0000000008001d08       0x28 ./Core/Src/main.o
                0x0000000008001d08                unsigned int const& std::max<unsigned int>(unsigned int const&, unsigned int const&)
 .text._ZNSt11_Deque_baseIcSaIcEE15_M_allocate_mapEj
                0x0000000008001d30       0x3a ./Core/Src/main.o
                0x0000000008001d30                std::_Deque_base<char, std::allocator<char> >::_M_allocate_map(unsigned int)
 .text._ZNSt11_Deque_baseIcSaIcEE15_M_create_nodesEPPcS3_
                0x0000000008001d6a       0x34 ./Core/Src/main.o
                0x0000000008001d6a                std::_Deque_base<char, std::allocator<char> >::_M_create_nodes(char**, char**)
 .text._ZNKSt11_Deque_baseIcSaIcEE20_M_get_map_allocatorEv
                0x0000000008001d9e       0x22 ./Core/Src/main.o
                0x0000000008001d9e                std::_Deque_base<char, std::allocator<char> >::_M_get_map_allocator() const
 .text._ZNSaIPcED2Ev
                0x0000000008001dc0       0x18 ./Core/Src/main.o
                0x0000000008001dc0                std::allocator<char*>::~allocator()
                0x0000000008001dc0                std::allocator<char*>::~allocator()
 .text._ZNSt16allocator_traitsISaIPcEE10deallocateERS1_PS0_j
                0x0000000008001dd8       0x1e ./Core/Src/main.o
                0x0000000008001dd8                std::allocator_traits<std::allocator<char*> >::deallocate(std::allocator<char*>&, char**, unsigned int)
 .text._ZNSt16allocator_traitsISaIcEE10deallocateERS0_Pcj
                0x0000000008001df6       0x1e ./Core/Src/main.o
                0x0000000008001df6                std::allocator_traits<std::allocator<char> >::deallocate(std::allocator<char>&, char*, unsigned int)
 .text._ZStmiRKSt15_Deque_iteratorIcRcPcES4_
                0x0000000008001e14       0x44 ./Core/Src/main.o
                0x0000000008001e14                std::operator-(std::_Deque_iterator<char, char&, char*> const&, std::_Deque_iterator<char, char&, char*> const&)
 .text._ZNSt5dequeIcSaIcEE11_S_max_sizeERKS0_
                0x0000000008001e58       0x34 ./Core/Src/main.o
                0x0000000008001e58                std::deque<char, std::allocator<char> >::_S_max_size(std::allocator<char> const&)
 .text._ZNKSt11_Deque_baseIcSaIcEE19_M_get_Tp_allocatorEv
                0x0000000008001e8c       0x16 ./Core/Src/main.o
                0x0000000008001e8c                std::_Deque_base<char, std::allocator<char> >::_M_get_Tp_allocator() const
 .text._ZNSt5dequeIcSaIcEE17_M_reallocate_mapEjb
                0x0000000008001ea2      0x134 ./Core/Src/main.o
                0x0000000008001ea2                std::deque<char, std::allocator<char> >::_M_reallocate_map(unsigned int, bool)
 .text._ZNSt16allocator_traitsISaIcEE8allocateERS0_j
                0x0000000008001fd6       0x1e ./Core/Src/main.o
                0x0000000008001fd6                std::allocator_traits<std::allocator<char> >::allocate(std::allocator<char>&, unsigned int)
 .text._ZNSt15_Deque_iteratorIcRcPcE14_S_buffer_sizeEv
                0x0000000008001ff4       0x10 ./Core/Src/main.o
                0x0000000008001ff4                std::_Deque_iterator<char, char&, char*>::_S_buffer_size()
 .text._ZNSt7__cxx1112basic_stringIcSt11char_traitsIcESaIcEE12_M_constructISt15_Deque_iteratorIcRcPcEEEvT_SA_St20forward_iterator_tag
                0x0000000008002004       0xe4 ./Core/Src/main.o
                0x0000000008002004                void std::__cxx11::basic_string<char, std::char_traits<char>, std::allocator<char> >::_M_construct<std::_Deque_iterator<char, char&, char*> >(std::_Deque_iterator<char, char&, char*>, std::_Deque_iterator<char, char&, char*>, std::forward_iterator_tag)
 .text._ZNSt15_Deque_iteratorIcRcPcEC2Ev
                0x00000000080020e8       0x2e ./Core/Src/main.o
                0x00000000080020e8                std::_Deque_iterator<char, char&, char*>::_Deque_iterator()
                0x00000000080020e8                std::_Deque_iterator<char, char&, char*>::_Deque_iterator()
 .text._ZNSt16allocator_traitsISaIPcEE8allocateERS1_j
                0x0000000008002116       0x1e ./Core/Src/main.o
                0x0000000008002116                std::allocator_traits<std::allocator<char*> >::allocate(std::allocator<char*>&, unsigned int)
 .text._ZNSaIPcEC2IcEERKSaIT_E
                0x0000000008002134       0x1a ./Core/Src/main.o
                0x0000000008002134                std::allocator<char*>::allocator<char>(std::allocator<char> const&)
                0x0000000008002134                std::allocator<char*>::allocator<char>(std::allocator<char> const&)
 .text._ZN9__gnu_cxx13new_allocatorIPcED2Ev
                0x000000000800214e       0x16 ./Core/Src/main.o
                0x000000000800214e                __gnu_cxx::new_allocator<char*>::~new_allocator()
                0x000000000800214e                __gnu_cxx::new_allocator<char*>::~new_allocator()
 .text._ZN9__gnu_cxx13new_allocatorIPcE10deallocateEPS1_j
                0x0000000008002164       0x20 ./Core/Src/main.o
                0x0000000008002164                __gnu_cxx::new_allocator<char*>::deallocate(char**, unsigned int)
 .text._ZN9__gnu_cxx13new_allocatorIcE10deallocateEPcj
                0x0000000008002184       0x1c ./Core/Src/main.o
                0x0000000008002184                __gnu_cxx::new_allocator<char>::deallocate(char*, unsigned int)
 .text._ZNSt16allocator_traitsISaIcEE8max_sizeERKS0_
                0x00000000080021a0       0x18 ./Core/Src/main.o
                0x00000000080021a0                std::allocator_traits<std::allocator<char> >::max_size(std::allocator<char> const&)
 .text._ZSt3minIjERKT_S2_S2_
                0x00000000080021b8       0x28 ./Core/Src/main.o
                0x00000000080021b8                unsigned int const& std::min<unsigned int>(unsigned int const&, unsigned int const&)
 .text._ZSt4copyIPPcS1_ET0_T_S3_S2_
                0x00000000080021e0       0x30 ./Core/Src/main.o
                0x00000000080021e0                char** std::copy<char**, char**>(char**, char**, char**)
 .text._ZSt13copy_backwardIPPcS1_ET0_T_S3_S2_
                0x0000000008002210       0x30 ./Core/Src/main.o
                0x0000000008002210                char** std::copy_backward<char**, char**>(char**, char**, char**)
 .text._ZN9__gnu_cxx13new_allocatorIcE8allocateEjPKv
                0x0000000008002240       0x38 ./Core/Src/main.o
                0x0000000008002240                __gnu_cxx::new_allocator<char>::allocate(unsigned int, void const*)
 .text._ZN9__gnu_cxx17__is_null_pointerISt15_Deque_iteratorIcRcPcEEEbT_
                0x0000000008002278       0x16 ./Core/Src/main.o
                0x0000000008002278                bool __gnu_cxx::__is_null_pointer<std::_Deque_iterator<char, char&, char*> >(std::_Deque_iterator<char, char&, char*>)
 .text._ZStneRKSt15_Deque_iteratorIcRcPcES4_
                0x000000000800228e       0x22 ./Core/Src/main.o
                0x000000000800228e                std::operator!=(std::_Deque_iterator<char, char&, char*> const&, std::_Deque_iterator<char, char&, char*> const&)
 .text._ZSt8distanceISt15_Deque_iteratorIcRcPcEENSt15iterator_traitsIT_E15difference_typeES5_S5_
                0x00000000080022b0       0x42 ./Core/Src/main.o
                0x00000000080022b0                std::iterator_traits<std::_Deque_iterator<char, char&, char*> >::difference_type std::distance<std::_Deque_iterator<char, char&, char*> >(std::_Deque_iterator<char, char&, char*>, std::_Deque_iterator<char, char&, char*>)
 .text._ZNSt7__cxx1112basic_stringIcSt11char_traitsIcESaIcEE13_S_copy_charsISt15_Deque_iteratorIcRcPcEEEvS8_T_SA_
                0x00000000080022f2       0x40 ./Core/Src/main.o
                0x00000000080022f2                void std::__cxx11::basic_string<char, std::char_traits<char>, std::allocator<char> >::_S_copy_chars<std::_Deque_iterator<char, char&, char*> >(char*, std::_Deque_iterator<char, char&, char*>, std::_Deque_iterator<char, char&, char*>)
 .text._ZN9__gnu_cxx13new_allocatorIPcE8allocateEjPKv
                0x0000000008002332       0x3c ./Core/Src/main.o
                0x0000000008002332                __gnu_cxx::new_allocator<char*>::allocate(unsigned int, void const*)
 .text._ZN9__gnu_cxx13new_allocatorIPcEC2Ev
                0x000000000800236e       0x16 ./Core/Src/main.o
                0x000000000800236e                __gnu_cxx::new_allocator<char*>::new_allocator()
                0x000000000800236e                __gnu_cxx::new_allocator<char*>::new_allocator()
 .text._ZNK9__gnu_cxx13new_allocatorIcE8max_sizeEv
                0x0000000008002384       0x18 ./Core/Src/main.o
                0x0000000008002384                __gnu_cxx::new_allocator<char>::max_size() const
 .text._ZSt12__miter_baseIPPcET_S2_
                0x000000000800239c       0x16 ./Core/Src/main.o
                0x000000000800239c                char** std::__miter_base<char**>(char**)
 .text._ZSt13__copy_move_aILb0EPPcS1_ET1_T0_S3_S2_
                0x00000000080023b2       0x46 ./Core/Src/main.o
                0x00000000080023b2                char** std::__copy_move_a<false, char**, char**>(char**, char**, char**)
 .text._ZSt22__copy_move_backward_aILb0EPPcS1_ET1_T0_S3_S2_
                0x00000000080023f8       0x46 ./Core/Src/main.o
                0x00000000080023f8                char** std::__copy_move_backward_a<false, char**, char**>(char**, char**, char**)
 .text._ZNK9__gnu_cxx13new_allocatorIcE11_M_max_sizeEv
                0x000000000800243e       0x18 ./Core/Src/main.o
                0x000000000800243e                __gnu_cxx::new_allocator<char>::_M_max_size() const
 .text._ZSt19__iterator_categoryISt15_Deque_iteratorIcRcPcEENSt15iterator_traitsIT_E17iterator_categoryERKS5_
                0x0000000008002456       0x16 ./Core/Src/main.o
                0x0000000008002456                std::iterator_traits<std::_Deque_iterator<char, char&, char*> >::iterator_category std::__iterator_category<std::_Deque_iterator<char, char&, char*> >(std::_Deque_iterator<char, char&, char*> const&)
 .text._ZSt10__distanceISt15_Deque_iteratorIcRcPcEENSt15iterator_traitsIT_E15difference_typeES5_S5_St26random_access_iterator_tag
                0x000000000800246c       0x1e ./Core/Src/main.o
                0x000000000800246c                std::iterator_traits<std::_Deque_iterator<char, char&, char*> >::difference_type std::__distance<std::_Deque_iterator<char, char&, char*> >(std::_Deque_iterator<char, char&, char*>, std::_Deque_iterator<char, char&, char*>, std::random_access_iterator_tag)
 .text._ZNSt15_Deque_iteratorIcRcPcEppEv
                0x000000000800248a       0x3e ./Core/Src/main.o
                0x000000000800248a                std::_Deque_iterator<char, char&, char*>::operator++()
 .text._ZNK9__gnu_cxx13new_allocatorIPcE11_M_max_sizeEv
                0x00000000080024c8       0x18 ./Core/Src/main.o
                0x00000000080024c8                __gnu_cxx::new_allocator<char*>::_M_max_size() const
 .text._ZSt12__niter_baseIPPcET_S2_
                0x00000000080024e0       0x16 ./Core/Src/main.o
                0x00000000080024e0                char** std::__niter_base<char**>(char**)
 .text._ZSt14__copy_move_a1ILb0EPPcS1_ET1_T0_S3_S2_
                0x00000000080024f6       0x20 ./Core/Src/main.o
                0x00000000080024f6                char** std::__copy_move_a1<false, char**, char**>(char**, char**, char**)
 .text._ZSt12__niter_wrapIPPcET_RKS2_S2_
                0x0000000008002516       0x18 ./Core/Src/main.o
                0x0000000008002516                char** std::__niter_wrap<char**>(char** const&, char**)
 .text._ZSt23__copy_move_backward_a1ILb0EPPcS1_ET1_T0_S3_S2_
                0x000000000800252e       0x20 ./Core/Src/main.o
                0x000000000800252e                char** std::__copy_move_backward_a1<false, char**, char**>(char**, char**, char**)
 .text._ZSt14__copy_move_a2ILb0EPPcS1_ET1_T0_S3_S2_
                0x000000000800254e       0x20 ./Core/Src/main.o
                0x000000000800254e                char** std::__copy_move_a2<false, char**, char**>(char**, char**, char**)
 .text._ZSt23__copy_move_backward_a2ILb0EPPcS1_ET1_T0_S3_S2_
                0x000000000800256e       0x20 ./Core/Src/main.o
                0x000000000800256e                char** std::__copy_move_backward_a2<false, char**, char**>(char**, char**, char**)
 .text._ZNSt11__copy_moveILb0ELb1ESt26random_access_iterator_tagE8__copy_mIPcEEPT_PKS4_S7_S5_
                0x000000000800258e       0x3a ./Core/Src/main.o
                0x000000000800258e                char** std::__copy_move<false, true, std::random_access_iterator_tag>::__copy_m<char*>(char* const*, char* const*, char**)
 .text._ZNSt20__copy_move_backwardILb0ELb1ESt26random_access_iterator_tagE13__copy_move_bIPcEEPT_PKS4_S7_S5_
                0x00000000080025c8       0x44 ./Core/Src/main.o
                0x00000000080025c8                char** std::__copy_move_backward<false, true, std::random_access_iterator_tag>::__copy_move_b<char*>(char* const*, char* const*, char**)
 .text._ZN10RingBufferD2Ev
                0x000000000800260c       0x1a ./Core/Src/main.o
                0x000000000800260c                RingBuffer::~RingBuffer()
                0x000000000800260c                RingBuffer::~RingBuffer()
 *fill*         0x0000000008002626        0x2 
 .text._Z41__static_initialization_and_destruction_0ii
                0x0000000008002628       0x54 ./Core/Src/main.o
 .text._GLOBAL__sub_I_tmp
                0x000000000800267c       0x10 ./Core/Src/main.o
 .text._GLOBAL__sub_D_tmp
                0x000000000800268c       0x10 ./Core/Src/main.o
 .text.HAL_MspInit
                0x000000000800269c       0x50 ./Core/Src/stm32f4xx_hal_msp.o
                0x000000000800269c                HAL_MspInit
 .text.NMI_Handler
                0x00000000080026ec        0x6 ./Core/Src/stm32f4xx_it.o
                0x00000000080026ec                NMI_Handler
 .text.HardFault_Handler
                0x00000000080026f2        0x6 ./Core/Src/stm32f4xx_it.o
                0x00000000080026f2                HardFault_Handler
 .text.MemManage_Handler
                0x00000000080026f8        0x6 ./Core/Src/stm32f4xx_it.o
                0x00000000080026f8                MemManage_Handler
 .text.BusFault_Handler
                0x00000000080026fe        0x6 ./Core/Src/stm32f4xx_it.o
                0x00000000080026fe                BusFault_Handler
 .text.UsageFault_Handler
                0x0000000008002704        0x6 ./Core/Src/stm32f4xx_it.o
                0x0000000008002704                UsageFault_Handler
 .text.SVC_Handler
                0x000000000800270a        0xe ./Core/Src/stm32f4xx_it.o
                0x000000000800270a                SVC_Handler
 .text.DebugMon_Handler
                0x0000000008002718        0xe ./Core/Src/stm32f4xx_it.o
                0x0000000008002718                DebugMon_Handler
 .text.PendSV_Handler
                0x0000000008002726        0xe ./Core/Src/stm32f4xx_it.o
                0x0000000008002726                PendSV_Handler
 .text.SysTick_Handler
                0x0000000008002734        0xc ./Core/Src/stm32f4xx_it.o
                0x0000000008002734                SysTick_Handler
 .text.USART6_IRQHandler
                0x0000000008002740       0x14 ./Core/Src/stm32f4xx_it.o
                0x0000000008002740                USART6_IRQHandler
 .text._sbrk    0x0000000008002754       0x6c ./Core/Src/sysmem.o
                0x0000000008002754                _sbrk
 .text.SystemInit
                0x00000000080027c0       0x24 ./Core/Src/system_stm32f4xx.o
                0x00000000080027c0                SystemInit
 .text.MX_USART6_UART_Init
                0x00000000080027e4       0x54 ./Core/Src/usart.o
                0x00000000080027e4                MX_USART6_UART_Init
 .text.HAL_UART_MspInit
                0x0000000008002838       0xa0 ./Core/Src/usart.o
                0x0000000008002838                HAL_UART_MspInit
 .text.Reset_Handler
                0x00000000080028d8       0x50 ./Core/Startup/startup_stm32f427vitx.o
                0x00000000080028d8                Reset_Handler
 .text.Default_Handler
                0x0000000008002928        0x2 ./Core/Startup/startup_stm32f427vitx.o
                0x0000000008002928                RTC_Alarm_IRQHandler
                0x0000000008002928                HASH_RNG_IRQHandler
                0x0000000008002928                EXTI2_IRQHandler
                0x0000000008002928                TIM8_CC_IRQHandler
                0x0000000008002928                UART8_IRQHandler
                0x0000000008002928                SPI4_IRQHandler
                0x0000000008002928                TIM1_CC_IRQHandler
                0x0000000008002928                DMA2_Stream5_IRQHandler
                0x0000000008002928                DMA1_Stream5_IRQHandler
                0x0000000008002928                PVD_IRQHandler
                0x0000000008002928                SDIO_IRQHandler
                0x0000000008002928                TAMP_STAMP_IRQHandler
                0x0000000008002928                CAN2_RX1_IRQHandler
                0x0000000008002928                EXTI3_IRQHandler
                0x0000000008002928                TIM8_TRG_COM_TIM14_IRQHandler
                0x0000000008002928                TIM1_UP_TIM10_IRQHandler
                0x0000000008002928                TIM8_UP_TIM13_IRQHandler
                0x0000000008002928                I2C3_ER_IRQHandler
                0x0000000008002928                EXTI0_IRQHandler
                0x0000000008002928                I2C2_EV_IRQHandler
                0x0000000008002928                DMA1_Stream2_IRQHandler
                0x0000000008002928                CAN1_RX0_IRQHandler
                0x0000000008002928                FPU_IRQHandler
                0x0000000008002928                OTG_HS_WKUP_IRQHandler
                0x0000000008002928                CAN2_SCE_IRQHandler
                0x0000000008002928                DMA2_Stream2_IRQHandler
                0x0000000008002928                SPI1_IRQHandler
                0x0000000008002928                TIM6_DAC_IRQHandler
                0x0000000008002928                TIM1_BRK_TIM9_IRQHandler
                0x0000000008002928                DCMI_IRQHandler
                0x0000000008002928                CAN2_RX0_IRQHandler
                0x0000000008002928                DMA2_Stream3_IRQHandler
                0x0000000008002928                USART3_IRQHandler
                0x0000000008002928                CAN1_RX1_IRQHandler
                0x0000000008002928                UART5_IRQHandler
                0x0000000008002928                DMA2_Stream0_IRQHandler
                0x0000000008002928                TIM4_IRQHandler
                0x0000000008002928                I2C1_EV_IRQHandler
                0x0000000008002928                DMA1_Stream6_IRQHandler
                0x0000000008002928                DMA1_Stream1_IRQHandler
                0x0000000008002928                UART4_IRQHandler
                0x0000000008002928                TIM3_IRQHandler
                0x0000000008002928                RCC_IRQHandler
                0x0000000008002928                TIM8_BRK_TIM12_IRQHandler
                0x0000000008002928                Default_Handler
                0x0000000008002928                EXTI15_10_IRQHandler
                0x0000000008002928                ADC_IRQHandler
                0x0000000008002928                DMA1_Stream7_IRQHandler
                0x0000000008002928                SPI5_IRQHandler
                0x0000000008002928                TIM7_IRQHandler
                0x0000000008002928                CAN2_TX_IRQHandler
                0x0000000008002928                TIM5_IRQHandler
                0x0000000008002928                DMA2_Stream7_IRQHandler
                0x0000000008002928                I2C3_EV_IRQHandler
                0x0000000008002928                EXTI9_5_IRQHandler
                0x0000000008002928                RTC_WKUP_IRQHandler
                0x0000000008002928                ETH_WKUP_IRQHandler
                0x0000000008002928                SPI2_IRQHandler
                0x0000000008002928                OTG_HS_EP1_IN_IRQHandler
                0x0000000008002928                DMA1_Stream0_IRQHandler
                0x0000000008002928                CAN1_TX_IRQHandler
                0x0000000008002928                EXTI4_IRQHandler
                0x0000000008002928                ETH_IRQHandler
                0x0000000008002928                OTG_HS_EP1_OUT_IRQHandler
                0x0000000008002928                WWDG_IRQHandler
                0x0000000008002928                SPI6_IRQHandler
                0x0000000008002928                TIM2_IRQHandler
                0x0000000008002928                OTG_FS_WKUP_IRQHandler
                0x0000000008002928                TIM1_TRG_COM_TIM11_IRQHandler
                0x0000000008002928                OTG_HS_IRQHandler
                0x0000000008002928                DMA2D_IRQHandler
                0x0000000008002928                EXTI1_IRQHandler
                0x0000000008002928                UART7_IRQHandler
                0x0000000008002928                USART2_IRQHandler
                0x0000000008002928                I2C2_ER_IRQHandler
                0x0000000008002928                DMA2_Stream1_IRQHandler
                0x0000000008002928                CAN1_SCE_IRQHandler
                0x0000000008002928                FLASH_IRQHandler
                0x0000000008002928                DMA2_Stream4_IRQHandler
                0x0000000008002928                USART1_IRQHandler
                0x0000000008002928                OTG_FS_IRQHandler
                0x0000000008002928                SPI3_IRQHandler
                0x0000000008002928                DMA1_Stream4_IRQHandler
                0x0000000008002928                I2C1_ER_IRQHandler
                0x0000000008002928                FMC_IRQHandler
                0x0000000008002928                DMA2_Stream6_IRQHandler
                0x0000000008002928                SAI1_IRQHandler
                0x0000000008002928                DMA1_Stream3_IRQHandler
 *fill*         0x000000000800292a        0x2 
 .text.HAL_Init
                0x000000000800292c       0x44 ./Drivers/STM32F4xx_HAL_Driver/Src/stm32f4xx_hal.o
                0x000000000800292c                HAL_Init
 .text.HAL_InitTick
                0x0000000008002970       0x60 ./Drivers/STM32F4xx_HAL_Driver/Src/stm32f4xx_hal.o
                0x0000000008002970                HAL_InitTick
 .text.HAL_IncTick
                0x00000000080029d0       0x28 ./Drivers/STM32F4xx_HAL_Driver/Src/stm32f4xx_hal.o
                0x00000000080029d0                HAL_IncTick
 .text.HAL_GetTick
                0x00000000080029f8       0x18 ./Drivers/STM32F4xx_HAL_Driver/Src/stm32f4xx_hal.o
                0x00000000080029f8                HAL_GetTick
 .text.__NVIC_SetPriorityGrouping
                0x0000000008002a10       0x48 ./Drivers/STM32F4xx_HAL_Driver/Src/stm32f4xx_hal_cortex.o
 .text.__NVIC_GetPriorityGrouping
                0x0000000008002a58       0x1c ./Drivers/STM32F4xx_HAL_Driver/Src/stm32f4xx_hal_cortex.o
 .text.__NVIC_EnableIRQ
                0x0000000008002a74       0x3c ./Drivers/STM32F4xx_HAL_Driver/Src/stm32f4xx_hal_cortex.o
 .text.__NVIC_SetPriority
                0x0000000008002ab0       0x54 ./Drivers/STM32F4xx_HAL_Driver/Src/stm32f4xx_hal_cortex.o
 .text.NVIC_EncodePriority
                0x0000000008002b04       0x66 ./Drivers/STM32F4xx_HAL_Driver/Src/stm32f4xx_hal_cortex.o
 *fill*         0x0000000008002b6a        0x2 
 .text.SysTick_Config
                0x0000000008002b6c       0x44 ./Drivers/STM32F4xx_HAL_Driver/Src/stm32f4xx_hal_cortex.o
 .text.HAL_NVIC_SetPriorityGrouping
                0x0000000008002bb0       0x16 ./Drivers/STM32F4xx_HAL_Driver/Src/stm32f4xx_hal_cortex.o
                0x0000000008002bb0                HAL_NVIC_SetPriorityGrouping
 .text.HAL_NVIC_SetPriority
                0x0000000008002bc6       0x38 ./Drivers/STM32F4xx_HAL_Driver/Src/stm32f4xx_hal_cortex.o
                0x0000000008002bc6                HAL_NVIC_SetPriority
 .text.HAL_NVIC_EnableIRQ
                0x0000000008002bfe       0x1c ./Drivers/STM32F4xx_HAL_Driver/Src/stm32f4xx_hal_cortex.o
                0x0000000008002bfe                HAL_NVIC_EnableIRQ
 .text.HAL_SYSTICK_Config
                0x0000000008002c1a       0x18 ./Drivers/STM32F4xx_HAL_Driver/Src/stm32f4xx_hal_cortex.o
                0x0000000008002c1a                HAL_SYSTICK_Config
 .text.HAL_DMA_Abort
                0x0000000008002c32       0xe0 ./Drivers/STM32F4xx_HAL_Driver/Src/stm32f4xx_hal_dma.o
                0x0000000008002c32                HAL_DMA_Abort
 .text.HAL_DMA_Abort_IT
                0x0000000008002d12       0x44 ./Drivers/STM32F4xx_HAL_Driver/Src/stm32f4xx_hal_dma.o
                0x0000000008002d12                HAL_DMA_Abort_IT
 *fill*         0x0000000008002d56        0x2 
 .text.HAL_GPIO_Init
                0x0000000008002d58      0x358 ./Drivers/STM32F4xx_HAL_Driver/Src/stm32f4xx_hal_gpio.o
                0x0000000008002d58                HAL_GPIO_Init
 .text.HAL_GPIO_ReadPin
                0x00000000080030b0       0x30 ./Drivers/STM32F4xx_HAL_Driver/Src/stm32f4xx_hal_gpio.o
                0x00000000080030b0                HAL_GPIO_ReadPin
 .text.HAL_GPIO_WritePin
                0x00000000080030e0       0x32 ./Drivers/STM32F4xx_HAL_Driver/Src/stm32f4xx_hal_gpio.o
                0x00000000080030e0                HAL_GPIO_WritePin
 *fill*         0x0000000008003112        0x2 
 .text.HAL_RCC_OscConfig
                0x0000000008003114      0x4f0 ./Drivers/STM32F4xx_HAL_Driver/Src/stm32f4xx_hal_rcc.o
                0x0000000008003114                HAL_RCC_OscConfig
 .text.HAL_RCC_ClockConfig
                0x0000000008003604      0x1cc ./Drivers/STM32F4xx_HAL_Driver/Src/stm32f4xx_hal_rcc.o
                0x0000000008003604                HAL_RCC_ClockConfig
 .text.HAL_RCC_GetSysClockFreq
                0x00000000080037d0      0x18c ./Drivers/STM32F4xx_HAL_Driver/Src/stm32f4xx_hal_rcc.o
                0x00000000080037d0                HAL_RCC_GetSysClockFreq
 .text.HAL_RCC_GetHCLKFreq
                0x000000000800395c       0x18 ./Drivers/STM32F4xx_HAL_Driver/Src/stm32f4xx_hal_rcc.o
                0x000000000800395c                HAL_RCC_GetHCLKFreq
 .text.HAL_RCC_GetPCLK1Freq
                0x0000000008003974       0x28 ./Drivers/STM32F4xx_HAL_Driver/Src/stm32f4xx_hal_rcc.o
                0x0000000008003974                HAL_RCC_GetPCLK1Freq
 .text.HAL_RCC_GetPCLK2Freq
                0x000000000800399c       0x28 ./Drivers/STM32F4xx_HAL_Driver/Src/stm32f4xx_hal_rcc.o
                0x000000000800399c                HAL_RCC_GetPCLK2Freq
 .text.HAL_UART_Init
                0x00000000080039c4       0x9a ./Drivers/STM32F4xx_HAL_Driver/Src/stm32f4xx_hal_uart.o
                0x00000000080039c4                HAL_UART_Init
 .text.HAL_UART_Transmit
                0x0000000008003a5e      0x124 ./Drivers/STM32F4xx_HAL_Driver/Src/stm32f4xx_hal_uart.o
                0x0000000008003a5e                HAL_UART_Transmit
 .text.HAL_UART_Receive
                0x0000000008003b82      0x144 ./Drivers/STM32F4xx_HAL_Driver/Src/stm32f4xx_hal_uart.o
                0x0000000008003b82                HAL_UART_Receive
 .text.HAL_UART_Transmit_IT
                0x0000000008003cc6       0x8a ./Drivers/STM32F4xx_HAL_Driver/Src/stm32f4xx_hal_uart.o
                0x0000000008003cc6                HAL_UART_Transmit_IT
 .text.HAL_UART_Receive_IT
                0x0000000008003d50       0x60 ./Drivers/STM32F4xx_HAL_Driver/Src/stm32f4xx_hal_uart.o
                0x0000000008003d50                HAL_UART_Receive_IT
 .text.HAL_UART_IRQHandler
                0x0000000008003db0      0x51c ./Drivers/STM32F4xx_HAL_Driver/Src/stm32f4xx_hal_uart.o
                0x0000000008003db0                HAL_UART_IRQHandler
 .text.HAL_UART_ErrorCallback
                0x00000000080042cc       0x14 ./Drivers/STM32F4xx_HAL_Driver/Src/stm32f4xx_hal_uart.o
                0x00000000080042cc                HAL_UART_ErrorCallback
 .text.HAL_UARTEx_RxEventCallback
                0x00000000080042e0       0x18 ./Drivers/STM32F4xx_HAL_Driver/Src/stm32f4xx_hal_uart.o
                0x00000000080042e0                HAL_UARTEx_RxEventCallback
 .text.UART_WaitOnFlagUntilTimeout
                0x00000000080042f8       0xdc ./Drivers/STM32F4xx_HAL_Driver/Src/stm32f4xx_hal_uart.o
 .text.UART_Start_Receive_IT
                0x00000000080043d4       0x7c ./Drivers/STM32F4xx_HAL_Driver/Src/stm32f4xx_hal_uart.o
                0x00000000080043d4                UART_Start_Receive_IT
 .text.UART_EndRxTransfer
                0x0000000008004450       0xc6 ./Drivers/STM32F4xx_HAL_Driver/Src/stm32f4xx_hal_uart.o
 .text.UART_DMAAbortOnError
                0x0000000008004516       0x28 ./Drivers/STM32F4xx_HAL_Driver/Src/stm32f4xx_hal_uart.o
 .text.UART_Transmit_IT
                0x000000000800453e       0xa0 ./Drivers/STM32F4xx_HAL_Driver/Src/stm32f4xx_hal_uart.o
 .text.UART_EndTransmit_IT
                0x00000000080045de       0x30 ./Drivers/STM32F4xx_HAL_Driver/Src/stm32f4xx_hal_uart.o
 .text.UART_Receive_IT
                0x000000000800460e      0x176 ./Drivers/STM32F4xx_HAL_Driver/Src/stm32f4xx_hal_uart.o
 .text.UART_SetConfig
                0x0000000008004784      0x4e8 ./Drivers/STM32F4xx_HAL_Driver/Src/stm32f4xx_hal_uart.o
 .text._getpid  0x0000000008004c6c        0x4 c:/st/stm32cubeide_1.9.0/stm32cubeide/plugins/com.st.stm32cube.ide.mcu.externaltools.gnu-tools-for-stm32.10.3-2021.10.win32_1.0.0.202111181127/tools/bin/../lib/gcc/arm-none-eabi/10.3.1/../../../../arm-none-eabi/lib/thumb/v7e-m+fp/hard\librdimon_nano.a(rdimon-syscalls.o)
                0x0000000008004c6c                _getpid
 .text._ZdlPvj  0x0000000008004c70        0x4 c:/st/stm32cubeide_1.9.0/stm32cubeide/plugins/com.st.stm32cube.ide.mcu.externaltools.gnu-tools-for-stm32.10.3-2021.10.win32_1.0.0.202111181127/tools/bin/../lib/gcc/arm-none-eabi/10.3.1/../../../../arm-none-eabi/lib/thumb/v7e-m+fp/hard\libstdc++_nano.a(del_ops.o)
                0x0000000008004c70                operator delete(void*, unsigned int)
 .text._Znwj    0x0000000008004c74       0x22 c:/st/stm32cubeide_1.9.0/stm32cubeide/plugins/com.st.stm32cube.ide.mcu.externaltools.gnu-tools-for-stm32.10.3-2021.10.win32_1.0.0.202111181127/tools/bin/../lib/gcc/arm-none-eabi/10.3.1/../../../../arm-none-eabi/lib/thumb/v7e-m+fp/hard\libstdc++_nano.a(new_op.o)
                0x0000000008004c74                operator new(unsigned int)
 .text._ZNSaIcEC2Ev
                0x0000000008004c96        0x2 c:/st/stm32cubeide_1.9.0/stm32cubeide/plugins/com.st.stm32cube.ide.mcu.externaltools.gnu-tools-for-stm32.10.3-2021.10.win32_1.0.0.202111181127/tools/bin/../lib/gcc/arm-none-eabi/10.3.1/../../../../arm-none-eabi/lib/thumb/v7e-m+fp/hard\libstdc++_nano.a(allocator-inst.o)
                0x0000000008004c96                std::allocator<char>::allocator()
                0x0000000008004c96                std::allocator<char>::allocator()
 .text._ZNSaIcED2Ev
                0x0000000008004c98        0x2 c:/st/stm32cubeide_1.9.0/stm32cubeide/plugins/com.st.stm32cube.ide.mcu.externaltools.gnu-tools-for-stm32.10.3-2021.10.win32_1.0.0.202111181127/tools/bin/../lib/gcc/arm-none-eabi/10.3.1/../../../../arm-none-eabi/lib/thumb/v7e-m+fp/hard\libstdc++_nano.a(allocator-inst.o)
                0x0000000008004c98                std::allocator<char>::~allocator()
                0x0000000008004c98                std::allocator<char>::~allocator()
 .text.unlikely._ZSt17__throw_bad_allocv
                0x0000000008004c9a        0x6 c:/st/stm32cubeide_1.9.0/stm32cubeide/plugins/com.st.stm32cube.ide.mcu.externaltools.gnu-tools-for-stm32.10.3-2021.10.win32_1.0.0.202111181127/tools/bin/../lib/gcc/arm-none-eabi/10.3.1/../../../../arm-none-eabi/lib/thumb/v7e-m+fp/hard\libstdc++_nano.a(functexcept.o)
                0x0000000008004c9a                std::__throw_bad_alloc()
 .text.unlikely._ZSt19__throw_logic_errorPKc
                0x0000000008004ca0        0x6 c:/st/stm32cubeide_1.9.0/stm32cubeide/plugins/com.st.stm32cube.ide.mcu.externaltools.gnu-tools-for-stm32.10.3-2021.10.win32_1.0.0.202111181127/tools/bin/../lib/gcc/arm-none-eabi/10.3.1/../../../../arm-none-eabi/lib/thumb/v7e-m+fp/hard\libstdc++_nano.a(functexcept.o)
                0x0000000008004ca0                std::__throw_logic_error(char const*)
 .text.unlikely._ZSt20__throw_length_errorPKc
                0x0000000008004ca6        0x6 c:/st/stm32cubeide_1.9.0/stm32cubeide/plugins/com.st.stm32cube.ide.mcu.externaltools.gnu-tools-for-stm32.10.3-2021.10.win32_1.0.0.202111181127/tools/bin/../lib/gcc/arm-none-eabi/10.3.1/../../../../arm-none-eabi/lib/thumb/v7e-m+fp/hard\libstdc++_nano.a(functexcept.o)
                0x0000000008004ca6                std::__throw_length_error(char const*)
 .text._ZNSt7__cxx1112basic_stringIcSt11char_traitsIcESaIcEE7_M_dataEPc
                0x0000000008004cac        0x4 c:/st/stm32cubeide_1.9.0/stm32cubeide/plugins/com.st.stm32cube.ide.mcu.externaltools.gnu-tools-for-stm32.10.3-2021.10.win32_1.0.0.202111181127/tools/bin/../lib/gcc/arm-none-eabi/10.3.1/../../../../arm-none-eabi/lib/thumb/v7e-m+fp/hard\libstdc++_nano.a(string-inst.o)
                0x0000000008004cac                std::__cxx11::basic_string<char, std::char_traits<char>, std::allocator<char> >::_M_data(char*)
 .text._ZNKSt7__cxx1112basic_stringIcSt11char_traitsIcESaIcEE7_M_dataEv
                0x0000000008004cb0        0x4 c:/st/stm32cubeide_1.9.0/stm32cubeide/plugins/com.st.stm32cube.ide.mcu.externaltools.gnu-tools-for-stm32.10.3-2021.10.win32_1.0.0.202111181127/tools/bin/../lib/gcc/arm-none-eabi/10.3.1/../../../../arm-none-eabi/lib/thumb/v7e-m+fp/hard\libstdc++_nano.a(string-inst.o)
                0x0000000008004cb0                std::__cxx11::basic_string<char, std::char_traits<char>, std::allocator<char> >::_M_data() const
 .text._ZNSt7__cxx1112basic_stringIcSt11char_traitsIcESaIcEE13_M_local_dataEv
                0x0000000008004cb4        0x4 c:/st/stm32cubeide_1.9.0/stm32cubeide/plugins/com.st.stm32cube.ide.mcu.externaltools.gnu-tools-for-stm32.10.3-2021.10.win32_1.0.0.202111181127/tools/bin/../lib/gcc/arm-none-eabi/10.3.1/../../../../arm-none-eabi/lib/thumb/v7e-m+fp/hard\libstdc++_nano.a(string-inst.o)
                0x0000000008004cb4                std::__cxx11::basic_string<char, std::char_traits<char>, std::allocator<char> >::_M_local_data()
 .text._ZNSt7__cxx1112basic_stringIcSt11char_traitsIcESaIcEE11_M_capacityEj
                0x0000000008004cb8        0x4 c:/st/stm32cubeide_1.9.0/stm32cubeide/plugins/com.st.stm32cube.ide.mcu.externaltools.gnu-tools-for-stm32.10.3-2021.10.win32_1.0.0.202111181127/tools/bin/../lib/gcc/arm-none-eabi/10.3.1/../../../../arm-none-eabi/lib/thumb/v7e-m+fp/hard\libstdc++_nano.a(string-inst.o)
                0x0000000008004cb8                std::__cxx11::basic_string<char, std::char_traits<char>, std::allocator<char> >::_M_capacity(unsigned int)
 .text._ZNSt7__cxx1112basic_stringIcSt11char_traitsIcESaIcEE13_M_set_lengthEj
                0x0000000008004cbc        0xa c:/st/stm32cubeide_1.9.0/stm32cubeide/plugins/com.st.stm32cube.ide.mcu.externaltools.gnu-tools-for-stm32.10.3-2021.10.win32_1.0.0.202111181127/tools/bin/../lib/gcc/arm-none-eabi/10.3.1/../../../../arm-none-eabi/lib/thumb/v7e-m+fp/hard\libstdc++_nano.a(string-inst.o)
                0x0000000008004cbc                std::__cxx11::basic_string<char, std::char_traits<char>, std::allocator<char> >::_M_set_length(unsigned int)
 *fill*         0x0000000008004cc6        0x2 
 .text._ZNSt7__cxx1112basic_stringIcSt11char_traitsIcESaIcEE9_M_createERjj
                0x0000000008004cc8       0x44 c:/st/stm32cubeide_1.9.0/stm32cubeide/plugins/com.st.stm32cube.ide.mcu.externaltools.gnu-tools-for-stm32.10.3-2021.10.win32_1.0.0.202111181127/tools/bin/../lib/gcc/arm-none-eabi/10.3.1/../../../../arm-none-eabi/lib/thumb/v7e-m+fp/hard\libstdc++_nano.a(string-inst.o)
                0x0000000008004cc8                std::__cxx11::basic_string<char, std::char_traits<char>, std::allocator<char> >::_M_create(unsigned int&, unsigned int)
 .text._ZNSt7__cxx1112basic_stringIcSt11char_traitsIcESaIcEE10_M_disposeEv
                0x0000000008004d0c       0x10 c:/st/stm32cubeide_1.9.0/stm32cubeide/plugins/com.st.stm32cube.ide.mcu.externaltools.gnu-tools-for-stm32.10.3-2021.10.win32_1.0.0.202111181127/tools/bin/../lib/gcc/arm-none-eabi/10.3.1/../../../../arm-none-eabi/lib/thumb/v7e-m+fp/hard\libstdc++_nano.a(string-inst.o)
                0x0000000008004d0c                std::__cxx11::basic_string<char, std::char_traits<char>, std::allocator<char> >::_M_dispose()
 .text._ZNSt7__cxx1112basic_stringIcSt11char_traitsIcESaIcEED2Ev
                0x0000000008004d1c        0xc c:/st/stm32cubeide_1.9.0/stm32cubeide/plugins/com.st.stm32cube.ide.mcu.externaltools.gnu-tools-for-stm32.10.3-2021.10.win32_1.0.0.202111181127/tools/bin/../lib/gcc/arm-none-eabi/10.3.1/../../../../arm-none-eabi/lib/thumb/v7e-m+fp/hard\libstdc++_nano.a(string-inst.o)
                0x0000000008004d1c                std::__cxx11::basic_string<char, std::char_traits<char>, std::allocator<char> >::~basic_string()
                0x0000000008004d1c                std::__cxx11::basic_string<char, std::char_traits<char>, std::allocator<char> >::~basic_string()
 .text._ZNKSt7__cxx1112basic_stringIcSt11char_traitsIcESaIcEE4sizeEv
                0x0000000008004d28        0x4 c:/st/stm32cubeide_1.9.0/stm32cubeide/plugins/com.st.stm32cube.ide.mcu.externaltools.gnu-tools-for-stm32.10.3-2021.10.win32_1.0.0.202111181127/tools/bin/../lib/gcc/arm-none-eabi/10.3.1/../../../../arm-none-eabi/lib/thumb/v7e-m+fp/hard\libstdc++_nano.a(string-inst.o)
                0x0000000008004d28                std::__cxx11::basic_string<char, std::char_traits<char>, std::allocator<char> >::size() const
 .text._ZNKSt7__cxx1112basic_stringIcSt11char_traitsIcESaIcEE5c_strEv
                0x0000000008004d2c        0x4 c:/st/stm32cubeide_1.9.0/stm32cubeide/plugins/com.st.stm32cube.ide.mcu.externaltools.gnu-tools-for-stm32.10.3-2021.10.win32_1.0.0.202111181127/tools/bin/../lib/gcc/arm-none-eabi/10.3.1/../../../../arm-none-eabi/lib/thumb/v7e-m+fp/hard\libstdc++_nano.a(string-inst.o)
                0x0000000008004d2c                std::__cxx11::basic_string<char, std::char_traits<char>, std::allocator<char> >::c_str() const
 .text._ZNSt7__cxx1112basic_stringIcSt11char_traitsIcESaIcEE12_Alloc_hiderC2EPcRKS3_
                0x0000000008004d30        0x4 c:/st/stm32cubeide_1.9.0/stm32cubeide/plugins/com.st.stm32cube.ide.mcu.externaltools.gnu-tools-for-stm32.10.3-2021.10.win32_1.0.0.202111181127/tools/bin/../lib/gcc/arm-none-eabi/10.3.1/../../../../arm-none-eabi/lib/thumb/v7e-m+fp/hard\libstdc++_nano.a(string-inst.o)
                0x0000000008004d30                std::__cxx11::basic_string<char, std::char_traits<char>, std::allocator<char> >::_Alloc_hider::_Alloc_hider(char*, std::allocator<char> const&)
                0x0000000008004d30                std::__cxx11::basic_string<char, std::char_traits<char>, std::allocator<char> >::_Alloc_hider::_Alloc_hider(char*, std::allocator<char> const&)
 .text._ZdlPv   0x0000000008004d34        0x4 c:/st/stm32cubeide_1.9.0/stm32cubeide/plugins/com.st.stm32cube.ide.mcu.externaltools.gnu-tools-for-stm32.10.3-2021.10.win32_1.0.0.202111181127/tools/bin/../lib/gcc/arm-none-eabi/10.3.1/../../../../arm-none-eabi/lib/thumb/v7e-m+fp/hard\libstdc++_nano.a(del_op.o)
                0x0000000008004d34                operator delete(void*)
 .text._ZSt15get_new_handlerv
                0x0000000008004d38       0x10 c:/st/stm32cubeide_1.9.0/stm32cubeide/plugins/com.st.stm32cube.ide.mcu.externaltools.gnu-tools-for-stm32.10.3-2021.10.win32_1.0.0.202111181127/tools/bin/../lib/gcc/arm-none-eabi/10.3.1/../../../../arm-none-eabi/lib/thumb/v7e-m+fp/hard\libstdc++_nano.a(new_handler.o)
                0x0000000008004d38                std::get_new_handler()
 .text.abort    0x0000000008004d48        0xe c:/st/stm32cubeide_1.9.0/stm32cubeide/plugins/com.st.stm32cube.ide.mcu.externaltools.gnu-tools-for-stm32.10.3-2021.10.win32_1.0.0.202111181127/tools/bin/../lib/gcc/arm-none-eabi/10.3.1/../../../../arm-none-eabi/lib/thumb/v7e-m+fp/hard\libc_nano.a(lib_a-abort.o)
                0x0000000008004d48                abort
 *fill*         0x0000000008004d56        0x2 
 .text.__errno  0x0000000008004d58        0xc c:/st/stm32cubeide_1.9.0/stm32cubeide/plugins/com.st.stm32cube.ide.mcu.externaltools.gnu-tools-for-stm32.10.3-2021.10.win32_1.0.0.202111181127/tools/bin/../lib/gcc/arm-none-eabi/10.3.1/../../../../arm-none-eabi/lib/thumb/v7e-m+fp/hard\libc_nano.a(lib_a-errno.o)
                0x0000000008004d58                __errno
 .text.__libc_init_array
                0x0000000008004d64       0x48 c:/st/stm32cubeide_1.9.0/stm32cubeide/plugins/com.st.stm32cube.ide.mcu.externaltools.gnu-tools-for-stm32.10.3-2021.10.win32_1.0.0.202111181127/tools/bin/../lib/gcc/arm-none-eabi/10.3.1/../../../../arm-none-eabi/lib/thumb/v7e-m+fp/hard\libc_nano.a(lib_a-init.o)
                0x0000000008004d64                __libc_init_array
 .text.__retarget_lock_acquire_recursive
                0x0000000008004dac        0x2 c:/st/stm32cubeide_1.9.0/stm32cubeide/plugins/com.st.stm32cube.ide.mcu.externaltools.gnu-tools-for-stm32.10.3-2021.10.win32_1.0.0.202111181127/tools/bin/../lib/gcc/arm-none-eabi/10.3.1/../../../../arm-none-eabi/lib/thumb/v7e-m+fp/hard\libc_nano.a(lib_a-lock.o)
                0x0000000008004dac                __retarget_lock_acquire_recursive
 .text.__retarget_lock_release_recursive
                0x0000000008004dae        0x2 c:/st/stm32cubeide_1.9.0/stm32cubeide/plugins/com.st.stm32cube.ide.mcu.externaltools.gnu-tools-for-stm32.10.3-2021.10.win32_1.0.0.202111181127/tools/bin/../lib/gcc/arm-none-eabi/10.3.1/../../../../arm-none-eabi/lib/thumb/v7e-m+fp/hard\libc_nano.a(lib_a-lock.o)
                0x0000000008004dae                __retarget_lock_release_recursive
 .text.malloc   0x0000000008004db0       0x10 c:/st/stm32cubeide_1.9.0/stm32cubeide/plugins/com.st.stm32cube.ide.mcu.externaltools.gnu-tools-for-stm32.10.3-2021.10.win32_1.0.0.202111181127/tools/bin/../lib/gcc/arm-none-eabi/10.3.1/../../../../arm-none-eabi/lib/thumb/v7e-m+fp/hard\libc_nano.a(lib_a-malloc.o)
                0x0000000008004db0                malloc
 .text.free     0x0000000008004dc0       0x10 c:/st/stm32cubeide_1.9.0/stm32cubeide/plugins/com.st.stm32cube.ide.mcu.externaltools.gnu-tools-for-stm32.10.3-2021.10.win32_1.0.0.202111181127/tools/bin/../lib/gcc/arm-none-eabi/10.3.1/../../../../arm-none-eabi/lib/thumb/v7e-m+fp/hard\libc_nano.a(lib_a-malloc.o)
                0x0000000008004dc0                free
 .text.memmove  0x0000000008004dd0       0x34 c:/st/stm32cubeide_1.9.0/stm32cubeide/plugins/com.st.stm32cube.ide.mcu.externaltools.gnu-tools-for-stm32.10.3-2021.10.win32_1.0.0.202111181127/tools/bin/../lib/gcc/arm-none-eabi/10.3.1/../../../../arm-none-eabi/lib/thumb/v7e-m+fp/hard\libc_nano.a(lib_a-memmove.o)
                0x0000000008004dd0                memmove
 .text.memset   0x0000000008004e04       0x10 c:/st/stm32cubeide_1.9.0/stm32cubeide/plugins/com.st.stm32cube.ide.mcu.externaltools.gnu-tools-for-stm32.10.3-2021.10.win32_1.0.0.202111181127/tools/bin/../lib/gcc/arm-none-eabi/10.3.1/../../../../arm-none-eabi/lib/thumb/v7e-m+fp/hard\libc_nano.a(lib_a-memset.o)
                0x0000000008004e04                memset
 .text._free_r  0x0000000008004e14       0x98 c:/st/stm32cubeide_1.9.0/stm32cubeide/plugins/com.st.stm32cube.ide.mcu.externaltools.gnu-tools-for-stm32.10.3-2021.10.win32_1.0.0.202111181127/tools/bin/../lib/gcc/arm-none-eabi/10.3.1/../../../../arm-none-eabi/lib/thumb/v7e-m+fp/hard\libc_nano.a(lib_a-nano-freer.o)
                0x0000000008004e14                _free_r
 .text.sbrk_aligned
                0x0000000008004eac       0x40 c:/st/stm32cubeide_1.9.0/stm32cubeide/plugins/com.st.stm32cube.ide.mcu.externaltools.gnu-tools-for-stm32.10.3-2021.10.win32_1.0.0.202111181127/tools/bin/../lib/gcc/arm-none-eabi/10.3.1/../../../../arm-none-eabi/lib/thumb/v7e-m+fp/hard\libc_nano.a(lib_a-nano-mallocr.o)
 .text._malloc_r
                0x0000000008004eec       0xe8 c:/st/stm32cubeide_1.9.0/stm32cubeide/plugins/com.st.stm32cube.ide.mcu.externaltools.gnu-tools-for-stm32.10.3-2021.10.win32_1.0.0.202111181127/tools/bin/../lib/gcc/arm-none-eabi/10.3.1/../../../../arm-none-eabi/lib/thumb/v7e-m+fp/hard\libc_nano.a(lib_a-nano-mallocr.o)
                0x0000000008004eec                _malloc_r
 .text._sbrk_r  0x0000000008004fd4       0x20 c:/st/stm32cubeide_1.9.0/stm32cubeide/plugins/com.st.stm32cube.ide.mcu.externaltools.gnu-tools-for-stm32.10.3-2021.10.win32_1.0.0.202111181127/tools/bin/../lib/gcc/arm-none-eabi/10.3.1/../../../../arm-none-eabi/lib/thumb/v7e-m+fp/hard\libc_nano.a(lib_a-sbrkr.o)
                0x0000000008004fd4                _sbrk_r
 .text._raise_r
                0x0000000008004ff4       0x50 c:/st/stm32cubeide_1.9.0/stm32cubeide/plugins/com.st.stm32cube.ide.mcu.externaltools.gnu-tools-for-stm32.10.3-2021.10.win32_1.0.0.202111181127/tools/bin/../lib/gcc/arm-none-eabi/10.3.1/../../../../arm-none-eabi/lib/thumb/v7e-m+fp/hard\libc_nano.a(lib_a-signal.o)
                0x0000000008004ff4                _raise_r
 .text.raise    0x0000000008005044       0x10 c:/st/stm32cubeide_1.9.0/stm32cubeide/plugins/com.st.stm32cube.ide.mcu.externaltools.gnu-tools-for-stm32.10.3-2021.10.win32_1.0.0.202111181127/tools/bin/../lib/gcc/arm-none-eabi/10.3.1/../../../../arm-none-eabi/lib/thumb/v7e-m+fp/hard\libc_nano.a(lib_a-signal.o)
                0x0000000008005044                raise
 .text._kill_r  0x0000000008005054       0x24 c:/st/stm32cubeide_1.9.0/stm32cubeide/plugins/com.st.stm32cube.ide.mcu.externaltools.gnu-tools-for-stm32.10.3-2021.10.win32_1.0.0.202111181127/tools/bin/../lib/gcc/arm-none-eabi/10.3.1/../../../../arm-none-eabi/lib/thumb/v7e-m+fp/hard\libc_nano.a(lib_a-signalr.o)
                0x0000000008005054                _kill_r
 .text._getpid_r
                0x0000000008005078        0x4 c:/st/stm32cubeide_1.9.0/stm32cubeide/plugins/com.st.stm32cube.ide.mcu.externaltools.gnu-tools-for-stm32.10.3-2021.10.win32_1.0.0.202111181127/tools/bin/../lib/gcc/arm-none-eabi/10.3.1/../../../../arm-none-eabi/lib/thumb/v7e-m+fp/hard\libc_nano.a(lib_a-signalr.o)
                0x0000000008005078                _getpid_r
 .text.tolower  0x000000000800507c       0x14 c:/st/stm32cubeide_1.9.0/stm32cubeide/plugins/com.st.stm32cube.ide.mcu.externaltools.gnu-tools-for-stm32.10.3-2021.10.win32_1.0.0.202111181127/tools/bin/../lib/gcc/arm-none-eabi/10.3.1/../../../../arm-none-eabi/lib/thumb/v7e-m+fp/hard\libc_nano.a(lib_a-tolower.o)
                0x000000000800507c                tolower
 .text.__malloc_lock
                0x0000000008005090        0xc c:/st/stm32cubeide_1.9.0/stm32cubeide/plugins/com.st.stm32cube.ide.mcu.externaltools.gnu-tools-for-stm32.10.3-2021.10.win32_1.0.0.202111181127/tools/bin/../lib/gcc/arm-none-eabi/10.3.1/../../../../arm-none-eabi/lib/thumb/v7e-m+fp/hard\libc_nano.a(lib_a-mlock.o)
                0x0000000008005090                __malloc_lock
 .text.__malloc_unlock
                0x000000000800509c        0xc c:/st/stm32cubeide_1.9.0/stm32cubeide/plugins/com.st.stm32cube.ide.mcu.externaltools.gnu-tools-for-stm32.10.3-2021.10.win32_1.0.0.202111181127/tools/bin/../lib/gcc/arm-none-eabi/10.3.1/../../../../arm-none-eabi/lib/thumb/v7e-m+fp/hard\libc_nano.a(lib_a-mlock.o)
                0x000000000800509c                __malloc_unlock
 .text._kill    0x00000000080050a8       0x10 c:/st/stm32cubeide_1.9.0/stm32cubeide/plugins/com.st.stm32cube.ide.mcu.externaltools.gnu-tools-for-stm32.10.3-2021.10.win32_1.0.0.202111181127/tools/bin/../lib/gcc/arm-none-eabi/10.3.1/../../../../arm-none-eabi/lib/thumb/v7e-m+fp/hard\libnosys.a(kill.o)
                0x00000000080050a8                _kill
 .text._exit    0x00000000080050b8        0x2 c:/st/stm32cubeide_1.9.0/stm32cubeide/plugins/com.st.stm32cube.ide.mcu.externaltools.gnu-tools-for-stm32.10.3-2021.10.win32_1.0.0.202111181127/tools/bin/../lib/gcc/arm-none-eabi/10.3.1/../../../../arm-none-eabi/lib/thumb/v7e-m+fp/hard\libnosys.a(_exit.o)
                0x00000000080050b8                _exit
 *(.glue_7)
 .glue_7        0x00000000080050ba        0x0 linker stubs
 *(.glue_7t)
 .glue_7t       0x00000000080050ba        0x0 linker stubs
 *(.eh_frame)
 *fill*         0x00000000080050ba        0x2 
 .eh_frame      0x00000000080050bc        0x0 c:/st/stm32cubeide_1.9.0/stm32cubeide/plugins/com.st.stm32cube.ide.mcu.externaltools.gnu-tools-for-stm32.10.3-2021.10.win32_1.0.0.202111181127/tools/bin/../lib/gcc/arm-none-eabi/10.3.1/thumb/v7e-m+fp/hard/crtbegin.o
 *(.init)
 .init          0x00000000080050bc        0x4 c:/st/stm32cubeide_1.9.0/stm32cubeide/plugins/com.st.stm32cube.ide.mcu.externaltools.gnu-tools-for-stm32.10.3-2021.10.win32_1.0.0.202111181127/tools/bin/../lib/gcc/arm-none-eabi/10.3.1/thumb/v7e-m+fp/hard/crti.o
                0x00000000080050bc                _init
 .init          0x00000000080050c0        0x8 c:/st/stm32cubeide_1.9.0/stm32cubeide/plugins/com.st.stm32cube.ide.mcu.externaltools.gnu-tools-for-stm32.10.3-2021.10.win32_1.0.0.202111181127/tools/bin/../lib/gcc/arm-none-eabi/10.3.1/thumb/v7e-m+fp/hard/crtn.o
 *(.fini)
 .fini          0x00000000080050c8        0x4 c:/st/stm32cubeide_1.9.0/stm32cubeide/plugins/com.st.stm32cube.ide.mcu.externaltools.gnu-tools-for-stm32.10.3-2021.10.win32_1.0.0.202111181127/tools/bin/../lib/gcc/arm-none-eabi/10.3.1/thumb/v7e-m+fp/hard/crti.o
                0x00000000080050c8                _fini
 .fini          0x00000000080050cc        0x8 c:/st/stm32cubeide_1.9.0/stm32cubeide/plugins/com.st.stm32cube.ide.mcu.externaltools.gnu-tools-for-stm32.10.3-2021.10.win32_1.0.0.202111181127/tools/bin/../lib/gcc/arm-none-eabi/10.3.1/thumb/v7e-m+fp/hard/crtn.o
                0x00000000080050d4                . = ALIGN (0x4)
                0x00000000080050d4                _etext = .

.vfp11_veneer   0x00000000080050d4        0x0
 .vfp11_veneer  0x00000000080050d4        0x0 linker stubs

.v4_bx          0x00000000080050d4        0x0
 .v4_bx         0x00000000080050d4        0x0 linker stubs

.iplt           0x00000000080050d4        0x0
 .iplt          0x00000000080050d4        0x0 c:/st/stm32cubeide_1.9.0/stm32cubeide/plugins/com.st.stm32cube.ide.mcu.externaltools.gnu-tools-for-stm32.10.3-2021.10.win32_1.0.0.202111181127/tools/bin/../lib/gcc/arm-none-eabi/10.3.1/thumb/v7e-m+fp/hard/crtbegin.o

.rodata         0x00000000080050d4      0x268
                0x00000000080050d4                . = ALIGN (0x4)
 *(.rodata)
 .rodata        0x00000000080050d4       0xd2 ./Core/Src/main.o
 *(.rodata*)
 *fill*         0x00000000080051a6        0x2 
 .rodata.AHBPrescTable
                0x00000000080051a8       0x10 ./Core/Src/system_stm32f4xx.o
                0x00000000080051a8                AHBPrescTable
 .rodata.APBPrescTable
                0x00000000080051b8        0x8 ./Core/Src/system_stm32f4xx.o
                0x00000000080051b8                APBPrescTable
 .rodata._ZNSt7__cxx1112basic_stringIcSt11char_traitsIcESaIcEE9_M_createERjj.str1.1
                0x00000000080051c0       0x18 c:/st/stm32cubeide_1.9.0/stm32cubeide/plugins/com.st.stm32cube.ide.mcu.externaltools.gnu-tools-for-stm32.10.3-2021.10.win32_1.0.0.202111181127/tools/bin/../lib/gcc/arm-none-eabi/10.3.1/../../../../arm-none-eabi/lib/thumb/v7e-m+fp/hard\libstdc++_nano.a(string-inst.o)
 .rodata.__sf_fake_stderr
                0x00000000080051d8       0x20 c:/st/stm32cubeide_1.9.0/stm32cubeide/plugins/com.st.stm32cube.ide.mcu.externaltools.gnu-tools-for-stm32.10.3-2021.10.win32_1.0.0.202111181127/tools/bin/../lib/gcc/arm-none-eabi/10.3.1/../../../../arm-none-eabi/lib/thumb/v7e-m+fp/hard\libc_nano.a(lib_a-findfp.o)
                0x00000000080051d8                __sf_fake_stderr
 .rodata.__sf_fake_stdin
                0x00000000080051f8       0x20 c:/st/stm32cubeide_1.9.0/stm32cubeide/plugins/com.st.stm32cube.ide.mcu.externaltools.gnu-tools-for-stm32.10.3-2021.10.win32_1.0.0.202111181127/tools/bin/../lib/gcc/arm-none-eabi/10.3.1/../../../../arm-none-eabi/lib/thumb/v7e-m+fp/hard\libc_nano.a(lib_a-findfp.o)
                0x00000000080051f8                __sf_fake_stdin
 .rodata.__sf_fake_stdout
                0x0000000008005218       0x20 c:/st/stm32cubeide_1.9.0/stm32cubeide/plugins/com.st.stm32cube.ide.mcu.externaltools.gnu-tools-for-stm32.10.3-2021.10.win32_1.0.0.202111181127/tools/bin/../lib/gcc/arm-none-eabi/10.3.1/../../../../arm-none-eabi/lib/thumb/v7e-m+fp/hard\libc_nano.a(lib_a-findfp.o)
                0x0000000008005218                __sf_fake_stdout
 .rodata._ctype_
                0x0000000008005238      0x101 c:/st/stm32cubeide_1.9.0/stm32cubeide/plugins/com.st.stm32cube.ide.mcu.externaltools.gnu-tools-for-stm32.10.3-2021.10.win32_1.0.0.202111181127/tools/bin/../lib/gcc/arm-none-eabi/10.3.1/../../../../arm-none-eabi/lib/thumb/v7e-m+fp/hard\libc_nano.a(lib_a-ctype_.o)
                0x0000000008005238                _ctype_
                0x000000000800533c                . = ALIGN (0x4)
 *fill*         0x0000000008005339        0x3 

.ARM.extab      0x000000000800533c        0x0
                0x000000000800533c                . = ALIGN (0x4)
 *(.ARM.extab* .gnu.linkonce.armextab.*)
                0x000000000800533c                . = ALIGN (0x4)

.ARM            0x000000000800533c        0x8
                0x000000000800533c                . = ALIGN (0x4)
                0x000000000800533c                __exidx_start = .
 *(.ARM.exidx*)
 .ARM.exidx     0x000000000800533c        0x8 c:/st/stm32cubeide_1.9.0/stm32cubeide/plugins/com.st.stm32cube.ide.mcu.externaltools.gnu-tools-for-stm32.10.3-2021.10.win32_1.0.0.202111181127/tools/bin/../lib/gcc/arm-none-eabi/10.3.1/thumb/v7e-m+fp/hard\libgcc.a(_udivmoddi4.o)
                0x0000000008005344                __exidx_end = .
                0x0000000008005344                . = ALIGN (0x4)

.rel.dyn        0x0000000008005344        0x0
 .rel.iplt      0x0000000008005344        0x0 c:/st/stm32cubeide_1.9.0/stm32cubeide/plugins/com.st.stm32cube.ide.mcu.externaltools.gnu-tools-for-stm32.10.3-2021.10.win32_1.0.0.202111181127/tools/bin/../lib/gcc/arm-none-eabi/10.3.1/thumb/v7e-m+fp/hard/crtbegin.o

.preinit_array  0x0000000008005344        0x0
                0x0000000008005344                . = ALIGN (0x4)
                0x0000000008005344                PROVIDE (__preinit_array_start = .)
 *(.preinit_array*)
                0x0000000008005344                PROVIDE (__preinit_array_end = .)
                0x0000000008005344                . = ALIGN (0x4)

.init_array     0x0000000008005344        0x8
                0x0000000008005344                . = ALIGN (0x4)
                0x0000000008005344                PROVIDE (__init_array_start = .)
 *(SORT_BY_NAME(.init_array.*))
 *(.init_array*)
 .init_array    0x0000000008005344        0x4 c:/st/stm32cubeide_1.9.0/stm32cubeide/plugins/com.st.stm32cube.ide.mcu.externaltools.gnu-tools-for-stm32.10.3-2021.10.win32_1.0.0.202111181127/tools/bin/../lib/gcc/arm-none-eabi/10.3.1/thumb/v7e-m+fp/hard/crtbegin.o
 .init_array    0x0000000008005348        0x4 ./Core/Src/main.o
                0x000000000800534c                PROVIDE (__init_array_end = .)
                0x000000000800534c                . = ALIGN (0x4)

.fini_array     0x000000000800534c        0x8
                0x000000000800534c                . = ALIGN (0x4)
                [!provide]                        PROVIDE (__fini_array_start = .)
 *(SORT_BY_NAME(.fini_array.*))
 *(.fini_array*)
 .fini_array    0x000000000800534c        0x4 c:/st/stm32cubeide_1.9.0/stm32cubeide/plugins/com.st.stm32cube.ide.mcu.externaltools.gnu-tools-for-stm32.10.3-2021.10.win32_1.0.0.202111181127/tools/bin/../lib/gcc/arm-none-eabi/10.3.1/thumb/v7e-m+fp/hard/crtbegin.o
 .fini_array    0x0000000008005350        0x4 ./Core/Src/main.o
                [!provide]                        PROVIDE (__fini_array_end = .)
                0x0000000008005354                . = ALIGN (0x4)
                0x0000000008005354                _sidata = LOADADDR (.data)

.data           0x0000000020000000       0x88 load address 0x0000000008005354
                0x0000000020000000                . = ALIGN (0x4)
                0x0000000020000000                _sdata = .
 *(.data)
 *(.data*)
 .data.DRIVER   0x0000000020000000        0x1 ./Core/Src/main.o
                0x0000000020000000                DRIVER
 *fill*         0x0000000020000001        0x3 
 .data.modeSwitchedMessage
                0x0000000020000004       0x13 ./Core/Src/main.o
                0x0000000020000004                modeSwitchedMessage
 *fill*         0x0000000020000017        0x1 
 .data.SystemCoreClock
                0x0000000020000018        0x4 ./Core/Src/system_stm32f4xx.o
                0x0000000020000018                SystemCoreClock
 .data.uwTickPrio
                0x000000002000001c        0x4 ./Drivers/STM32F4xx_HAL_Driver/Src/stm32f4xx_hal.o
                0x000000002000001c                uwTickPrio
 .data.uwTickFreq
                0x0000000020000020        0x1 ./Drivers/STM32F4xx_HAL_Driver/Src/stm32f4xx_hal.o
                0x0000000020000020                uwTickFreq
 *fill*         0x0000000020000021        0x3 
 .data._impure_ptr
                0x0000000020000024        0x4 c:/st/stm32cubeide_1.9.0/stm32cubeide/plugins/com.st.stm32cube.ide.mcu.externaltools.gnu-tools-for-stm32.10.3-2021.10.win32_1.0.0.202111181127/tools/bin/../lib/gcc/arm-none-eabi/10.3.1/../../../../arm-none-eabi/lib/thumb/v7e-m+fp/hard\libc_nano.a(lib_a-impure.o)
                0x0000000020000024                _impure_ptr
 .data.impure_data
                0x0000000020000028       0x60 c:/st/stm32cubeide_1.9.0/stm32cubeide/plugins/com.st.stm32cube.ide.mcu.externaltools.gnu-tools-for-stm32.10.3-2021.10.win32_1.0.0.202111181127/tools/bin/../lib/gcc/arm-none-eabi/10.3.1/../../../../arm-none-eabi/lib/thumb/v7e-m+fp/hard\libc_nano.a(lib_a-impure.o)
 *(.RamFunc)
 *(.RamFunc*)
                0x0000000020000088                . = ALIGN (0x4)
                0x0000000020000088                _edata = .
                0x00000000080053dc                _siccmram = LOADADDR (.ccmram)

.igot.plt       0x0000000020000088        0x0 load address 0x00000000080053dc
 .igot.plt      0x0000000020000088        0x0 c:/st/stm32cubeide_1.9.0/stm32cubeide/plugins/com.st.stm32cube.ide.mcu.externaltools.gnu-tools-for-stm32.10.3-2021.10.win32_1.0.0.202111181127/tools/bin/../lib/gcc/arm-none-eabi/10.3.1/thumb/v7e-m+fp/hard/crtbegin.o

.ccmram         0x0000000010000000        0x0 load address 0x00000000080053dc
                0x0000000010000000                . = ALIGN (0x4)
                0x0000000010000000                _sccmram = .
 *(.ccmram)
 *(.ccmram*)
                0x0000000010000000                . = ALIGN (0x4)
                0x0000000010000000                _eccmram = .
                0x0000000010000000                . = ALIGN (0x4)

.bss            0x0000000020000088       0xd0
                0x0000000020000088                _sbss = .
                0x0000000020000088                __bss_start__ = _sbss
 *(.bss)
 .bss           0x0000000020000088       0x1c c:/st/stm32cubeide_1.9.0/stm32cubeide/plugins/com.st.stm32cube.ide.mcu.externaltools.gnu-tools-for-stm32.10.3-2021.10.win32_1.0.0.202111181127/tools/bin/../lib/gcc/arm-none-eabi/10.3.1/thumb/v7e-m+fp/hard/crtbegin.o
 *(.bss*)
 .bss.tmp       0x00000000200000a4        0x1 ./Core/Src/main.o
                0x00000000200000a4                tmp
 *fill*         0x00000000200000a5        0x3 
 .bss.input     0x00000000200000a8       0x28 ./Core/Src/main.o
                0x00000000200000a8                input
 .bss.output    0x00000000200000d0       0x28 ./Core/Src/main.o
                0x00000000200000d0                output
 .bss.__sbrk_heap_end
                0x00000000200000f8        0x4 ./Core/Src/sysmem.o
 .bss.huart6    0x00000000200000fc       0x44 ./Core/Src/usart.o
                0x00000000200000fc                huart6
 .bss.uwTick    0x0000000020000140        0x4 ./Drivers/STM32F4xx_HAL_Driver/Src/stm32f4xx_hal.o
                0x0000000020000140                uwTick
 .bss._ZN12_GLOBAL__N_113__new_handlerE
                0x0000000020000144        0x4 c:/st/stm32cubeide_1.9.0/stm32cubeide/plugins/com.st.stm32cube.ide.mcu.externaltools.gnu-tools-for-stm32.10.3-2021.10.win32_1.0.0.202111181127/tools/bin/../lib/gcc/arm-none-eabi/10.3.1/../../../../arm-none-eabi/lib/thumb/v7e-m+fp/hard\libstdc++_nano.a(new_handler.o)
 .bss.__lock___malloc_recursive_mutex
                0x0000000020000148        0x1 c:/st/stm32cubeide_1.9.0/stm32cubeide/plugins/com.st.stm32cube.ide.mcu.externaltools.gnu-tools-for-stm32.10.3-2021.10.win32_1.0.0.202111181127/tools/bin/../lib/gcc/arm-none-eabi/10.3.1/../../../../arm-none-eabi/lib/thumb/v7e-m+fp/hard\libc_nano.a(lib_a-lock.o)
                0x0000000020000148                __lock___malloc_recursive_mutex
 *fill*         0x0000000020000149        0x3 
 .bss.__malloc_free_list
                0x000000002000014c        0x4 c:/st/stm32cubeide_1.9.0/stm32cubeide/plugins/com.st.stm32cube.ide.mcu.externaltools.gnu-tools-for-stm32.10.3-2021.10.win32_1.0.0.202111181127/tools/bin/../lib/gcc/arm-none-eabi/10.3.1/../../../../arm-none-eabi/lib/thumb/v7e-m+fp/hard\libc_nano.a(lib_a-nano-mallocr.o)
                0x000000002000014c                __malloc_free_list
 .bss.__malloc_sbrk_start
                0x0000000020000150        0x4 c:/st/stm32cubeide_1.9.0/stm32cubeide/plugins/com.st.stm32cube.ide.mcu.externaltools.gnu-tools-for-stm32.10.3-2021.10.win32_1.0.0.202111181127/tools/bin/../lib/gcc/arm-none-eabi/10.3.1/../../../../arm-none-eabi/lib/thumb/v7e-m+fp/hard\libc_nano.a(lib_a-nano-mallocr.o)
                0x0000000020000150                __malloc_sbrk_start
 .bss.errno     0x0000000020000154        0x4 c:/st/stm32cubeide_1.9.0/stm32cubeide/plugins/com.st.stm32cube.ide.mcu.externaltools.gnu-tools-for-stm32.10.3-2021.10.win32_1.0.0.202111181127/tools/bin/../lib/gcc/arm-none-eabi/10.3.1/../../../../arm-none-eabi/lib/thumb/v7e-m+fp/hard\libc_nano.a(lib_a-reent.o)
                0x0000000020000154                errno
 *(COMMON)
                0x0000000020000158                . = ALIGN (0x4)
                0x0000000020000158                _ebss = .
                0x0000000020000158                __bss_end__ = _ebss

._user_heap_stack
                0x0000000020000158      0x600
                0x0000000020000158                . = ALIGN (0x8)
                0x0000000020000158                PROVIDE (end = .)
                0x0000000020000158                PROVIDE (_end = .)
                0x0000000020000358                . = (. + _Min_Heap_Size)
 *fill*         0x0000000020000158      0x200 
                0x0000000020000758                . = (. + _Min_Stack_Size)
 *fill*         0x0000000020000358      0x400 
                0x0000000020000758                . = ALIGN (0x8)

/DISCARD/
 libc.a(*)
 libm.a(*)
 libgcc.a(*)

.ARM.attributes
                0x0000000000000000       0x30
 *(.ARM.attributes)
 .ARM.attributes
                0x0000000000000000       0x1e c:/st/stm32cubeide_1.9.0/stm32cubeide/plugins/com.st.stm32cube.ide.mcu.externaltools.gnu-tools-for-stm32.10.3-2021.10.win32_1.0.0.202111181127/tools/bin/../lib/gcc/arm-none-eabi/10.3.1/thumb/v7e-m+fp/hard/crti.o
 .ARM.attributes