Archive member included to satisfy reference by file (symbol)

c:/st/stm32cubeide_1.9.0/stm32cubeide/plugins/com.st.stm32cube.ide.mcu.externaltools.gnu-tools-for-stm32.10.3-2021.10.win32_1.0.0.202111181127/tools/bin/../lib/gcc/arm-none-eabi/10.3.1/../../../../arm-none-eabi/lib/thumb/v7e-m+fp/hard\librdimon_nano.a(rdimon-syscalls.o)
                              c:/st/stm32cubeide_1.9.0/stm32cubeide/plugins/com.st.stm32cube.ide.mcu.externaltools.gnu-tools-for-stm32.10.3-2021.10.win32_1.0.0.202111181127/tools/bin/../lib/gcc/arm-none-eabi/10.3.1/../../../../arm-none-eabi/lib/thumb/v7e-m+fp/hard/rdimon-crt0.o (initialise_monitor_handles)
c:/st/stm32cubeide_1.9.0/stm32cubeide/plugins/com.st.stm32cube.ide.mcu.externaltools.gnu-tools-for-stm32.10.3-2021.10.win32_1.0.0.202111181127/tools/bin/../lib/gcc/arm-none-eabi/10.3.1/../../../../arm-none-eabi/lib/thumb/v7e-m+fp/hard\libstdc++_nano.a(del_ops.o)
                              ./Core/Src/main.o (operator delete(void*, unsigned int))
c:/st/stm32cubeide_1.9.0/stm32cubeide/plugins/com.st.stm32cube.ide.mcu.externaltools.gnu-tools-for-stm32.10.3-2021.10.win32_1.0.0.202111181127/tools/bin/../lib/gcc/arm-none-eabi/10.3.1/../../../../arm-none-eabi/lib/thumb/v7e-m+fp/hard\libstdc++_nano.a(new_op.o)
                              ./Core/Src/main.o (operator new(unsigned int))
c:/st/stm32cubeide_1.9.0/stm32cubeide/plugins/com.st.stm32cube.ide.mcu.externaltools.gnu-tools-for-stm32.10.3-2021.10.win32_1.0.0.202111181127/tools/bin/../lib/gcc/arm-none-eabi/10.3.1/../../../../arm-none-eabi/lib/thumb/v7e-m+fp/hard\libstdc++_nano.a(allocator-inst.o)
                              ./Core/Src/main.o (std::allocator<char>::allocator())
c:/st/stm32cubeide_1.9.0/stm32cubeide/plugins/com.st.stm32cube.ide.mcu.externaltools.gnu-tools-for-stm32.10.3-2021.10.win32_1.0.0.202111181127/tools/bin/../lib/gcc/arm-none-eabi/10.3.1/../../../../arm-none-eabi/lib/thumb/v7e-m+fp/hard\libstdc++_nano.a(functexcept.o)
                              ./Core/Src/main.o (std::__throw_bad_alloc())
c:/st/stm32cubeide_1.9.0/stm32cubeide/plugins/com.st.stm32cube.ide.mcu.externaltools.gnu-tools-for-stm32.10.3-2021.10.win32_1.0.0.202111181127/tools/bin/../lib/gcc/arm-none-eabi/10.3.1/../../../../arm-none-eabi/lib/thumb/v7e-m+fp/hard\libstdc++_nano.a(snprintf_lite.o)
                              c:/st/stm32cubeide_1.9.0/stm32cubeide/plugins/com.st.stm32cube.ide.mcu.externaltools.gnu-tools-for-stm32.10.3-2021.10.win32_1.0.0.202111181127/tools/bin/../lib/gcc/arm-none-eabi/10.3.1/../../../../arm-none-eabi/lib/thumb/v7e-m+fp/hard\libstdc++_nano.a(functexcept.o) (__gnu_cxx::__snprintf_lite(char*, unsigned int, char const*, std::__va_list))
c:/st/stm32cubeide_1.9.0/stm32cubeide/plugins/com.st.stm32cube.ide.mcu.externaltools.gnu-tools-for-stm32.10.3-2021.10.win32_1.0.0.202111181127/tools/bin/../lib/gcc/arm-none-eabi/10.3.1/../../../../arm-none-eabi/lib/thumb/v7e-m+fp/hard\libstdc++_nano.a(string-inst.o)
                              ./Core/Src/main.o (std::__cxx11::basic_string<char, std::char_traits<char>, std::allocator<char> >::basic_string(unsigned int, char, std::allocator<char> const&))
c:/st/stm32cubeide_1.9.0/stm32cubeide/plugins/com.st.stm32cube.ide.mcu.externaltools.gnu-tools-for-stm32.10.3-2021.10.win32_1.0.0.202111181127/tools/bin/../lib/gcc/arm-none-eabi/10.3.1/../../../../arm-none-eabi/lib/thumb/v7e-m+fp/hard\libstdc++_nano.a(del_op.o)
                              c:/st/stm32cubeide_1.9.0/stm32cubeide/plugins/com.st.stm32cube.ide.mcu.externaltools.gnu-tools-for-stm32.10.3-2021.10.win32_1.0.0.202111181127/tools/bin/../lib/gcc/arm-none-eabi/10.3.1/../../../../arm-none-eabi/lib/thumb/v7e-m+fp/hard\libstdc++_nano.a(del_ops.o) (operator delete(void*))
c:/st/stm32cubeide_1.9.0/stm32cubeide/plugins/com.st.stm32cube.ide.mcu.externaltools.gnu-tools-for-stm32.10.3-2021.10.win32_1.0.0.202111181127/tools/bin/../lib/gcc/arm-none-eabi/10.3.1/../../../../arm-none-eabi/lib/thumb/v7e-m+fp/hard\libstdc++_nano.a(new_handler.o)
                              c:/st/stm32cubeide_1.9.0/stm32cubeide/plugins/com.st.stm32cube.ide.mcu.externaltools.gnu-tools-for-stm32.10.3-2021.10.win32_1.0.0.202111181127/tools/bin/../lib/gcc/arm-none-eabi/10.3.1/../../../../arm-none-eabi/lib/thumb/v7e-m+fp/hard\libstdc++_nano.a(new_op.o) (std::get_new_handler())
c:/st/stm32cubeide_1.9.0/stm32cubeide/plugins/com.st.stm32cube.ide.mcu.externaltools.gnu-tools-for-stm32.10.3-2021.10.win32_1.0.0.202111181127/tools/bin/../lib/gcc/arm-none-eabi/10.3.1/../../../../arm-none-eabi/lib/thumb/v7e-m+fp/hard\libc_nano.a(lib_a-abort.o)
                              c:/st/stm32cubeide_1.9.0/stm32cubeide/plugins/com.st.stm32cube.ide.mcu.externaltools.gnu-tools-for-stm32.10.3-2021.10.win32_1.0.0.202111181127/tools/bin/../lib/gcc/arm-none-eabi/10.3.1/../../../../arm-none-eabi/lib/thumb/v7e-m+fp/hard\libstdc++_nano.a(new_op.o) (abort)
[...]
Memory Configuration

Name             Origin             Length             Attributes
CCMRAM           0x0000000010000000 0x0000000000010000 xrw
RAM              0x0000000020000000 0x0000000000030000 xrw
FLASH            0x0000000008000000 0x0000000000200000 xr
*default*        0x0000000000000000 0xffffffffffffffff

Linker script and memory map

LOAD c:/st/stm32cubeide_1.9.0/stm32cubeide/plugins/com.st.stm32cube.ide.mcu.externaltools.gnu-tools-for-stm32.10.3-2021.10.win32_1.0.0.202111181127/tools/bin/../lib/gcc/arm-none-eabi/10.3.1/thumb/v7e-m+fp/hard/crti.o
LOAD c:/st/stm32cubeide_1.9.0/stm32cubeide/plugins/com.st.stm32cube.ide.mcu.externaltools.gnu-tools-for-stm32.10.3-2021.10.win32_1.0.0.202111181127/tools/bin/../lib/gcc/arm-none-eabi/10.3.1/thumb/v7e-m+fp/hard/crtbegin.o
LOAD c:/st/stm32cubeide_1.9.0/stm32cubeide/plugins/com.st.stm32cube.ide.mcu.externaltools.gnu-tools-for-stm32.10.3-2021.10.win32_1.0.0.202111181127/tools/bin/../lib/gcc/arm-none-eabi/10.3.1/../../../../arm-none-eabi/lib/thumb/v7e-m+fp/hard/rdimon-crt0.o
LOAD ./Core/Src/gpio.o
LOAD ./Core/Src/main.o
LOAD ./Core/Src/stm32f4xx_hal_msp.o
LOAD ./Core/Src/stm32f4xx_it.o
LOAD ./Core/Src/sysmem.o
LOAD ./Core/Src/system_stm32f4xx.o
LOAD ./Core/Src/tim.o
LOAD ./Core/Src/usart.o
LOAD ./Core/Startup/startup_stm32f427vitx.o
LOAD ./Drivers/STM32F4xx_HAL_Driver/Src/stm32f4xx_hal.o
LOAD ./Drivers/STM32F4xx_HAL_Driver/Src/stm32f4xx_hal_cortex.o
LOAD ./Drivers/STM32F4xx_HAL_Driver/Src/stm32f4xx_hal_dma.o
LOAD ./Drivers/STM32F4xx_HAL_Driver/Src/stm32f4xx_hal_dma_ex.o
LOAD ./Drivers/STM32F4xx_HAL_Driver/Src/stm32f4xx_hal_exti.o
LOAD ./Drivers/STM32F4xx_HAL_Driver/Src/stm32f4xx_hal_flash.o
LOAD ./Drivers/STM32F4xx_HAL_Driver/Src/stm32f4xx_hal_flash_ex.o
LOAD ./Drivers/STM32F4xx_HAL_Driver/Src/stm32f4xx_hal_flash_ramfunc.o
LOAD ./Drivers/STM32F4xx_HAL_Driver/Src/stm32f4xx_hal_gpio.o
LOAD ./Drivers/STM32F4xx_HAL_Driver/Src/stm32f4xx_hal_pwr.o
LOAD ./Drivers/STM32F4xx_HAL_Driver/Src/stm32f4xx_hal_pwr_ex.o
LOAD ./Drivers/STM32F4xx_HAL_Driver/Src/stm32f4xx_hal_rcc.o
LOAD ./Drivers/STM32F4xx_HAL_Driver/Src/stm32f4xx_hal_rcc_ex.o
LOAD ./Drivers/STM32F4xx_HAL_Driver/Src/stm32f4xx_hal_tim.o
LOAD ./Drivers/STM32F4xx_HAL_Driver/Src/stm32f4xx_hal_tim_ex.o
LOAD ./Drivers/STM32F4xx_HAL_Driver/Src/stm32f4xx_hal_uart.o
LOAD c:/st/stm32cubeide_1.9.0/stm32cubeide/plugins/com.st.stm32cube.ide.mcu.externaltools.gnu-tools-for-stm32.10.3-2021.10.win32_1.0.0.202111181127/tools/bin/../lib/gcc/arm-none-eabi/10.3.1/../../../../arm-none-eabi/lib/thumb/v7e-m+fp/hard\librdimon_nano.a
START GROUP
LOAD c:/st/stm32cubeide_1.9.0/stm32cubeide/plugins/com.st.stm32cube.ide.mcu.externaltools.gnu-tools-for-stm32.10.3-2021.10.win32_1.0.0.202111181127/tools/bin/../lib/gcc/arm-none-eabi/10.3.1/../../../../arm-none-eabi/lib/thumb/v7e-m+fp/hard\libstdc++_nano.a
LOAD c:/st/stm32cubeide_1.9.0/stm32cubeide/plugins/com.st.stm32cube.ide.mcu.externaltools.gnu-tools-for-stm32.10.3-2021.10.win32_1.0.0.202111181127/tools/bin/../lib/gcc/arm-none-eabi/10.3.1/../../../../arm-none-eabi/lib/thumb/v7e-m+fp/hard\libsupc++_nano.a
END GROUP
LOAD c:/st/stm32cubeide_1.9.0/stm32cubeide/plugins/com.st.stm32cube.ide.mcu.externaltools.gnu-tools-for-stm32.10.3-2021.10.win32_1.0.0.202111181127/tools/bin/../lib/gcc/arm-none-eabi/10.3.1/../../../../arm-none-eabi/lib/thumb/v7e-m+fp/hard\libstdc++_nano.a
LOAD c:/st/stm32cubeide_1.9.0/stm32cubeide/plugins/com.st.stm32cube.ide.mcu.externaltools.gnu-tools-for-stm32.10.3-2021.10.win32_1.0.0.202111181127/tools/bin/../lib/gcc/arm-none-eabi/10.3.1/../../../../arm-none-eabi/lib/thumb/v7e-m+fp/hard\libm.a
LOAD c:/st/stm32cubeide_1.9.0/stm32cubeide/plugins/com.st.stm32cube.ide.mcu.externaltools.gnu-tools-for-stm32.10.3-2021.10.win32_1.0.0.202111181127/tools/bin/../lib/gcc/arm-none-eabi/10.3.1/../../../../arm-none-eabi/lib/thumb/v7e-m+fp/hard\libc_nano.a
START GROUP
LOAD c:/st/stm32cubeide_1.9.0/stm32cubeide/plugins/com.st.stm32cube.ide.mcu.externaltools.gnu-tools-for-stm32.10.3-2021.10.win32_1.0.0.202111181127/tools/bin/../lib/gcc/arm-none-eabi/10.3.1/thumb/v7e-m+fp/hard\libgcc.a
LOAD c:/st/stm32cubeide_1.9.0/stm32cubeide/plugins/com.st.stm32cube.ide.mcu.externaltools.gnu-tools-for-stm32.10.3-2021.10.win32_1.0.0.202111181127/tools/bin/../lib/gcc/arm-none-eabi/10.3.1/../../../../arm-none-eabi/lib/thumb/v7e-m+fp/hard\libc_nano.a
END GROUP
START GROUP
LOAD c:/st/stm32cubeide_1.9.0/stm32cubeide/plugins/com.st.stm32cube.ide.mcu.externaltools.gnu-tools-for-stm32.10.3-2021.10.win32_1.0.0.202111181127/tools/bin/../lib/gcc/arm-none-eabi/10.3.1/thumb/v7e-m+fp/hard\libgcc.a
LOAD c:/st/stm32cubeide_1.9.0/stm32cubeide/plugins/com.st.stm32cube.ide.mcu.externaltools.gnu-tools-for-stm32.10.3-2021.10.win32_1.0.0.202111181127/tools/bin/../lib/gcc/arm-none-eabi/10.3.1/../../../../arm-none-eabi/lib/thumb/v7e-m+fp/hard\libc_nano.a
LOAD c:/st/stm32cubeide_1.9.0/stm32cubeide/plugins/com.st.stm32cube.ide.mcu.externaltools.gnu-tools-for-stm32.10.3-2021.10.win32_1.0.0.202111181127/tools/bin/../lib/gcc/arm-none-eabi/10.3.1/../../../../arm-none-eabi/lib/thumb/v7e-m+fp/hard\libnosys.a
END GROUP
START GROUP
LOAD c:/st/stm32cubeide_1.9.0/stm32cubeide/plugins/com.st.stm32cube.ide.mcu.externaltools.gnu-tools-for-stm32.10.3-2021.10.win32_1.0.0.202111181127/tools/bin/../lib/gcc/arm-none-eabi/10.3.1/thumb/v7e-m+fp/hard\libgcc.a
LOAD c:/st/stm32cubeide_1.9.0/stm32cubeide/plugins/com.st.stm32cube.ide.mcu.externaltools.gnu-tools-for-stm32.10.3-2021.10.win32_1.0.0.202111181127/tools/bin/../lib/gcc/arm-none-eabi/10.3.1/../../../../arm-none-eabi/lib/thumb/v7e-m+fp/hard\libc_nano.a
LOAD c:/st/stm32cubeide_1.9.0/stm32cubeide/plugins/com.st.stm32cube.ide.mcu.externaltools.gnu-tools-for-stm32.10.3-2021.10.win32_1.0.0.202111181127/tools/bin/../lib/gcc/arm-none-eabi/10.3.1/../../../../arm-none-eabi/lib/thumb/v7e-m+fp/hard\librdimon_nano.a
END GROUP
START GROUP
LOAD c:/st/stm32cubeide_1.9.0/stm32cubeide/plugins/com.st.stm32cube.ide.mcu.externaltools.gnu-tools-for-stm32.10.3-2021.10.win32_1.0.0.202111181127/tools/bin/../lib/gcc/arm-none-eabi/10.3.1/thumb/v7e-m+fp/hard\libgcc.a
LOAD c:/st/stm32cubeide_1.9.0/stm32cubeide/plugins/com.st.stm32cube.ide.mcu.externaltools.gnu-tools-for-stm32.10.3-2021.10.win32_1.0.0.202111181127/tools/bin/../lib/gcc/arm-none-eabi/10.3.1/../../../../arm-none-eabi/lib/thumb/v7e-m+fp/hard\libc_nano.a
LOAD c:/st/stm32cubeide_1.9.0/stm32cubeide/plugins/com.st.stm32cube.ide.mcu.externaltools.gnu-tools-for-stm32.10.3-2021.10.win32_1.0.0.202111181127/tools/bin/../lib/gcc/arm-none-eabi/10.3.1/../../../../arm-none-eabi/lib/thumb/v7e-m+fp/hard\librdimon_nano.a
LOAD c:/st/stm32cubeide_1.9.0/stm32cubeide/plugins/com.st.stm32cube.ide.mcu.externaltools.gnu-tools-for-stm32.10.3-2021.10.win32_1.0.0.202111181127/tools/bin/../lib/gcc/arm-none-eabi/10.3.1/../../../../arm-none-eabi/lib/thumb/v7e-m+fp/hard\libnosys.a
END GROUP
LOAD c:/st/stm32cubeide_1.9.0/stm32cubeide/plugins/com.st.stm32cube.ide.mcu.externaltools.gnu-tools-for-stm32.10.3-2021.10.win32_1.0.0.202111181127/tools/bin/../lib/gcc/arm-none-eabi/10.3.1/thumb/v7e-m+fp/hard/crtend.o
LOAD c:/st/stm32cubeide_1.9.0/stm32cubeide/plugins/com.st.stm32cube.ide.mcu.externaltools.gnu-tools-for-stm32.10.3-2021.10.win32_1.0.0.202111181127/tools/bin/../lib/gcc/arm-none-eabi/10.3.1/thumb/v7e-m+fp/hard/crtn.o
                0x0000000020030000                _estack = (ORIGIN (RAM) + LENGTH (RAM))
                0x0000000000000200                _Min_Heap_Size = 0x200
                0x0000000000000400                _Min_Stack_Size = 0x400

.isr_vector     0x0000000008000000      0x1ac
                0x0000000008000000                . = ALIGN (0x4)
 *(.isr_vector)
 .isr_vector    0x0000000008000000      0x1ac ./Core/Startup/startup_stm32f427vitx.o
                0x0000000008000000                g_pfnVectors
                0x00000000080001ac                . = ALIGN (0x4)

.text           0x00000000080001ac     0x8148
                0x00000000080001ac                . = ALIGN (0x4)
 *(.text)
 .text          0x00000000080001ac       0x40 c:/st/stm32cubeide_1.9.0/stm32cubeide/plugins/com.st.stm32cube.ide.mcu.externaltools.gnu-tools-for-stm32.10.3-2021.10.win32_1.0.0.202111181127/tools/bin/../lib/gcc/arm-none-eabi/10.3.1/thumb/v7e-m+fp/hard/crtbegin.o
 .text          0x00000000080001ec       0x10 c:/st/stm32cubeide_1.9.0/stm32cubeide/plugins/com.st.stm32cube.ide.mcu.externaltools.gnu-tools-for-stm32.10.3-2021.10.win32_1.0.0.202111181127/tools/bin/../lib/gcc/arm-none-eabi/10.3.1/../../../../arm-none-eabi/lib/thumb/v7e-m+fp/hard\libc_nano.a(lib_a-strlen.o)
                0x00000000080001ec                strlen
 .text          0x00000000080001fc       0x30 c:/st/stm32cubeide_1.9.0/stm32cubeide/plugins/com.st.stm32cube.ide.mcu.externaltools.gnu-tools-for-stm32.10.3-2021.10.win32_1.0.0.202111181127/tools/bin/../lib/gcc/arm-none-eabi/10.3.1/thumb/v7e-m+fp/hard\libgcc.a(_aeabi_uldivmod.o)
                0x00000000080001fc                __aeabi_uldivmod
 .text          0x000000000800022c      0x2d0 c:/st/stm32cubeide_1.9.0/stm32cubeide/plugins/com.st.stm32cube.ide.mcu.externaltools.gnu-tools-for-stm32.10.3-2021.10.win32_1.0.0.202111181127/tools/bin/../lib/gcc/arm-none-eabi/10.3.1/thumb/v7e-m+fp/hard\libgcc.a(_udivmoddi4.o)
                0x000000000800022c                __udivmoddi4
 .text          0x00000000080004fc        0x4 c:/st/stm32cubeide_1.9.0/stm32cubeide/plugins/com.st.stm32cube.ide.mcu.externaltools.gnu-tools-for-stm32.10.3-2021.10.win32_1.0.0.202111181127/tools/bin/../lib/gcc/arm-none-eabi/10.3.1/thumb/v7e-m+fp/hard\libgcc.a(_dvmd_tls.o)
                0x00000000080004fc                __aeabi_idiv0
                0x00000000080004fc                __aeabi_ldiv0
 *(.text*)
 .text.MX_GPIO_Init
                0x0000000008000500       0xc0 ./Core/Src/gpio.o
                0x0000000008000500                MX_GPIO_Init
 .text._ZnwjPv  0x00000000080005c0       0x18 ./Core/Src/main.o
                0x00000000080005c0                operator new(unsigned int, void*)
 .text._ZSt16__deque_buf_sizej
                0x00000000080005d8       0x2a ./Core/Src/main.o
                0x00000000080005d8                std::__deque_buf_size(unsigned int)
 .text._ZSt3minIjERKT_S2_S2_
                0x0000000008000602       0x28 ./Core/Src/main.o
                0x0000000008000602                unsigned int const& std::min<unsigned int>(unsigned int const&, unsigned int const&)
 .text._ZNSt7__cxx119to_stringEm
                0x000000000800062a       0x5c ./Core/Src/main.o
                0x000000000800062a                std::__cxx11::to_string(unsigned long)
 *fill*         0x0000000008000686        0x2 
 .text._ZN10UartDriver4recvEPc
                0x0000000008000688       0x30 ./Core/Src/main.o
                0x0000000008000688                UartDriver::recv(char*)
 .text._ZN10UartDriver4sendEc
                0x00000000080006b8       0x30 ./Core/Src/main.o
                0x00000000080006b8                UartDriver::send(char)
 .text._ZN6Writer9printCharEc
                0x00000000080006e8       0x30 ./Core/Src/main.o
                0x00000000080006e8                Writer::printChar(char)
 .text._ZN6Writer11printStringENSt7__cxx1112basic_stringIcSt11char_traitsIcESaIcEEE
                0x0000000008000718       0x46 ./Core/Src/main.o
                0x0000000008000718                Writer::printString(std::__cxx11::basic_string<char, std::char_traits<char>, std::allocator<char> >)
 .text._ZN6Writer11printNumberEm
                0x000000000800075e       0x4a ./Core/Src/main.o
                0x000000000800075e                Writer::printNumber(unsigned long)
 .text._ZN6Reader4tickEv
                0x00000000080007a8       0x34 ./Core/Src/main.o
                0x00000000080007a8                Reader::tick()
 .text._ZN6Reader7canReadEv
                0x00000000080007dc       0x18 ./Core/Src/main.o
                0x00000000080007dc                Reader::canRead()
 .text._ZN6Reader4readEv
                0x00000000080007f4       0x20 ./Core/Src/main.o
                0x00000000080007f4                Reader::read()
 .text._ZN11SoundDriver10play_soundEm
                0x0000000008000814       0x3c ./Core/Src/main.o
                0x0000000008000814                SoundDriver::play_sound(unsigned long)
 .text._ZN11SoundDriver4muteEv
                0x0000000008000850       0x1c ./Core/Src/main.o
                0x0000000008000850                SoundDriver::mute()
 .text._ZN9LedDriver16disable_all_ledsEv
                0x000000000800086c       0x2c ./Core/Src/main.o
                0x000000000800086c                LedDriver::disable_all_leds()
 .text._ZN9LedDriver9light_ledENS_3LEDEh
                0x0000000008000898       0x60 ./Core/Src/main.o
                0x0000000008000898                LedDriver::light_led(LedDriver::LED, unsigned char)
 .text._ZN20MusicImpulseSequence7hasNextEv
                0x00000000080008f8       0x22 ./Core/Src/main.o
                0x00000000080008f8                MusicImpulseSequence::hasNext()
 .text._ZN20MusicImpulseSequence4nextEv
                0x000000000800091a       0x24 ./Core/Src/main.o
                0x000000000800091a                MusicImpulseSequence::next()
 *fill*         0x000000000800093e        0x2 
 .text._ZN15ImpulseResolver10resolveForEc
                0x0000000008000940       0x70 ./Core/Src/main.o
                0x0000000008000940                ImpulseResolver::resolveFor(char)
 .text._ZN28ImpulsePlayerActionsResolver19resolveLedActionForE7Impulse
                0x00000000080009b0       0x70 ./Core/Src/main.o
                0x00000000080009b0                ImpulsePlayerActionsResolver::resolveLedActionFor(Impulse)
 .text._ZN28ImpulsePlayerActionsResolver21resolveSoundActionForE7Impulse
                0x0000000008000a20       0x70 ./Core/Src/main.o
                0x0000000008000a20                ImpulsePlayerActionsResolver::resolveSoundActionFor(Impulse)
 .text._ZN16LedActionHandler6handleE19ImpulsePlayerAction
                0x0000000008000a90       0x7c ./Core/Src/main.o
                0x0000000008000a90                LedActionHandler::handle(ImpulsePlayerAction)
 .text._ZN16LedActionHandler7turnOffEv
                0x0000000008000b0c        0xc ./Core/Src/main.o
                0x0000000008000b0c                LedActionHandler::turnOff()
 .text._ZN16LedActionHandler9showRed20Ev
                0x0000000008000b18       0x10 ./Core/Src/main.o
                0x0000000008000b18                LedActionHandler::showRed20()
 .text._ZN16LedActionHandler9showRed50Ev
                0x0000000008000b28       0x10 ./Core/Src/main.o
                0x0000000008000b28                LedActionHandler::showRed50()
 .text._ZN16LedActionHandler10showRed100Ev
                0x0000000008000b38       0x10 ./Core/Src/main.o
                0x0000000008000b38                LedActionHandler::showRed100()
 .text._ZN16LedActionHandler11showGreen20Ev
                0x0000000008000b48       0x10 ./Core/Src/main.o
                0x0000000008000b48                LedActionHandler::showGreen20()
 .text._ZN16LedActionHandler11showGreen50Ev
                0x0000000008000b58       0x10 ./Core/Src/main.o
                0x0000000008000b58                LedActionHandler::showGreen50()
 .text._ZN16LedActionHandler12showGreen100Ev
                0x0000000008000b68       0x10 ./Core/Src/main.o
                0x0000000008000b68                LedActionHandler::showGreen100()
 .text._ZN16LedActionHandler12showYellow20Ev
                0x0000000008000b78       0x10 ./Core/Src/main.o
                0x0000000008000b78                LedActionHandler::showYellow20()
 .text._ZN16LedActionHandler12showYellow50Ev
                0x0000000008000b88       0x10 ./Core/Src/main.o
                0x0000000008000b88                LedActionHandler::showYellow50()
 .text._ZN16LedActionHandler13showYellow100Ev
                0x0000000008000b98       0x10 ./Core/Src/main.o
                0x0000000008000b98                LedActionHandler::showYellow100()
 .text._ZN18SoundActionHandler6handleE19ImpulsePlayerAction
                0x0000000008000ba8       0x7c ./Core/Src/main.o
                0x0000000008000ba8                SoundActionHandler::handle(ImpulsePlayerAction)
 .text._ZN18SoundActionHandler4stopEv
                0x0000000008000c24        0xc ./Core/Src/main.o
                0x0000000008000c24                SoundActionHandler::stop()
 .text._ZN18SoundActionHandler10playSound1Ev
                0x0000000008000c30        0xe ./Core/Src/main.o
                0x0000000008000c30                SoundActionHandler::playSound1()
 .text._ZN18SoundActionHandler10playSound2Ev
                0x0000000008000c3e        0xe ./Core/Src/main.o
                0x0000000008000c3e                SoundActionHandler::playSound2()
 .text._ZN18SoundActionHandler10playSound3Ev
                0x0000000008000c4c       0x10 ./Core/Src/main.o
                0x0000000008000c4c                SoundActionHandler::playSound3()
 .text._ZN18SoundActionHandler10playSound4Ev
                0x0000000008000c5c       0x10 ./Core/Src/main.o
                0x0000000008000c5c                SoundActionHandler::playSound4()
 .text._ZN18SoundActionHandler10playSound5Ev
                0x0000000008000c6c       0x10 ./Core/Src/main.o
                0x0000000008000c6c                SoundActionHandler::playSound5()
 .text._ZN18SoundActionHandler10playSound6Ev
                0x0000000008000c7c       0x10 ./Core/Src/main.o
                0x0000000008000c7c                SoundActionHandler::playSound6()
 .text._ZN18SoundActionHandler10playSound7Ev
                0x0000000008000c8c       0x10 ./Core/Src/main.o
                0x0000000008000c8c                SoundActionHandler::playSound7()
 .text._ZN18SoundActionHandler10playSound8Ev
                0x0000000008000c9c       0x10 ./Core/Src/main.o
                0x0000000008000c9c                SoundActionHandler::playSound8()
 .text._ZN18SoundActionHandler10playSound9Ev
                0x0000000008000cac       0x10 ./Core/Src/main.o
                0x0000000008000cac                SoundActionHandler::playSound9()
 .text._ZN13ImpulsePlayer4pushE7Impulse
                0x0000000008000cbc       0x22 ./Core/Src/main.o
                0x0000000008000cbc                ImpulsePlayer::push(Impulse)
 *fill*         0x0000000008000cde        0x2 
 .text._ZN13ImpulsePlayer10switchModeEv
                0x0000000008000ce0       0x38 ./Core/Src/main.o
                0x0000000008000ce0                ImpulsePlayer::switchMode()
 .text._ZN13ImpulsePlayer4tickEv
                0x0000000008000d18       0x8c ./Core/Src/main.o
                0x0000000008000d18                ImpulsePlayer::tick()
 .text._ZN13ImpulsePlayer11showImpulseE7Impulse
                0x0000000008000da4       0x44 ./Core/Src/main.o
                0x0000000008000da4                ImpulsePlayer::showImpulse(Impulse)
 .text._ZN13ImpulsePlayer8stopShowEv
                0x0000000008000de8       0x20 ./Core/Src/main.o
                0x0000000008000de8                ImpulsePlayer::stopShow()
 .text._ZNSt5dequeI7ImpulseSaIS0_EEC2Ev
                0x0000000008000e08       0x1a ./Core/Src/main.o
                0x0000000008000e08                std::deque<Impulse, std::allocator<Impulse> >::deque()
                0x0000000008000e08                std::deque<Impulse, std::allocator<Impulse> >::deque()
 .text._ZN13ImpulsePlayerC2Ev
                0x0000000008000e22       0x32 ./Core/Src/main.o
                0x0000000008000e22                ImpulsePlayer::ImpulsePlayer()
                0x0000000008000e22                ImpulsePlayer::ImpulsePlayer()
 .text._ZN20MusicImpulseSequenceC2Ev
                0x0000000008000e54       0x30 ./Core/Src/main.o
                0x0000000008000e54                MusicImpulseSequence::MusicImpulseSequence()
                0x0000000008000e54                MusicImpulseSequence::MusicImpulseSequence()
 .text._ZNSt5dequeImSaImEEC2Ev
                0x0000000008000e84       0x1a ./Core/Src/main.o
                0x0000000008000e84                std::deque<unsigned long, std::allocator<unsigned long> >::deque()
                0x0000000008000e84                std::deque<unsigned long, std::allocator<unsigned long> >::deque()
 .text._ZNSt5dequeI11RoundResultSaIS0_EEC2Ev
                0x0000000008000e9e       0x1a ./Core/Src/main.o
                0x0000000008000e9e                std::deque<RoundResult, std::allocator<RoundResult> >::deque()
                0x0000000008000e9e                std::deque<RoundResult, std::allocator<RoundResult> >::deque()
 .text._ZN9MusicGameC2Ev
                0x0000000008000eb8       0x60 ./Core/Src/main.o
                0x0000000008000eb8                MusicGame::MusicGame()
                0x0000000008000eb8                MusicGame::MusicGame()
 .text._ZN9MusicGame4playEv
                0x0000000008000f18       0x90 ./Core/Src/main.o
                0x0000000008000f18                MusicGame::play()
 .text._ZN9MusicGame16switchDifficultyEv
                0x0000000008000fa8       0x34 ./Core/Src/main.o
                0x0000000008000fa8                MusicGame::switchDifficulty()
 .text._ZN9MusicGame9getPointsEv
                0x0000000008000fdc       0x1e ./Core/Src/main.o
                0x0000000008000fdc                MusicGame::getPoints()
 .text._ZN9MusicGame15getRoundResultsEv
                0x0000000008000ffa       0x1e ./Core/Src/main.o
                0x0000000008000ffa                MusicGame::getRoundResults()
 .text._ZN9MusicGame5clearEv
                0x0000000008001018       0x54 ./Core/Src/main.o
                0x0000000008001018                MusicGame::clear()
 .text._ZN9MusicGame16calculateTimeoutEv
                0x000000000800106c       0x3c ./Core/Src/main.o
                0x000000000800106c                MusicGame::calculateTimeout()
 .text._ZN9MusicGame15calculatePointsEv
                0x00000000080010a8       0x3c ./Core/Src/main.o
                0x00000000080010a8                MusicGame::calculatePoints()
 .text._ZN9MusicGame18calculatePointsForE11RoundResult
                0x00000000080010e4       0x26 ./Core/Src/main.o
                0x00000000080010e4                MusicGame::calculatePointsFor(RoundResult)
 .text._ZN9MusicGame9nextRoundE7Impulsem
                0x000000000800110a       0x68 ./Core/Src/main.o
                0x000000000800110a                MusicGame::nextRound(Impulse, unsigned long)
 *fill*         0x0000000008001172        0x2 
 .text._Z20translateRoundResultB5cxx1111RoundResult
                0x0000000008001174       0xc4 ./Core/Src/main.o
                0x0000000008001174                translateRoundResult[abi:cxx11](RoundResult)
 .text._Z14printStartGamev
                0x0000000008001238      0x110 ./Core/Src/main.o
                0x0000000008001238                printStartGame()
 .text._Z15printSwitchModev
                0x0000000008001348       0x44 ./Core/Src/main.o
                0x0000000008001348                printSwitchMode()
 .text._Z21printSwitchDifficultyv
                0x000000000800138c       0x44 ./Core/Src/main.o
                0x000000000800138c                printSwitchDifficulty()
 .text._Z12printResultsSt5dequeImSaImEES_I11RoundResultSaIS2_EE
                0x00000000080013d0      0x184 ./Core/Src/main.o
                0x00000000080013d0                printResults(std::deque<unsigned long, std::allocator<unsigned long> >, std::deque<RoundResult, std::allocator<RoundResult> >)
 .text._Z12set_timer_msm
                0x0000000008001554       0x24 ./Core/Src/main.o
                0x0000000008001554                set_timer_ms(unsigned long)
 .text.HAL_TIM_PeriodElapsedCallback
                0x0000000008001578       0x2c ./Core/Src/main.o
                0x0000000008001578                HAL_TIM_PeriodElapsedCallback
 .text._Z12init_led_pwmv
                0x00000000080015a4       0x1c ./Core/Src/main.o
                0x00000000080015a4                init_led_pwm()
 .text.main     0x00000000080015c0      0x138 ./Core/Src/main.o
                0x00000000080015c0                main
 .text._Z18SystemClock_Configv
                0x00000000080016f8       0xec ./Core/Src/main.o
                0x00000000080016f8                SystemClock_Config()
 .text.Error_Handler
                0x00000000080017e4        0xa ./Core/Src/main.o
                0x00000000080017e4                Error_Handler
 .text._ZSt3maxIjERKT_S2_S2_
                0x00000000080017ee       0x28 ./Core/Src/main.o
                0x00000000080017ee                unsigned int const& std::max<unsigned int>(unsigned int const&, unsigned int const&)
 .text._ZNSt8__detail14__to_chars_lenImEEjT_i
                0x0000000008001816       0x7e ./Core/Src/main.o
                0x0000000008001816                unsigned int std::__detail::__to_chars_len<unsigned long>(unsigned long, int)
 .text._ZNSt8__detail18__to_chars_10_implImEEvPcjT_
                0x0000000008001894       0xac ./Core/Src/main.o
                0x0000000008001894                void std::__detail::__to_chars_10_impl<unsigned long>(char*, unsigned int, unsigned long)
 .text._ZNSt5dequeI7ImpulseSaIS0_EE9push_backERKS0_
                0x0000000008001940       0x42 ./Core/Src/main.o
                0x0000000008001940                std::deque<Impulse, std::allocator<Impulse> >::push_back(Impulse const&)
 .text._ZNKSt5dequeI7ImpulseSaIS0_EE5emptyEv
                0x0000000008001982       0x24 ./Core/Src/main.o
                0x0000000008001982                std::deque<Impulse, std::allocator<Impulse> >::empty() const
 .text._ZNSt5dequeI7ImpulseSaIS0_EE5frontEv
                0x00000000080019a6       0x28 ./Core/Src/main.o
                0x00000000080019a6                std::deque<Impulse, std::allocator<Impulse> >::front()
 .text._ZNSt5dequeI7ImpulseSaIS0_EE9pop_frontEv
                0x00000000080019ce       0x46 ./Core/Src/main.o
                0x00000000080019ce                std::deque<Impulse, std::allocator<Impulse> >::pop_front()
 .text._ZNSt11_Deque_baseI7ImpulseSaIS0_EE11_Deque_implD2Ev
                0x0000000008001a14       0x18 ./Core/Src/main.o
                0x0000000008001a14                std::_Deque_base<Impulse, std::allocator<Impulse> >::_Deque_impl::~_Deque_impl()
                0x0000000008001a14                std::_Deque_base<Impulse, std::allocator<Impulse> >::_Deque_impl::~_Deque_impl()
 .text._ZNSt11_Deque_baseI7ImpulseSaIS0_EEC2Ev
                0x0000000008001a2c       0x22 ./Core/Src/main.o
                0x0000000008001a2c                std::_Deque_base<Impulse, std::allocator<Impulse> >::_Deque_base()
                0x0000000008001a2c                std::_Deque_base<Impulse, std::allocator<Impulse> >::_Deque_base()
 .text._ZNSt11_Deque_baseI7ImpulseSaIS0_EED2Ev
                0x0000000008001a4e       0x44 ./Core/Src/main.o
                0x0000000008001a4e                std::_Deque_base<Impulse, std::allocator<Impulse> >::~_Deque_base()
                0x0000000008001a4e                std::_Deque_base<Impulse, std::allocator<Impulse> >::~_Deque_base()
 .text._ZNSt5dequeI7ImpulseSaIS0_EED2Ev
                0x0000000008001a92       0x4a ./Core/Src/main.o
                0x0000000008001a92                std::deque<Impulse, std::allocator<Impulse> >::~deque()
                0x0000000008001a92                std::deque<Impulse, std::allocator<Impulse> >::~deque()
 .text._ZNSt11_Deque_baseImSaImEE11_Deque_implD2Ev
                0x0000000008001adc       0x18 ./Core/Src/main.o
                0x0000000008001adc                std::_Deque_base<unsigned long, std::allocator<unsigned long> >::_Deque_impl::~_Deque_impl()
                0x0000000008001adc                std::_Deque_base<unsigned long, std::allocator<unsigned long> >::_Deque_impl::~_Deque_impl()
 .text._ZNSt11_Deque_baseImSaImEEC2Ev
                0x0000000008001af4       0x22 ./Core/Src/main.o
                0x0000000008001af4                std::_Deque_base<unsigned long, std::allocator<unsigned long> >::_Deque_base()
                0x0000000008001af4                std::_Deque_base<unsigned long, std::allocator<unsigned long> >::_Deque_base()
 .text._ZNSt11_Deque_baseImSaImEED2Ev
                0x0000000008001b16       0x44 ./Core/Src/main.o
                0x0000000008001b16                std::_Deque_base<unsigned long, std::allocator<unsigned long> >::~_Deque_base()
                0x0000000008001b16                std::_Deque_base<unsigned long, std::allocator<unsigned long> >::~_Deque_base()
 .text._ZNSt5dequeImSaImEED2Ev
                0x0000000008001b5a       0x4a ./Core/Src/main.o
                0x0000000008001b5a                std::deque<unsigned long, std::allocator<unsigned long> >::~deque()
                0x0000000008001b5a                std::deque<unsigned long, std::allocator<unsigned long> >::~deque()
 .text._ZNSt11_Deque_baseI11RoundResultSaIS0_EE11_Deque_implD2Ev
                0x0000000008001ba4       0x18 ./Core/Src/main.o
                0x0000000008001ba4                std::_Deque_base<RoundResult, std::allocator<RoundResult> >::_Deque_impl::~_Deque_impl()
                0x0000000008001ba4                std::_Deque_base<RoundResult, std::allocator<RoundResult> >::_Deque_impl::~_Deque_impl()
 .text._ZNSt11_Deque_baseI11RoundResultSaIS0_EEC2Ev
                0x0000000008001bbc       0x22 ./Core/Src/main.o
                0x0000000008001bbc                std::_Deque_base<RoundResult, std::allocator<RoundResult> >::_Deque_base()
                0x0000000008001bbc                std::_Deque_base<RoundResult, std::allocator<RoundResult> >::_Deque_base()
 .text._ZNSt11_Deque_baseI11RoundResultSaIS0_EED2Ev
                0x0000000008001bde       0x44 ./Core/Src/main.o
                0x0000000008001bde                std::_Deque_base<RoundResult, std::allocator<RoundResult> >::~_Deque_base()
                0x0000000008001bde                std::_Deque_base<RoundResult, std::allocator<RoundResult> >::~_Deque_base()
 .text._ZNSt5dequeI11RoundResultSaIS0_EED2Ev
                0x0000000008001c22       0x4a ./Core/Src/main.o
                0x0000000008001c22                std::deque<RoundResult, std::allocator<RoundResult> >::~deque()
                0x0000000008001c22                std::deque<RoundResult, std::allocator<RoundResult> >::~deque()
 .text._ZNSt5dequeI11RoundResultSaIS0_EE9push_backERKS0_
                0x0000000008001c6c       0x42 ./Core/Src/main.o
                0x0000000008001c6c                std::deque<RoundResult, std::allocator<RoundResult> >::push_back(RoundResult const&)
 .text._ZNSt5dequeImSaImEE9push_backEOm
                0x0000000008001cae       0x22 ./Core/Src/main.o
                0x0000000008001cae                std::deque<unsigned long, std::allocator<unsigned long> >::push_back(unsigned long&&)
 .text._ZNSt5dequeImSaImEEC2ERKS1_
                0x0000000008001cd0       0x94 ./Core/Src/main.o
                0x0000000008001cd0                std::deque<unsigned long, std::allocator<unsigned long> >::deque(std::deque<unsigned long, std::allocator<unsigned long> > const&)
                0x0000000008001cd0                std::deque<unsigned long, std::allocator<unsigned long> >::deque(std::deque<unsigned long, std::allocator<unsigned long> > const&)
 .text._ZNSt5dequeI11RoundResultSaIS0_EEC2ERKS2_
                0x0000000008001d64       0x94 ./Core/Src/main.o
                0x0000000008001d64                std::deque<RoundResult, std::allocator<RoundResult> >::deque(std::deque<RoundResult, std::allocator<RoundResult> > const&)
                0x0000000008001d64                std::deque<RoundResult, std::allocator<RoundResult> >::deque(std::deque<RoundResult, std::allocator<RoundResult> > const&)
 .text._ZNSt5dequeImSaImEE5clearEv
                0x0000000008001df8       0x28 ./Core/Src/main.o
                0x0000000008001df8                std::deque<unsigned long, std::allocator<unsigned long> >::clear()
 .text._ZNSt5dequeI11RoundResultSaIS0_EE5clearEv
                0x0000000008001e20       0x28 ./Core/Src/main.o
                0x0000000008001e20                std::deque<RoundResult, std::allocator<RoundResult> >::clear()
 .text._ZNKSt5dequeImSaImEE4sizeEv
                0x0000000008001e48       0x24 ./Core/Src/main.o
                0x0000000008001e48                std::deque<unsigned long, std::allocator<unsigned long> >::size() const
 .text._ZNSt5dequeI11RoundResultSaIS0_EEixEj
                0x0000000008001e6c       0x22 ./Core/Src/main.o
                0x0000000008001e6c                std::deque<RoundResult, std::allocator<RoundResult> >::operator[](unsigned int)
 .text._ZNSt5dequeImSaImEEixEj
                0x0000000008001e8e       0x22 ./Core/Src/main.o
                0x0000000008001e8e                std::deque<unsigned long, std::allocator<unsigned long> >::operator[](unsigned int)
 .text._ZNSt16allocator_traitsISaI7ImpulseEE9constructIS0_JRKS0_EEEvRS1_PT_DpOT0_
                0x0000000008001eb0       0x26 ./Core/Src/main.o
                0x0000000008001eb0                void std::allocator_traits<std::allocator<Impulse> >::construct<Impulse, Impulse const&>(std::allocator<Impulse>&, Impulse*, Impulse const&)
 *fill*         0x0000000008001ed6        0x2 
 .text._ZNSt5dequeI7ImpulseSaIS0_EE16_M_push_back_auxIJRKS0_EEEvDpOT_
                0x0000000008001ed8       0x88 ./Core/Src/main.o
                0x0000000008001ed8                void std::deque<Impulse, std::allocator<Impulse> >::_M_push_back_aux<Impulse const&>(Impulse const&)
 .text._ZSteqRKSt15_Deque_iteratorI7ImpulseRS0_PS0_ES5_
                0x0000000008001f60       0x28 ./Core/Src/main.o
                0x0000000008001f60                std::operator==(std::_Deque_iterator<Impulse, Impulse&, Impulse*> const&, std::_Deque_iterator<Impulse, Impulse&, Impulse*> const&)
 .text._ZNSt5dequeI7ImpulseSaIS0_EE5beginEv
                0x0000000008001f88       0x1e ./Core/Src/main.o
                0x0000000008001f88                std::deque<Impulse, std::allocator<Impulse> >::begin()
 .text._ZNKSt15_Deque_iteratorI7ImpulseRS0_PS0_EdeEv
                0x0000000008001fa6       0x18 ./Core/Src/main.o
                0x0000000008001fa6                std::_Deque_iterator<Impulse, Impulse&, Impulse*>::operator*() const
 .text._ZNSt11_Deque_baseI7ImpulseSaIS0_EE19_M_get_Tp_allocatorEv
                0x0000000008001fbe       0x16 ./Core/Src/main.o
                0x0000000008001fbe                std::_Deque_base<Impulse, std::allocator<Impulse> >::_M_get_Tp_allocator()
 .text._ZNSt16allocator_traitsISaI7ImpulseEE7destroyIS0_EEvRS1_PT_
                0x0000000008001fd4       0x1a ./Core/Src/main.o
                0x0000000008001fd4                void std::allocator_traits<std::allocator<Impulse> >::destroy<Impulse>(std::allocator<Impulse>&, Impulse*)
 .text._ZNSt5dequeI7ImpulseSaIS0_EE16_M_pop_front_auxEv
                0x0000000008001fee       0x50 ./Core/Src/main.o
                0x0000000008001fee                std::deque<Impulse, std::allocator<Impulse> >::_M_pop_front_aux()
 .text._ZNSt11_Deque_baseI7ImpulseSaIS0_EE11_Deque_implC2Ev
                0x000000000800203e       0x20 ./Core/Src/main.o
                0x000000000800203e                std::_Deque_base<Impulse, std::allocator<Impulse> >::_Deque_impl::_Deque_impl()
                0x000000000800203e                std::_Deque_base<Impulse, std::allocator<Impulse> >::_Deque_impl::_Deque_impl()
 .text._ZNSaI7ImpulseED2Ev
                0x000000000800205e       0x18 ./Core/Src/main.o
                0x000000000800205e                std::allocator<Impulse>::~allocator()
                0x000000000800205e                std::allocator<Impulse>::~allocator()
 .text._ZNSt11_Deque_baseI7ImpulseSaIS0_EE17_M_initialize_mapEj
                0x0000000008002076       0xc4 ./Core/Src/main.o
                0x0000000008002076                std::_Deque_base<Impulse, std::allocator<Impulse> >::_M_initialize_map(unsigned int)
 .text._ZNSt11_Deque_baseI7ImpulseSaIS0_EE16_M_destroy_nodesEPPS0_S4_
                0x000000000800213a       0x34 ./Core/Src/main.o
                0x000000000800213a                std::_Deque_base<Impulse, std::allocator<Impulse> >::_M_destroy_nodes(Impulse**, Impulse**)
 .text._ZNSt11_Deque_baseI7ImpulseSaIS0_EE17_M_deallocate_mapEPPS0_j
                0x000000000800216e       0x38 ./Core/Src/main.o
                0x000000000800216e                std::_Deque_base<Impulse, std::allocator<Impulse> >::_M_deallocate_map(Impulse**, unsigned int)
 .text._ZNSt5dequeI7ImpulseSaIS0_EE3endEv
                0x00000000080021a6       0x1e ./Core/Src/main.o
                0x00000000080021a6                std::deque<Impulse, std::allocator<Impulse> >::end()
 .text._ZNSt15_Deque_iteratorI7ImpulseRS0_PS0_EC2ERKS3_
                0x00000000080021c4       0x38 ./Core/Src/main.o
                0x00000000080021c4                std::_Deque_iterator<Impulse, Impulse&, Impulse*>::_Deque_iterator(std::_Deque_iterator<Impulse, Impulse&, Impulse*> const&)
                0x00000000080021c4                std::_Deque_iterator<Impulse, Impulse&, Impulse*>::_Deque_iterator(std::_Deque_iterator<Impulse, Impulse&, Impulse*> const&)
 .text._ZNSt5dequeI7ImpulseSaIS0_EE15_M_destroy_dataESt15_Deque_iteratorIS0_RS0_PS0_ES6_RKS1_
                0x00000000080021fc       0x1a ./Core/Src/main.o
                0x00000000080021fc                std::deque<Impulse, std::allocator<Impulse> >::_M_destroy_data(std::_Deque_iterator<Impulse, Impulse&, Impulse*>, std::_Deque_iterator<Impulse, Impulse&, Impulse*>, std::allocator<Impulse> const&)
 .text._ZNSt11_Deque_baseImSaImEE11_Deque_implC2Ev
                0x0000000008002216       0x20 ./Core/Src/main.o
                0x0000000008002216                std::_Deque_base<unsigned long, std::allocator<unsigned long> >::_Deque_impl::_Deque_impl()
                0x0000000008002216                std::_Deque_base<unsigned long, std::allocator<unsigned long> >::_Deque_impl::_Deque_impl()
 .text._ZNSaImED2Ev
                0x0000000008002236       0x18 ./Core/Src/main.o
                0x0000000008002236                std::allocator<unsigned long>::~allocator()
                0x0000000008002236                std::allocator<unsigned long>::~allocator()
 .text._ZNSt11_Deque_baseImSaImEE17_M_initialize_mapEj
                0x000000000800224e       0xc6 ./Core/Src/main.o
                0x000000000800224e                std::_Deque_base<unsigned long, std::allocator<unsigned long> >::_M_initialize_map(unsigned int)
 .text._ZNSt11_Deque_baseImSaImEE16_M_destroy_nodesEPPmS3_
                0x0000000008002314       0x34 ./Core/Src/main.o
                0x0000000008002314                std::_Deque_base<unsigned long, std::allocator<unsigned long> >::_M_destroy_nodes(unsigned long**, unsigned long**)
 .text._ZNSt11_Deque_baseImSaImEE17_M_deallocate_mapEPPmj
                0x0000000008002348       0x38 ./Core/Src/main.o
                0x0000000008002348                std::_Deque_base<unsigned long, std::allocator<unsigned long> >::_M_deallocate_map(unsigned long**, unsigned int)
 .text._ZNSt5dequeImSaImEE5beginEv
                0x0000000008002380       0x1e ./Core/Src/main.o
                0x0000000008002380                std::deque<unsigned long, std::allocator<unsigned long> >::begin()
 .text._ZNSt5dequeImSaImEE3endEv
                0x000000000800239e       0x1e ./Core/Src/main.o
                0x000000000800239e                std::deque<unsigned long, std::allocator<unsigned long> >::end()
 .text._ZNSt11_Deque_baseImSaImEE19_M_get_Tp_allocatorEv
                0x00000000080023bc       0x16 ./Core/Src/main.o
                0x00000000080023bc                std::_Deque_base<unsigned long, std::allocator<unsigned long> >::_M_get_Tp_allocator()
 .text._ZNSt15_Deque_iteratorImRmPmEC2ERKS2_
                0x00000000080023d2       0x38 ./Core/Src/main.o
                0x00000000080023d2                std::_Deque_iterator<unsigned long, unsigned long&, unsigned long*>::_Deque_iterator(std::_Deque_iterator<unsigned long, unsigned long&, unsigned long*> const&)
                0x00000000080023d2                std::_Deque_iterator<unsigned long, unsigned long&, unsigned long*>::_Deque_iterator(std::_Deque_iterator<unsigned long, unsigned long&, unsigned long*> const&)
 .text._ZNSt5dequeImSaImEE15_M_destroy_dataESt15_Deque_iteratorImRmPmES5_RKS0_
                0x000000000800240a       0x1a ./Core/Src/main.o
                0x000000000800240a                std::deque<unsigned long, std::allocator<unsigned long> >::_M_destroy_data(std::_Deque_iterator<unsigned long, unsigned long&, unsigned long*>, std::_Deque_iterator<unsigned long, unsigned long&, unsigned long*>, std::allocator<unsigned long> const&)
 .text._ZNSt11_Deque_baseI11RoundResultSaIS0_EE11_Deque_implC2Ev
                0x0000000008002424       0x20 ./Core/Src/main.o
                0x0000000008002424                std::_Deque_base<RoundResult, std::allocator<RoundResult> >::_Deque_impl::_Deque_impl()
                0x0000000008002424                std::_Deque_base<RoundResult, std::allocator<RoundResult> >::_Deque_impl::_Deque_impl()
 .text._ZNSaI11RoundResultED2Ev
                0x0000000008002444       0x18 ./Core/Src/main.o
                0x0000000008002444                std::allocator<RoundResult>::~allocator()
                0x0000000008002444                std::allocator<RoundResult>::~allocator()
 .text._ZNSt11_Deque_baseI11RoundResultSaIS0_EE17_M_initialize_mapEj
                0x000000000800245c       0xc4 ./Core/Src/main.o
                0x000000000800245c                std::_Deque_base<RoundResult, std::allocator<RoundResult> >::_M_initialize_map(unsigned int)
 .text._ZNSt11_Deque_baseI11RoundResultSaIS0_EE16_M_destroy_nodesEPPS0_S4_
                0x0000000008002520       0x34 ./Core/Src/main.o
                0x0000000008002520                std::_Deque_base<RoundResult, std::allocator<RoundResult> >::_M_destroy_nodes(RoundResult**, RoundResult**)
 .text._ZNSt11_Deque_baseI11RoundResultSaIS0_EE17_M_deallocate_mapEPPS0_j
                0x0000000008002554       0x38 ./Core/Src/main.o
                0x0000000008002554                std::_Deque_base<RoundResult, std::allocator<RoundResult> >::_M_deallocate_map(RoundResult**, unsigned int)
 .text._ZNSt5dequeI11RoundResultSaIS0_EE5beginEv
                0x000000000800258c       0x1e ./Core/Src/main.o
                0x000000000800258c                std::deque<RoundResult, std::allocator<RoundResult> >::begin()
 .text._ZNSt5dequeI11RoundResultSaIS0_EE3endEv
                0x00000000080025aa       0x1e ./Core/Src/main.o
                0x00000000080025aa                std::deque<RoundResult, std::allocator<RoundResult> >::end()
 .text._ZNSt11_Deque_baseI11RoundResultSaIS0_EE19_M_get_Tp_allocatorEv
                0x00000000080025c8       0x16 ./Core/Src/main.o
                0x00000000080025c8                std::_Deque_base<RoundResult, std::allocator<RoundResult> >::_M_get_Tp_allocator()
 .text._ZNSt15_Deque_iteratorI11RoundResultRS0_PS0_EC2ERKS3_
                0x00000000080025de       0x38 ./Core/Src/main.o
                0x00000000080025de                std::_Deque_iterator<RoundResult, RoundResult&, RoundResult*>::_Deque_iterator(std::_Deque_iterator<RoundResult, RoundResult&, RoundResult*> const&)
                0x00000000080025de                std::_Deque_iterator<RoundResult, RoundResult&, RoundResult*>::_Deque_iterator(std::_Deque_iterator<RoundResult, RoundResult&, RoundResult*> const&)
 .text._ZNSt5dequeI11RoundResultSaIS0_EE15_M_destroy_dataESt15_Deque_iteratorIS0_RS0_PS0_ES6_RKS1_
                0x0000000008002616       0x1a ./Core/Src/main.o
                0x0000000008002616                std::deque<RoundResult, std::allocator<RoundResult> >::_M_destroy_data(std::_Deque_iterator<RoundResult, RoundResult&, RoundResult*>, std::_Deque_iterator<RoundResult, RoundResult&, RoundResult*>, std::allocator<RoundResult> const&)
 .text._ZNSt16allocator_traitsISaI11RoundResultEE9constructIS0_JRKS0_EEEvRS1_PT_DpOT0_
                0x0000000008002630       0x26 ./Core/Src/main.o
                0x0000000008002630                void std::allocator_traits<std::allocator<RoundResult> >::construct<RoundResult, RoundResult const&>(std::allocator<RoundResult>&, RoundResult*, RoundResult const&)
 *fill*         0x0000000008002656        0x2 
 .text._ZNSt5dequeI11RoundResultSaIS0_EE16_M_push_back_auxIJRKS0_EEEvDpOT_
                0x0000000008002658       0x88 ./Core/Src/main.o
                0x0000000008002658                void std::deque<RoundResult, std::allocator<RoundResult> >::_M_push_back_aux<RoundResult const&>(RoundResult const&)
 .text._ZSt4moveIRmEONSt16remove_referenceIT_E4typeEOS2_
                0x00000000080026e0       0x16 ./Core/Src/main.o
                0x00000000080026e0                std::remove_reference<unsigned long&>::type&& std::move<unsigned long&>(unsigned long&)
 .text._ZNSt5dequeImSaImEE12emplace_backIJmEEEvDpOT_
                0x00000000080026f6       0x54 ./Core/Src/main.o
                0x00000000080026f6                void std::deque<unsigned long, std::allocator<unsigned long> >::emplace_back<unsigned long>(unsigned long&&)
 .text._ZN9__gnu_cxx14__alloc_traitsISaImEmE17_S_select_on_copyERKS1_
                0x000000000800274a       0x1c ./Core/Src/main.o
                0x000000000800274a                __gnu_cxx::__alloc_traits<std::allocator<unsigned long>, unsigned long>::_S_select_on_copy(std::allocator<unsigned long> const&)
 .text._ZNKSt11_Deque_baseImSaImEE19_M_get_Tp_allocatorEv
                0x0000000008002766       0x16 ./Core/Src/main.o
                0x0000000008002766                std::_Deque_base<unsigned long, std::allocator<unsigned long> >::_M_get_Tp_allocator() const
 .text._ZNSt11_Deque_baseImSaImEEC2ERKS0_j
                0x000000000800277c       0x28 ./Core/Src/main.o
                0x000000000800277c                std::_Deque_base<unsigned long, std::allocator<unsigned long> >::_Deque_base(std::allocator<unsigned long> const&, unsigned int)
                0x000000000800277c                std::_Deque_base<unsigned long, std::allocator<unsigned long> >::_Deque_base(std::allocator<unsigned long> const&, unsigned int)
 .text._ZNKSt5dequeImSaImEE5beginEv
                0x00000000080027a4       0x1e ./Core/Src/main.o
                0x00000000080027a4                std::deque<unsigned long, std::allocator<unsigned long> >::begin() const
 .text._ZNKSt5dequeImSaImEE3endEv
                0x00000000080027c2       0x1e ./Core/Src/main.o
                0x00000000080027c2                std::deque<unsigned long, std::allocator<unsigned long> >::end() const
 .text._ZNSt15_Deque_iteratorImRKmPS0_EC2ERKS3_
                0x00000000080027e0       0x38 ./Core/Src/main.o
                0x00000000080027e0                std::_Deque_iterator<unsigned long, unsigned long const&, unsigned long const*>::_Deque_iterator(std::_Deque_iterator<unsigned long, unsigned long const&, unsigned long const*> const&)
                0x00000000080027e0                std::_Deque_iterator<unsigned long, unsigned long const&, unsigned long const*>::_Deque_iterator(std::_Deque_iterator<unsigned long, unsigned long const&, unsigned long const*> const&)
 .text._ZSt22__uninitialized_copy_aISt15_Deque_iteratorImRKmPS1_ES0_ImRmPmEmET0_T_S9_S8_RSaIT1_E
                0x0000000008002818       0x4c ./Core/Src/main.o
                0x0000000008002818                std::_Deque_iterator<unsigned long, unsigned long&, unsigned long*> std::__uninitialized_copy_a<std::_Deque_iterator<unsigned long, unsigned long const&, unsigned long const*>, std::_Deque_iterator<unsigned long, unsigned long&, unsigned long*>, unsigned long>(std::_Deque_iterator<unsigned long, unsigned long const&, unsigned long const*>, std::_Deque_iterator<unsigned long, unsigned long const&, unsigned long const*>, std::_Deque_iterator<unsigned long, unsigned long&, unsigned long*>, std::allocator<unsigned long>&)
 .text._ZN9__gnu_cxx14__alloc_traitsISaI11RoundResultES1_E17_S_select_on_copyERKS2_
                0x0000000008002864       0x1c ./Core/Src/main.o
                0x0000000008002864                __gnu_cxx::__alloc_traits<std::allocator<RoundResult>, RoundResult>::_S_select_on_copy(std::allocator<RoundResult> const&)
 .text._ZNKSt11_Deque_baseI11RoundResultSaIS0_EE19_M_get_Tp_allocatorEv
                0x0000000008002880       0x16 ./Core/Src/main.o
                0x0000000008002880                std::_Deque_base<RoundResult, std::allocator<RoundResult> >::_M_get_Tp_allocator() const
 .text._ZNKSt5dequeI11RoundResultSaIS0_EE4sizeEv
                0x0000000008002896       0x24 ./Core/Src/main.o
                0x0000000008002896                std::deque<RoundResult, std::allocator<RoundResult> >::size() const
 .text._ZNSt11_Deque_baseI11RoundResultSaIS0_EEC2ERKS1_j
                0x00000000080028ba       0x28 ./Core/Src/main.o
                0x00000000080028ba                std::_Deque_base<RoundResult, std::allocator<RoundResult> >::_Deque_base(std::allocator<RoundResult> const&, unsigned int)
                0x00000000080028ba                std::_Deque_base<RoundResult, std::allocator<RoundResult> >::_Deque_base(std::allocator<RoundResult> const&, unsigned int)
 .text._ZNKSt5dequeI11RoundResultSaIS0_EE5beginEv
                0x00000000080028e2       0x1e ./Core/Src/main.o
                0x00000000080028e2                std::deque<RoundResult, std::allocator<RoundResult> >::begin() const
 .text._ZNKSt5dequeI11RoundResultSaIS0_EE3endEv
                0x0000000008002900       0x1e ./Core/Src/main.o
                0x0000000008002900                std::deque<RoundResult, std::allocator<RoundResult> >::end() const
 .text._ZNSt15_Deque_iteratorI11RoundResultRKS0_PS1_EC2ERKS4_
                0x000000000800291e       0x38 ./Core/Src/main.o
                0x000000000800291e                std::_Deque_iterator<RoundResult, RoundResult const&, RoundResult const*>::_Deque_iterator(std::_Deque_iterator<RoundResult, RoundResult const&, RoundResult const*> const&)
                0x000000000800291e                std::_Deque_iterator<RoundResult, RoundResult const&, RoundResult const*>::_Deque_iterator(std::_Deque_iterator<RoundResult, RoundResult const&, RoundResult const*> const&)
 .text._ZSt22__uninitialized_copy_aISt15_Deque_iteratorI11RoundResultRKS1_PS2_ES0_IS1_RS1_PS1_ES1_ET0_T_SA_S9_RSaIT1_E
                0x0000000008002956       0x4c ./Core/Src/main.o
                0x0000000008002956                std::_Deque_iterator<RoundResult, RoundResult&, RoundResult*> std::__uninitialized_copy_a<std::_Deque_iterator<RoundResult, RoundResult const&, RoundResult const*>, std::_Deque_iterator<RoundResult, RoundResult&, RoundResult*>, RoundResult>(std::_Deque_iterator<RoundResult, RoundResult const&, RoundResult const*>, std::_Deque_iterator<RoundResult, RoundResult const&, RoundResult const*>, std::_Deque_iterator<RoundResult, RoundResult&, RoundResult*>, std::allocator<RoundResult>&)
 .text._ZNSt5dequeImSaImEE15_M_erase_at_endESt15_Deque_iteratorImRmPmE
                0x00000000080029a2       0x66 ./Core/Src/main.o
                0x00000000080029a2                std::deque<unsigned long, std::allocator<unsigned long> >::_M_erase_at_end(std::_Deque_iterator<unsigned long, unsigned long&, unsigned long*>)
 .text._ZNSt5dequeI11RoundResultSaIS0_EE15_M_erase_at_endESt15_Deque_iteratorIS0_RS0_PS0_E
                0x0000000008002a08       0x66 ./Core/Src/main.o
                0x0000000008002a08                std::deque<RoundResult, std::allocator<RoundResult> >::_M_erase_at_end(std::_Deque_iterator<RoundResult, RoundResult&, RoundResult*>)
 .text._ZStmiRKSt15_Deque_iteratorImRmPmES4_
                0x0000000008002a6e       0x48 ./Core/Src/main.o
                0x0000000008002a6e                std::operator-(std::_Deque_iterator<unsigned long, unsigned long&, unsigned long*> const&, std::_Deque_iterator<unsigned long, unsigned long&, unsigned long*> const&)
 .text._ZNKSt15_Deque_iteratorI11RoundResultRS0_PS0_EixEi
                0x0000000008002ab6       0x2c ./Core/Src/main.o
                0x0000000008002ab6                std::_Deque_iterator<RoundResult, RoundResult&, RoundResult*>::operator[](int) const
 .text._ZNKSt15_Deque_iteratorImRmPmEixEi
                0x0000000008002ae2       0x2c ./Core/Src/main.o
                0x0000000008002ae2                std::_Deque_iterator<unsigned long, unsigned long&, unsigned long*>::operator[](int) const
 .text._ZSt7forwardIRK7ImpulseEOT_RNSt16remove_referenceIS3_E4typeE
                0x0000000008002b0e       0x16 ./Core/Src/main.o
                0x0000000008002b0e                Impulse const& std::forward<Impulse const&>(std::remove_reference<Impulse const&>::type&)
 .text._ZN9__gnu_cxx13new_allocatorI7ImpulseE9constructIS1_JRKS1_EEEvPT_DpOT0_
                0x0000000008002b24       0x2e ./Core/Src/main.o
                0x0000000008002b24                void __gnu_cxx::new_allocator<Impulse>::construct<Impulse, Impulse const&>(Impulse*, Impulse const&)
 .text._ZNKSt5dequeI7ImpulseSaIS0_EE4sizeEv
                0x0000000008002b52       0x24 ./Core/Src/main.o
                0x0000000008002b52                std::deque<Impulse, std::allocator<Impulse> >::size() const
 .text._ZNKSt5dequeI7ImpulseSaIS0_EE8max_sizeEv
                0x0000000008002b76       0x22 ./Core/Src/main.o
                0x0000000008002b76                std::deque<Impulse, std::allocator<Impulse> >::max_size() const
 .text._ZNSt5dequeI7ImpulseSaIS0_EE22_M_reserve_map_at_backEj
                0x0000000008002b98       0x36 ./Core/Src/main.o
                0x0000000008002b98                std::deque<Impulse, std::allocator<Impulse> >::_M_reserve_map_at_back(unsigned int)
 .text._ZNSt11_Deque_baseI7ImpulseSaIS0_EE16_M_allocate_nodeEv
                0x0000000008002bce       0x24 ./Core/Src/main.o
                0x0000000008002bce                std::_Deque_base<Impulse, std::allocator<Impulse> >::_M_allocate_node()
 .text._ZNSt15_Deque_iteratorI7ImpulseRS0_PS0_E11_M_set_nodeEPS2_
                0x0000000008002bf2       0x30 ./Core/Src/main.o
                0x0000000008002bf2                std::_Deque_iterator<Impulse, Impulse&, Impulse*>::_M_set_node(Impulse**)
 .text._ZNSt11_Deque_baseI7ImpulseSaIS0_EE18_M_deallocate_nodeEPS0_
                0x0000000008002c22       0x26 ./Core/Src/main.o
                0x0000000008002c22                std::_Deque_base<Impulse, std::allocator<Impulse> >::_M_deallocate_node(Impulse*)
 .text._ZN9__gnu_cxx13new_allocatorI7ImpulseE7destroyIS1_EEvPT_
                0x0000000008002c48       0x16 ./Core/Src/main.o
                0x0000000008002c48                void __gnu_cxx::new_allocator<Impulse>::destroy<Impulse>(Impulse*)
 .text._ZNSaI7ImpulseEC2Ev
                0x0000000008002c5e       0x18 ./Core/Src/main.o
                0x0000000008002c5e                std::allocator<Impulse>::allocator()
                0x0000000008002c5e                std::allocator<Impulse>::allocator()
 .text._ZNSt11_Deque_baseI7ImpulseSaIS0_EE16_Deque_impl_dataC2Ev
                0x0000000008002c76       0x32 ./Core/Src/main.o
                0x0000000008002c76                std::_Deque_base<Impulse, std::allocator<Impulse> >::_Deque_impl_data::_Deque_impl_data()
                0x0000000008002c76                std::_Deque_base<Impulse, std::allocator<Impulse> >::_Deque_impl_data::_Deque_impl_data()
 .text._ZN9__gnu_cxx13new_allocatorI7ImpulseED2Ev
                0x0000000008002ca8       0x16 ./Core/Src/main.o
                0x0000000008002ca8                __gnu_cxx::new_allocator<Impulse>::~new_allocator()
                0x0000000008002ca8                __gnu_cxx::new_allocator<Impulse>::~new_allocator()
 .text._ZNSt11_Deque_baseI7ImpulseSaIS0_EE15_M_allocate_mapEj
                0x0000000008002cbe       0x3a ./Core/Src/main.o
                0x0000000008002cbe                std::_Deque_base<Impulse, std::allocator<Impulse> >::_M_allocate_map(unsigned int)
 .text._ZNSt11_Deque_baseI7ImpulseSaIS0_EE15_M_create_nodesEPPS0_S4_
                0x0000000008002cf8       0x34 ./Core/Src/main.o
                0x0000000008002cf8                std::_Deque_base<Impulse, std::allocator<Impulse> >::_M_create_nodes(Impulse**, Impulse**)
 .text._ZNKSt11_Deque_baseI7ImpulseSaIS0_EE20_M_get_map_allocatorEv
                0x0000000008002d2c       0x22 ./Core/Src/main.o
                0x0000000008002d2c                std::_Deque_base<Impulse, std::allocator<Impulse> >::_M_get_map_allocator() const
 .text._ZNSaIP7ImpulseED2Ev
                0x0000000008002d4e       0x18 ./Core/Src/main.o
                0x0000000008002d4e                std::allocator<Impulse*>::~allocator()
                0x0000000008002d4e                std::allocator<Impulse*>::~allocator()
 .text._ZNSt16allocator_traitsISaIP7ImpulseEE10deallocateERS2_PS1_j
                0x0000000008002d66       0x1e ./Core/Src/main.o
                0x0000000008002d66                std::allocator_traits<std::allocator<Impulse*> >::deallocate(std::allocator<Impulse*>&, Impulse**, unsigned int)
 .text._ZNSaImEC2Ev
                0x0000000008002d84       0x18 ./Core/Src/main.o
                0x0000000008002d84                std::allocator<unsigned long>::allocator()
                0x0000000008002d84                std::allocator<unsigned long>::allocator()
 .text._ZNSt11_Deque_baseImSaImEE16_Deque_impl_dataC2Ev
                0x0000000008002d9c       0x32 ./Core/Src/main.o
                0x0000000008002d9c                std::_Deque_base<unsigned long, std::allocator<unsigned long> >::_Deque_impl_data::_Deque_impl_data()
                0x0000000008002d9c                std::_Deque_base<unsigned long, std::allocator<unsigned long> >::_Deque_impl_data::_Deque_impl_data()
 .text._ZN9__gnu_cxx13new_allocatorImED2Ev
                0x0000000008002dce       0x16 ./Core/Src/main.o
                0x0000000008002dce                __gnu_cxx::new_allocator<unsigned long>::~new_allocator()
                0x0000000008002dce                __gnu_cxx::new_allocator<unsigned long>::~new_allocator()
 .text._ZNSt11_Deque_baseImSaImEE15_M_allocate_mapEj
                0x0000000008002de4       0x3a ./Core/Src/main.o
                0x0000000008002de4                std::_Deque_base<unsigned long, std::allocator<unsigned long> >::_M_allocate_map(unsigned int)
 .text._ZNSt11_Deque_baseImSaImEE15_M_create_nodesEPPmS3_
                0x0000000008002e1e       0x34 ./Core/Src/main.o
                0x0000000008002e1e                std::_Deque_base<unsigned long, std::allocator<unsigned long> >::_M_create_nodes(unsigned long**, unsigned long**)
 .text._ZNSt15_Deque_iteratorImRmPmE11_M_set_nodeEPS1_
                0x0000000008002e52       0x32 ./Core/Src/main.o
                0x0000000008002e52                std::_Deque_iterator<unsigned long, unsigned long&, unsigned long*>::_M_set_node(unsigned long**)
 .text._ZNSt11_Deque_baseImSaImEE18_M_deallocate_nodeEPm
                0x0000000008002e84       0x26 ./Core/Src/main.o
                0x0000000008002e84                std::_Deque_base<unsigned long, std::allocator<unsigned long> >::_M_deallocate_node(unsigned long*)
 .text._ZNKSt11_Deque_baseImSaImEE20_M_get_map_allocatorEv
                0x0000000008002eaa       0x22 ./Core/Src/main.o
                0x0000000008002eaa                std::_Deque_base<unsigned long, std::allocator<unsigned long> >::_M_get_map_allocator() const
 .text._ZNSaIPmED2Ev
                0x0000000008002ecc       0x18 ./Core/Src/main.o
                0x0000000008002ecc                std::allocator<unsigned long*>::~allocator()
                0x0000000008002ecc                std::allocator<unsigned long*>::~allocator()
 .text._ZNSt16allocator_traitsISaIPmEE10deallocateERS1_PS0_j
                0x0000000008002ee4       0x1e ./Core/Src/main.o
                0x0000000008002ee4                std::allocator_traits<std::allocator<unsigned long*> >::deallocate(std::allocator<unsigned long*>&, unsigned long**, unsigned int)
 .text._ZNSaI11RoundResultEC2Ev
                0x0000000008002f02       0x18 ./Core/Src/main.o
                0x0000000008002f02                std::allocator<RoundResult>::allocator()
                0x0000000008002f02                std::allocator<RoundResult>::allocator()
 .text._ZNSt11_Deque_baseI11RoundResultSaIS0_EE16_Deque_impl_dataC2Ev
                0x0000000008002f1a       0x32 ./Core/Src/main.o
                0x0000000008002f1a                std::_Deque_base<RoundResult, std::allocator<RoundResult> >::_Deque_impl_data::_Deque_impl_data()
                0x0000000008002f1a                std::_Deque_base<RoundResult, std::allocator<RoundResult> >::_Deque_impl_data::_Deque_impl_data()
 .text._ZN9__gnu_cxx13new_allocatorI11RoundResultED2Ev
                0x0000000008002f4c       0x16 ./Core/Src/main.o
                0x0000000008002f4c                __gnu_cxx::new_allocator<RoundResult>::~new_allocator()
                0x0000000008002f4c                __gnu_cxx::new_allocator<RoundResult>::~new_allocator()
 .text._ZNSt11_Deque_baseI11RoundResultSaIS0_EE15_M_allocate_mapEj
                0x0000000008002f62       0x3a ./Core/Src/main.o
                0x0000000008002f62                std::_Deque_base<RoundResult, std::allocator<RoundResult> >::_M_allocate_map(unsigned int)
 .text._ZNSt11_Deque_baseI11RoundResultSaIS0_EE15_M_create_nodesEPPS0_S4_
                0x0000000008002f9c       0x34 ./Core/Src/main.o
                0x0000000008002f9c                std::_Deque_base<RoundResult, std::allocator<RoundResult> >::_M_create_nodes(RoundResult**, RoundResult**)
 .text._ZNSt15_Deque_iteratorI11RoundResultRS0_PS0_E11_M_set_nodeEPS2_
                0x0000000008002fd0       0x30 ./Core/Src/main.o
                0x0000000008002fd0                std::_Deque_iterator<RoundResult, RoundResult&, RoundResult*>::_M_set_node(RoundResult**)
 .text._ZNSt11_Deque_baseI11RoundResultSaIS0_EE18_M_deallocate_nodeEPS0_
                0x0000000008003000       0x26 ./Core/Src/main.o
                0x0000000008003000                std::_Deque_base<RoundResult, std::allocator<RoundResult> >::_M_deallocate_node(RoundResult*)
 .text._ZNKSt11_Deque_baseI11RoundResultSaIS0_EE20_M_get_map_allocatorEv
                0x0000000008003026       0x22 ./Core/Src/main.o
                0x0000000008003026                std::_Deque_base<RoundResult, std::allocator<RoundResult> >::_M_get_map_allocator() const
 .text._ZNSaIP11RoundResultED2Ev
                0x0000000008003048       0x18 ./Core/Src/main.o
                0x0000000008003048                std::allocator<RoundResult*>::~allocator()
                0x0000000008003048                std::allocator<RoundResult*>::~allocator()
 .text._ZNSt16allocator_traitsISaIP11RoundResultEE10deallocateERS2_PS1_j
                0x0000000008003060       0x1e ./Core/Src/main.o
                0x0000000008003060                std::allocator_traits<std::allocator<RoundResult*> >::deallocate(std::allocator<RoundResult*>&, RoundResult**, unsigned int)
 .text._ZSt7forwardIRK11RoundResultEOT_RNSt16remove_referenceIS3_E4typeE
                0x000000000800307e       0x16 ./Core/Src/main.o
                0x000000000800307e                RoundResult const& std::forward<RoundResult const&>(std::remove_reference<RoundResult const&>::type&)
 .text._ZN9__gnu_cxx13new_allocatorI11RoundResultE9constructIS1_JRKS1_EEEvPT_DpOT0_
                0x0000000008003094       0x2e ./Core/Src/main.o
                0x0000000008003094                void __gnu_cxx::new_allocator<RoundResult>::construct<RoundResult, RoundResult const&>(RoundResult*, RoundResult const&)
 .text._ZNKSt5dequeI11RoundResultSaIS0_EE8max_sizeEv
                0x00000000080030c2       0x22 ./Core/Src/main.o
                0x00000000080030c2                std::deque<RoundResult, std::allocator<RoundResult> >::max_size() const
 .text._ZNSt5dequeI11RoundResultSaIS0_EE22_M_reserve_map_at_backEj
                0x00000000080030e4       0x36 ./Core/Src/main.o
                0x00000000080030e4                std::deque<RoundResult, std::allocator<RoundResult> >::_M_reserve_map_at_back(unsigned int)
 .text._ZNSt11_Deque_baseI11RoundResultSaIS0_EE16_M_allocate_nodeEv
                0x000000000800311a       0x24 ./Core/Src/main.o
                0x000000000800311a                std::_Deque_base<RoundResult, std::allocator<RoundResult> >::_M_allocate_node()
 .text._ZSt7forwardImEOT_RNSt16remove_referenceIS0_E4typeE
                0x000000000800313e       0x16 ./Core/Src/main.o
                0x000000000800313e                unsigned long&& std::forward<unsigned long>(std::remove_reference<unsigned long>::type&)
 .text._ZNSt16allocator_traitsISaImEE9constructImJmEEEvRS0_PT_DpOT0_
                0x0000000008003154       0x26 ./Core/Src/main.o
                0x0000000008003154                void std::allocator_traits<std::allocator<unsigned long> >::construct<unsigned long, unsigned long>(std::allocator<unsigned long>&, unsigned long*, unsigned long&&)
 *fill*         0x000000000800317a        0x2 
 .text._ZNSt5dequeImSaImEE16_M_push_back_auxIJmEEEvDpOT_
                0x000000000800317c       0x88 ./Core/Src/main.o
                0x000000000800317c                void std::deque<unsigned long, std::allocator<unsigned long> >::_M_push_back_aux<unsigned long>(unsigned long&&)
 .text._ZNSt16allocator_traitsISaImEE37select_on_container_copy_constructionERKS0_
                0x0000000008003204       0x1a ./Core/Src/main.o
                0x0000000008003204                std::allocator_traits<std::allocator<unsigned long> >::select_on_container_copy_construction(std::allocator<unsigned long> const&)
 .text._ZNSaImEC2ERKS_
                0x000000000800321e       0x1c ./Core/Src/main.o
                0x000000000800321e                std::allocator<unsigned long>::allocator(std::allocator<unsigned long> const&)
                0x000000000800321e                std::allocator<unsigned long>::allocator(std::allocator<unsigned long> const&)
 .text._ZNSt11_Deque_baseImSaImEE11_Deque_implC2ERKS0_
                0x000000000800323a       0x24 ./Core/Src/main.o
                0x000000000800323a                std::_Deque_base<unsigned long, std::allocator<unsigned long> >::_Deque_impl::_Deque_impl(std::allocator<unsigned long> const&)
                0x000000000800323a                std::_Deque_base<unsigned long, std::allocator<unsigned long> >::_Deque_impl::_Deque_impl(std::allocator<unsigned long> const&)
 .text._ZNSt15_Deque_iteratorImRKmPS0_EC2IS_ImRmPmEvEERKT_
                0x000000000800325e       0x38 ./Core/Src/main.o
                0x000000000800325e                std::_Deque_iterator<unsigned long, unsigned long const&, unsigned long const*>::_Deque_iterator<std::_Deque_iterator<unsigned long, unsigned long&, unsigned long*>, void>(std::_Deque_iterator<unsigned long, unsigned long&, unsigned long*> const&)
                0x000000000800325e                std::_Deque_iterator<unsigned long, unsigned long const&, unsigned long const*>::_Deque_iterator<std::_Deque_iterator<unsigned long, unsigned long&, unsigned long*>, void>(std::_Deque_iterator<unsigned long, unsigned long&, unsigned long*> const&)
 .text._ZSt18uninitialized_copyISt15_Deque_iteratorImRKmPS1_ES0_ImRmPmEET0_T_S9_S8_
                0x0000000008003296       0x52 ./Core/Src/main.o
                0x0000000008003296                std::_Deque_iterator<unsigned long, unsigned long&, unsigned long*> std::uninitialized_copy<std::_Deque_iterator<unsigned long, unsigned long const&, unsigned long const*>, std::_Deque_iterator<unsigned long, unsigned long&, unsigned long*> >(std::_Deque_iterator<unsigned long, unsigned long const&, unsigned long const*>, std::_Deque_iterator<unsigned long, unsigned long const&, unsigned long const*>, std::_Deque_iterator<unsigned long, unsigned long&, unsigned long*>)
 .text._ZNSt16allocator_traitsISaI11RoundResultEE37select_on_container_copy_constructionERKS1_
                0x00000000080032e8       0x1a ./Core/Src/main.o
                0x00000000080032e8                std::allocator_traits<std::allocator<RoundResult> >::select_on_container_copy_construction(std::allocator<RoundResult> const&)
 .text._ZNSaI11RoundResultEC2ERKS0_
                0x0000000008003302       0x1c ./Core/Src/main.o
                0x0000000008003302                std::allocator<RoundResult>::allocator(std::allocator<RoundResult> const&)
                0x0000000008003302                std::allocator<RoundResult>::allocator(std::allocator<RoundResult> const&)
 .text._ZStmiRKSt15_Deque_iteratorI11RoundResultRS0_PS0_ES5_
                0x000000000800331e       0x44 ./Core/Src/main.o
                0x000000000800331e                std::operator-(std::_Deque_iterator<RoundResult, RoundResult&, RoundResult*> const&, std::_Deque_iterator<RoundResult, RoundResult&, RoundResult*> const&)
 .text._ZNSt11_Deque_baseI11RoundResultSaIS0_EE11_Deque_implC2ERKS1_
                0x0000000008003362       0x24 ./Core/Src/main.o
                0x0000000008003362                std::_Deque_base<RoundResult, std::allocator<RoundResult> >::_Deque_impl::_Deque_impl(std::allocator<RoundResult> const&)
                0x0000000008003362                std::_Deque_base<RoundResult, std::allocator<RoundResult> >::_Deque_impl::_Deque_impl(std::allocator<RoundResult> const&)
 .text._ZNSt15_Deque_iteratorI11RoundResultRKS0_PS1_EC2IS_IS0_RS0_PS0_EvEERKT_
                0x0000000008003386       0x38 ./Core/Src/main.o
                0x0000000008003386                std::_Deque_iterator<RoundResult, RoundResult const&, RoundResult const*>::_Deque_iterator<std::_Deque_iterator<RoundResult, RoundResult&, RoundResult*>, void>(std::_Deque_iterator<RoundResult, RoundResult&, RoundResult*> const&)
                0x0000000008003386                std::_Deque_iterator<RoundResult, RoundResult const&, RoundResult const*>::_Deque_iterator<std::_Deque_iterator<RoundResult, RoundResult&, RoundResult*>, void>(std::_Deque_iterator<RoundResult, RoundResult&, RoundResult*> const&)
 .text._ZSt18uninitialized_copyISt15_Deque_iteratorI11RoundResultRKS1_PS2_ES0_IS1_RS1_PS1_EET0_T_SA_S9_
                0x00000000080033be       0x52 ./Core/Src/main.o
                0x00000000080033be                std::_Deque_iterator<RoundResult, RoundResult&, RoundResult*> std::uninitialized_copy<std::_Deque_iterator<RoundResult, RoundResult const&, RoundResult const*>, std::_Deque_iterator<RoundResult, RoundResult&, RoundResult*> >(std::_Deque_iterator<RoundResult, RoundResult const&, RoundResult const*>, std::_Deque_iterator<RoundResult, RoundResult const&, RoundResult const*>, std::_Deque_iterator<RoundResult, RoundResult&, RoundResult*>)
 .text._ZNSt15_Deque_iteratorImRmPmE14_S_buffer_sizeEv
                0x0000000008003410       0x10 ./Core/Src/main.o
                0x0000000008003410                std::_Deque_iterator<unsigned long, unsigned long&, unsigned long*>::_S_buffer_size()
 .text._ZStplRKSt15_Deque_iteratorI11RoundResultRS0_PS0_Ei
                0x0000000008003420       0x26 ./Core/Src/main.o
                0x0000000008003420                std::operator+(std::_Deque_iterator<RoundResult, RoundResult&, RoundResult*> const&, int)
 .text._ZNKSt15_Deque_iteratorI11RoundResultRS0_PS0_EdeEv
                0x0000000008003446       0x18 ./Core/Src/main.o
                0x0000000008003446                std::_Deque_iterator<RoundResult, RoundResult&, RoundResult*>::operator*() const
 .text._ZStplRKSt15_Deque_iteratorImRmPmEi
                0x000000000800345e       0x26 ./Core/Src/main.o
                0x000000000800345e                std::operator+(std::_Deque_iterator<unsigned long, unsigned long&, unsigned long*> const&, int)
 .text._ZNKSt15_Deque_iteratorImRmPmEdeEv
                0x0000000008003484       0x18 ./Core/Src/main.o
                0x0000000008003484                std::_Deque_iterator<unsigned long, unsigned long&, unsigned long*>::operator*() const
 .text._ZStmiRKSt15_Deque_iteratorI7ImpulseRS0_PS0_ES5_
                0x000000000800349c       0x44 ./Core/Src/main.o
                0x000000000800349c                std::operator-(std::_Deque_iterator<Impulse, Impulse&, Impulse*> const&, std::_Deque_iterator<Impulse, Impulse&, Impulse*> const&)
 .text._ZNSt5dequeI7ImpulseSaIS0_EE11_S_max_sizeERKS1_
                0x00000000080034e0       0x34 ./Core/Src/main.o
                0x00000000080034e0                std::deque<Impulse, std::allocator<Impulse> >::_S_max_size(std::allocator<Impulse> const&)
 .text._ZNKSt11_Deque_baseI7ImpulseSaIS0_EE19_M_get_Tp_allocatorEv
                0x0000000008003514       0x16 ./Core/Src/main.o
                0x0000000008003514                std::_Deque_base<Impulse, std::allocator<Impulse> >::_M_get_Tp_allocator() const
 .text._ZNSt5dequeI7ImpulseSaIS0_EE17_M_reallocate_mapEjb
                0x000000000800352a      0x134 ./Core/Src/main.o
                0x000000000800352a                std::deque<Impulse, std::allocator<Impulse> >::_M_reallocate_map(unsigned int, bool)
 .text._ZNSt16allocator_traitsISaI7ImpulseEE8allocateERS1_j
                0x000000000800365e       0x1e ./Core/Src/main.o
                0x000000000800365e                std::allocator_traits<std::allocator<Impulse> >::allocate(std::allocator<Impulse>&, unsigned int)
 .text._ZNSt15_Deque_iteratorI7ImpulseRS0_PS0_E14_S_buffer_sizeEv
                0x000000000800367c       0x10 ./Core/Src/main.o
                0x000000000800367c                std::_Deque_iterator<Impulse, Impulse&, Impulse*>::_S_buffer_size()
 .text._ZNSt16allocator_traitsISaI7ImpulseEE10deallocateERS1_PS0_j
                0x000000000800368c       0x1e ./Core/Src/main.o
                0x000000000800368c                std::allocator_traits<std::allocator<Impulse> >::deallocate(std::allocator<Impulse>&, Impulse*, unsigned int)
 .text._ZN9__gnu_cxx13new_allocatorI7ImpulseEC2Ev
                0x00000000080036aa       0x16 ./Core/Src/main.o
                0x00000000080036aa                __gnu_cxx::new_allocator<Impulse>::new_allocator()
                0x00000000080036aa                __gnu_cxx::new_allocator<Impulse>::new_allocator()
 .text._ZNSt15_Deque_iteratorI7ImpulseRS0_PS0_EC2Ev
                0x00000000080036c0       0x2e ./Core/Src/main.o
                0x00000000080036c0                std::_Deque_iterator<Impulse, Impulse&, Impulse*>::_Deque_iterator()
                0x00000000080036c0                std::_Deque_iterator<Impulse, Impulse&, Impulse*>::_Deque_iterator()
 .text._ZNSt16allocator_traitsISaIP7ImpulseEE8allocateERS2_j
                0x00000000080036ee       0x1e ./Core/Src/main.o
                0x00000000080036ee                std::allocator_traits<std::allocator<Impulse*> >::allocate(std::allocator<Impulse*>&, unsigned int)
 .text._ZNSaIP7ImpulseEC2IS_EERKSaIT_E
                0x000000000800370c       0x1a ./Core/Src/main.o
                0x000000000800370c                std::allocator<Impulse*>::allocator<Impulse>(std::allocator<Impulse> const&)
                0x000000000800370c                std::allocator<Impulse*>::allocator<Impulse>(std::allocator<Impulse> const&)
 .text._ZN9__gnu_cxx13new_allocatorIP7ImpulseED2Ev
                0x0000000008003726       0x16 ./Core/Src/main.o
                0x0000000008003726                __gnu_cxx::new_allocator<Impulse*>::~new_allocator()
                0x0000000008003726                __gnu_cxx::new_allocator<Impulse*>::~new_allocator()
 .text._ZN9__gnu_cxx13new_allocatorIP7ImpulseE10deallocateEPS2_j
                0x000000000800373c       0x20 ./Core/Src/main.o
                0x000000000800373c                __gnu_cxx::new_allocator<Impulse*>::deallocate(Impulse**, unsigned int)
 .text._ZN9__gnu_cxx13new_allocatorImEC2Ev
                0x000000000800375c       0x16 ./Core/Src/main.o
                0x000000000800375c                __gnu_cxx::new_allocator<unsigned long>::new_allocator()
                0x000000000800375c                __gnu_cxx::new_allocator<unsigned long>::new_allocator()
 .text._ZNSt15_Deque_iteratorImRmPmEC2Ev
                0x0000000008003772       0x2e ./Core/Src/main.o
                0x0000000008003772                std::_Deque_iterator<unsigned long, unsigned long&, unsigned long*>::_Deque_iterator()
                0x0000000008003772                std::_Deque_iterator<unsigned long, unsigned long&, unsigned long*>::_Deque_iterator()
 .text._ZNSt16allocator_traitsISaIPmEE8allocateERS1_j
                0x00000000080037a0       0x1e ./Core/Src/main.o
                0x00000000080037a0                std::allocator_traits<std::allocator<unsigned long*> >::allocate(std::allocator<unsigned long*>&, unsigned int)
 .text._ZNSt11_Deque_baseImSaImEE16_M_allocate_nodeEv
                0x00000000080037be       0x24 ./Core/Src/main.o
                0x00000000080037be                std::_Deque_base<unsigned long, std::allocator<unsigned long> >::_M_allocate_node()
 .text._ZNSt16allocator_traitsISaImEE10deallocateERS0_Pmj
                0x00000000080037e2       0x1e ./Core/Src/main.o
                0x00000000080037e2                std::allocator_traits<std::allocator<unsigned long> >::deallocate(std::allocator<unsigned long>&, unsigned long*, unsigned int)
 .text._ZNSaIPmEC2ImEERKSaIT_E
                0x0000000008003800       0x1a ./Core/Src/main.o
                0x0000000008003800                std::allocator<unsigned long*>::allocator<unsigned long>(std::allocator<unsigned long> const&)
                0x0000000008003800                std::allocator<unsigned long*>::allocator<unsigned long>(std::allocator<unsigned long> const&)
 .text._ZN9__gnu_cxx13new_allocatorIPmED2Ev
                0x000000000800381a       0x16 ./Core/Src/main.o
                0x000000000800381a                __gnu_cxx::new_allocator<unsigned long*>::~new_allocator()
                0x000000000800381a                __gnu_cxx::new_allocator<unsigned long*>::~new_allocator()
 .text._ZN9__gnu_cxx13new_allocatorIPmE10deallocateEPS1_j
                0x0000000008003830       0x20 ./Core/Src/main.o
                0x0000000008003830                __gnu_cxx::new_allocator<unsigned long*>::deallocate(unsigned long**, unsigned int)
 .text._ZN9__gnu_cxx13new_allocatorI11RoundResultEC2Ev
                0x0000000008003850       0x16 ./Core/Src/main.o
                0x0000000008003850                __gnu_cxx::new_allocator<RoundResult>::new_allocator()
                0x0000000008003850                __gnu_cxx::new_allocator<RoundResult>::new_allocator()
 .text._ZNSt15_Deque_iteratorI11RoundResultRS0_PS0_EC2Ev
                0x0000000008003866       0x2e ./Core/Src/main.o
                0x0000000008003866                std::_Deque_iterator<RoundResult, RoundResult&, RoundResult*>::_Deque_iterator()
                0x0000000008003866                std::_Deque_iterator<RoundResult, RoundResult&, RoundResult*>::_Deque_iterator()
 .text._ZNSt16allocator_traitsISaIP11RoundResultEE8allocateERS2_j
                0x0000000008003894       0x1e ./Core/Src/main.o
                0x0000000008003894                std::allocator_traits<std::allocator<RoundResult*> >::allocate(std::allocator<RoundResult*>&, unsigned int)
 .text._ZNSt15_Deque_iteratorI11RoundResultRS0_PS0_E14_S_buffer_sizeEv
                0x00000000080038b2       0x10 ./Core/Src/main.o
                0x00000000080038b2                std::_Deque_iterator<RoundResult, RoundResult&, RoundResult*>::_S_buffer_size()
 .text._ZNSt16allocator_traitsISaI11RoundResultEE10deallocateERS1_PS0_j
                0x00000000080038c2       0x1e ./Core/Src/main.o
                0x00000000080038c2                std::allocator_traits<std::allocator<RoundResult> >::deallocate(std::allocator<RoundResult>&, RoundResult*, unsigned int)
 .text._ZNSaIP11RoundResultEC2IS_EERKSaIT_E
                0x00000000080038e0       0x1a ./Core/Src/main.o
                0x00000000080038e0                std::allocator<RoundResult*>::allocator<RoundResult>(std::allocator<RoundResult> const&)
                0x00000000080038e0                std::allocator<RoundResult*>::allocator<RoundResult>(std::allocator<RoundResult> const&)
 .text._ZN9__gnu_cxx13new_allocatorIP11RoundResultED2Ev
                0x00000000080038fa       0x16 ./Core/Src/main.o
                0x00000000080038fa                __gnu_cxx::new_allocator<RoundResult*>::~new_allocator()
                0x00000000080038fa                __gnu_cxx::new_allocator<RoundResult*>::~new_allocator()
 .text._ZN9__gnu_cxx13new_allocatorIP11RoundResultE10deallocateEPS2_j
                0x0000000008003910       0x20 ./Core/Src/main.o
                0x0000000008003910                __gnu_cxx::new_allocator<RoundResult*>::deallocate(RoundResult**, unsigned int)
 .text._ZNSt5dequeI11RoundResultSaIS0_EE11_S_max_sizeERKS1_
                0x0000000008003930       0x34 ./Core/Src/main.o
                0x0000000008003930                std::deque<RoundResult, std::allocator<RoundResult> >::_S_max_size(std::allocator<RoundResult> const&)
 .text._ZNSt5dequeI11RoundResultSaIS0_EE17_M_reallocate_mapEjb
                0x0000000008003964      0x134 ./Core/Src/main.o
                0x0000000008003964                std::deque<RoundResult, std::allocator<RoundResult> >::_M_reallocate_map(unsigned int, bool)
 .text._ZNSt16allocator_traitsISaI11RoundResultEE8allocateERS1_j
                0x0000000008003a98       0x1e ./Core/Src/main.o
                0x0000000008003a98                std::allocator_traits<std::allocator<RoundResult> >::allocate(std::allocator<RoundResult>&, unsigned int)
 .text._ZN9__gnu_cxx13new_allocatorImE9constructImJmEEEvPT_DpOT0_
                0x0000000008003ab6       0x2c ./Core/Src/main.o
                0x0000000008003ab6                void __gnu_cxx::new_allocator<unsigned long>::construct<unsigned long, unsigned long>(unsigned long*, unsigned long&&)
 .text._ZNKSt5dequeImSaImEE8max_sizeEv
                0x0000000008003ae2       0x22 ./Core/Src/main.o
                0x0000000008003ae2                std::deque<unsigned long, std::allocator<unsigned long> >::max_size() const
 .text._ZNSt5dequeImSaImEE22_M_reserve_map_at_backEj
                0x0000000008003b04       0x36 ./Core/Src/main.o
                0x0000000008003b04                std::deque<unsigned long, std::allocator<unsigned long> >::_M_reserve_map_at_back(unsigned int)
 .text._ZN9__gnu_cxx13new_allocatorImEC2ERKS1_
                0x0000000008003b3a       0x18 ./Core/Src/main.o
                0x0000000008003b3a                __gnu_cxx::new_allocator<unsigned long>::new_allocator(__gnu_cxx::new_allocator<unsigned long> const&)
                0x0000000008003b3a                __gnu_cxx::new_allocator<unsigned long>::new_allocator(__gnu_cxx::new_allocator<unsigned long> const&)
 .text._ZNSt20__uninitialized_copyILb1EE13__uninit_copyISt15_Deque_iteratorImRKmPS3_ES2_ImRmPmEEET0_T_SB_SA_
                0x0000000008003b52       0x4c ./Core/Src/main.o
                0x0000000008003b52                std::_Deque_iterator<unsigned long, unsigned long&, unsigned long*> std::__uninitialized_copy<true>::__uninit_copy<std::_Deque_iterator<unsigned long, unsigned long const&, unsigned long const*>, std::_Deque_iterator<unsigned long, unsigned long&, unsigned long*> >(std::_Deque_iterator<unsigned long, unsigned long const&, unsigned long const*>, std::_Deque_iterator<unsigned long, unsigned long const&, unsigned long const*>, std::_Deque_iterator<unsigned long, unsigned long&, unsigned long*>)
 .text._ZN9__gnu_cxx13new_allocatorI11RoundResultEC2ERKS2_
                0x0000000008003b9e       0x18 ./Core/Src/main.o
                0x0000000008003b9e                __gnu_cxx::new_allocator<RoundResult>::new_allocator(__gnu_cxx::new_allocator<RoundResult> const&)
                0x0000000008003b9e                __gnu_cxx::new_allocator<RoundResult>::new_allocator(__gnu_cxx::new_allocator<RoundResult> const&)
 .text._ZNSt20__uninitialized_copyILb1EE13__uninit_copyISt15_Deque_iteratorI11RoundResultRKS3_PS4_ES2_IS3_RS3_PS3_EEET0_T_SC_SB_
                0x0000000008003bb6       0x4c ./Core/Src/main.o
                0x0000000008003bb6                std::_Deque_iterator<RoundResult, RoundResult&, RoundResult*> std::__uninitialized_copy<true>::__uninit_copy<std::_Deque_iterator<RoundResult, RoundResult const&, RoundResult const*>, std::_Deque_iterator<RoundResult, RoundResult&, RoundResult*> >(std::_Deque_iterator<RoundResult, RoundResult const&, RoundResult const*>, std::_Deque_iterator<RoundResult, RoundResult const&, RoundResult const*>, std::_Deque_iterator<RoundResult, RoundResult&, RoundResult*>)
 .text._ZNSt15_Deque_iteratorI11RoundResultRS0_PS0_EpLEi
                0x0000000008003c02       0xa6 ./Core/Src/main.o
                0x0000000008003c02                std::_Deque_iterator<RoundResult, RoundResult&, RoundResult*>::operator+=(int)
 .text._ZNSt15_Deque_iteratorImRmPmEpLEi
                0x0000000008003ca8       0xae ./Core/Src/main.o
                0x0000000008003ca8                std::_Deque_iterator<unsigned long, unsigned long&, unsigned long*>::operator+=(int)
 .text._ZNSt16allocator_traitsISaI7ImpulseEE8max_sizeERKS1_
                0x0000000008003d56       0x18 ./Core/Src/main.o
                0x0000000008003d56                std::allocator_traits<std::allocator<Impulse> >::max_size(std::allocator<Impulse> const&)
 .text._ZSt4copyIPP7ImpulseS2_ET0_T_S4_S3_
                0x0000000008003d6e       0x30 ./Core/Src/main.o
                0x0000000008003d6e                Impulse** std::copy<Impulse**, Impulse**>(Impulse**, Impulse**, Impulse**)
 .text._ZSt13copy_backwardIPP7ImpulseS2_ET0_T_S4_S3_
                0x0000000008003d9e       0x30 ./Core/Src/main.o
                0x0000000008003d9e                Impulse** std::copy_backward<Impulse**, Impulse**>(Impulse**, Impulse**, Impulse**)
 .text._ZN9__gnu_cxx13new_allocatorI7ImpulseE8allocateEjPKv
                0x0000000008003dce       0x38 ./Core/Src/main.o
                0x0000000008003dce                __gnu_cxx::new_allocator<Impulse>::allocate(unsigned int, void const*)
 .text._ZN9__gnu_cxx13new_allocatorI7ImpulseE10deallocateEPS1_j
                0x0000000008003e06       0x1c ./Core/Src/main.o
                0x0000000008003e06                __gnu_cxx::new_allocator<Impulse>::deallocate(Impulse*, unsigned int)
 .text._ZN9__gnu_cxx13new_allocatorIP7ImpulseE8allocateEjPKv
                0x0000000008003e22       0x3c ./Core/Src/main.o
                0x0000000008003e22                __gnu_cxx::new_allocator<Impulse*>::allocate(unsigned int, void const*)
 .text._ZN9__gnu_cxx13new_allocatorIP7ImpulseEC2Ev
                0x0000000008003e5e       0x16 ./Core/Src/main.o
                0x0000000008003e5e                __gnu_cxx::new_allocator<Impulse*>::new_allocator()
                0x0000000008003e5e                __gnu_cxx::new_allocator<Impulse*>::new_allocator()
 .text._ZN9__gnu_cxx13new_allocatorIPmE8allocateEjPKv
                0x0000000008003e74       0x3c ./Core/Src/main.o
                0x0000000008003e74                __gnu_cxx::new_allocator<unsigned long*>::allocate(unsigned int, void const*)
 .text._ZNSt16allocator_traitsISaImEE8allocateERS0_j
                0x0000000008003eb0       0x1e ./Core/Src/main.o
                0x0000000008003eb0                std::allocator_traits<std::allocator<unsigned long> >::allocate(std::allocator<unsigned long>&, unsigned int)
 .text._ZN9__gnu_cxx13new_allocatorImE10deallocateEPmj
                0x0000000008003ece       0x20 ./Core/Src/main.o
                0x0000000008003ece                __gnu_cxx::new_allocator<unsigned long>::deallocate(unsigned long*, unsigned int)
 .text._ZN9__gnu_cxx13new_allocatorIPmEC2Ev
                0x0000000008003eee       0x16 ./Core/Src/main.o
                0x0000000008003eee                __gnu_cxx::new_allocator<unsigned long*>::new_allocator()
                0x0000000008003eee                __gnu_cxx::new_allocator<unsigned long*>::new_allocator()
 .text._ZN9__gnu_cxx13new_allocatorIP11RoundResultE8allocateEjPKv
                0x0000000008003f04       0x3c ./Core/Src/main.o
                0x0000000008003f04                __gnu_cxx::new_allocator<RoundResult*>::allocate(unsigned int, void const*)
 .text._ZN9__gnu_cxx13new_allocatorI11RoundResultE10deallocateEPS1_j
                0x0000000008003f40       0x1c ./Core/Src/main.o
                0x0000000008003f40                __gnu_cxx::new_allocator<RoundResult>::deallocate(RoundResult*, unsigned int)
 .text._ZN9__gnu_cxx13new_allocatorIP11RoundResultEC2Ev
                0x0000000008003f5c       0x16 ./Core/Src/main.o
                0x0000000008003f5c                __gnu_cxx::new_allocator<RoundResult*>::new_allocator()
                0x0000000008003f5c                __gnu_cxx::new_allocator<RoundResult*>::new_allocator()
 .text._ZNSt16allocator_traitsISaI11RoundResultEE8max_sizeERKS1_
                0x0000000008003f72       0x18 ./Core/Src/main.o
                0x0000000008003f72                std::allocator_traits<std::allocator<RoundResult> >::max_size(std::allocator<RoundResult> const&)
 .text._ZSt4copyIPP11RoundResultS2_ET0_T_S4_S3_
                0x0000000008003f8a       0x30 ./Core/Src/main.o
                0x0000000008003f8a                RoundResult** std::copy<RoundResult**, RoundResult**>(RoundResult**, RoundResult**, RoundResult**)
 .text._ZSt13copy_backwardIPP11RoundResultS2_ET0_T_S4_S3_
                0x0000000008003fba       0x30 ./Core/Src/main.o
                0x0000000008003fba                RoundResult** std::copy_backward<RoundResult**, RoundResult**>(RoundResult**, RoundResult**, RoundResult**)
 .text._ZN9__gnu_cxx13new_allocatorI11RoundResultE8allocateEjPKv
                0x0000000008003fea       0x38 ./Core/Src/main.o
                0x0000000008003fea                __gnu_cxx::new_allocator<RoundResult>::allocate(unsigned int, void const*)
 .text._ZNSt5dequeImSaImEE11_S_max_sizeERKS0_
                0x0000000008004022       0x34 ./Core/Src/main.o
                0x0000000008004022                std::deque<unsigned long, std::allocator<unsigned long> >::_S_max_size(std::allocator<unsigned long> const&)
 .text._ZNSt5dequeImSaImEE17_M_reallocate_mapEjb
                0x0000000008004056      0x134 ./Core/Src/main.o
                0x0000000008004056                std::deque<unsigned long, std::allocator<unsigned long> >::_M_reallocate_map(unsigned int, bool)
 .text._ZSt4copyISt15_Deque_iteratorImRKmPS1_ES0_ImRmPmEET0_T_S9_S8_
                0x000000000800418a       0x6c ./Core/Src/main.o
                0x000000000800418a                std::_Deque_iterator<unsigned long, unsigned long&, unsigned long*> std::copy<std::_Deque_iterator<unsigned long, unsigned long const&, unsigned long const*>, std::_Deque_iterator<unsigned long, unsigned long&, unsigned long*> >(std::_Deque_iterator<unsigned long, unsigned long const&, unsigned long const*>, std::_Deque_iterator<unsigned long, unsigned long const&, unsigned long const*>, std::_Deque_iterator<unsigned long, unsigned long&, unsigned long*>)
 .text._ZSt4copyISt15_Deque_iteratorI11RoundResultRKS1_PS2_ES0_IS1_RS1_PS1_EET0_T_SA_S9_
                0x00000000080041f6       0x6c ./Core/Src/main.o
                0x00000000080041f6                std::_Deque_iterator<RoundResult, RoundResult&, RoundResult*> std::copy<std::_Deque_iterator<RoundResult, RoundResult const&, RoundResult const*>, std::_Deque_iterator<RoundResult, RoundResult&, RoundResult*> >(std::_Deque_iterator<RoundResult, RoundResult const&, RoundResult const*>, std::_Deque_iterator<RoundResult, RoundResult const&, RoundResult const*>, std::_Deque_iterator<RoundResult, RoundResult&, RoundResult*>)
 .text._ZNK9__gnu_cxx13new_allocatorI7ImpulseE8max_sizeEv
                0x0000000008004262       0x18 ./Core/Src/main.o
                0x0000000008004262                __gnu_cxx::new_allocator<Impulse>::max_size() const
 .text._ZSt12__miter_baseIPP7ImpulseET_S3_
                0x000000000800427a       0x16 ./Core/Src/main.o
                0x000000000800427a                Impulse** std::__miter_base<Impulse**>(Impulse**)
 .text._ZSt13__copy_move_aILb0EPP7ImpulseS2_ET1_T0_S4_S3_
                0x0000000008004290       0x46 ./Core/Src/main.o
                0x0000000008004290                Impulse** std::__copy_move_a<false, Impulse**, Impulse**>(Impulse**, Impulse**, Impulse**)
 .text._ZSt22__copy_move_backward_aILb0EPP7ImpulseS2_ET1_T0_S4_S3_
                0x00000000080042d6       0x46 ./Core/Src/main.o
                0x00000000080042d6                Impulse** std::__copy_move_backward_a<false, Impulse**, Impulse**>(Impulse**, Impulse**, Impulse**)
 .text._ZNK9__gnu_cxx13new_allocatorI7ImpulseE11_M_max_sizeEv
                0x000000000800431c       0x18 ./Core/Src/main.o
                0x000000000800431c                __gnu_cxx::new_allocator<Impulse>::_M_max_size() const
 .text._ZNK9__gnu_cxx13new_allocatorIP7ImpulseE11_M_max_sizeEv
                0x0000000008004334       0x18 ./Core/Src/main.o
                0x0000000008004334                __gnu_cxx::new_allocator<Impulse*>::_M_max_size() const
 .text._ZNK9__gnu_cxx13new_allocatorIPmE11_M_max_sizeEv
                0x000000000800434c       0x18 ./Core/Src/main.o
                0x000000000800434c                __gnu_cxx::new_allocator<unsigned long*>::_M_max_size() const
 .text._ZN9__gnu_cxx13new_allocatorImE8allocateEjPKv
                0x0000000008004364       0x3c ./Core/Src/main.o
                0x0000000008004364                __gnu_cxx::new_allocator<unsigned long>::allocate(unsigned int, void const*)
 .text._ZNK9__gnu_cxx13new_allocatorIP11RoundResultE11_M_max_sizeEv
                0x00000000080043a0       0x18 ./Core/Src/main.o
                0x00000000080043a0                __gnu_cxx::new_allocator<RoundResult*>::_M_max_size() const
 .text._ZNK9__gnu_cxx13new_allocatorI11RoundResultE8max_sizeEv
                0x00000000080043b8       0x18 ./Core/Src/main.o
                0x00000000080043b8                __gnu_cxx::new_allocator<RoundResult>::max_size() const
 .text._ZSt12__miter_baseIPP11RoundResultET_S3_
                0x00000000080043d0       0x16 ./Core/Src/main.o
                0x00000000080043d0                RoundResult** std::__miter_base<RoundResult**>(RoundResult**)
 .text._ZSt13__copy_move_aILb0EPP11RoundResultS2_ET1_T0_S4_S3_
                0x00000000080043e6       0x46 ./Core/Src/main.o