../Core/Src/main.cpp:66:10:void Timer::begin()	16	static
../Core/Src/main.cpp:70:10:void Timer::end()	16	static
../Core/Src/main.cpp:74:14:uint32_t Timer::duration() const	16	static
../Core/Src/main.cpp:64:7:constexpr Timer::Timer()	16	static
../Core/Src/main.cpp:85:5:Timeout::Timeout(bool (*)(), uint32_t)	24	static
../Core/Src/main.cpp:89:19:TimeoutResult Timeout::wait()	16	static
../Core/Src/main.cpp:108:5:Delay::Delay(uint32_t)	16	static
../Core/Src/main.cpp:115:17:static bool Delay::falsePred()	4	static
../Core/Src/main.cpp:123:10:void Lock::setCode(const char*)	24	static
../Core/Src/main.cpp:130:18:LockResponse Lock::tryUnlock(char)	16	static
../Core/Src/main.cpp:149:10:void Lock::reset()	16	static
../Core/Src/main.cpp:154:13:uint8_t Lock::getCodeLen()	16	static
../Core/Src/main.cpp:164:10:bool Lock::isOpen()	16	static
../Core/Src/main.cpp:168:10:bool Lock::isBlocked()	16	static
../Core/Src/main.cpp:172:10:bool Lock::isCorrectInput(char)	24	static
../Core/Src/main.cpp:176:10:void Lock::resetPinPosition()	16	static
../Core/Src/main.cpp:180:10:void Lock::resetCurrentWrongAttempts()	16	static
../Core/Src/main.cpp:188:10:void LampControl::open()	32	static
../Core/Src/main.cpp:195:10:void LampControl::correct()	32	static
../Core/Src/main.cpp:202:10:void LampControl::wrong()	32	static
../Core/Src/main.cpp:208:10:void LampControl::blocked()	40	static
../Core/Src/main.cpp:216:10:void LampControl::reset()	32	static
../Core/Src/main.cpp:232:5:InterruptGuard::InterruptGuard()	24	static,ignoring_inline_asm
../Core/Src/main.cpp:236:5:InterruptGuard::~InterruptGuard()	24	static,ignoring_inline_asm
../Core/Src/main.cpp:248:11:char* RingBuffer::push(char)	32	static
../Core/Src/main.cpp:257:11:char* RingBuffer::pop(char*)	32	static
../Core/Src/main.cpp:269:10:bool RingBuffer::isEmpty() const	16	static
../Core/Src/main.cpp:273:10:bool RingBuffer::isFull() const	16	static
../Core/Src/main.cpp:285:10:bool UartDriver::recv(char*)	16	static
../Core/Src/main.cpp:293:10:bool UartDriver::send(char)	24	static
../Core/Src/main.cpp:302:10:void UartDriver::init_recv()	32	static
../Core/Src/main.cpp:313:10:void UartDriver::init_send()	24	static
../Core/Src/main.cpp:244:7:RingBuffer::RingBuffer()	16	static
../Core/Src/main.cpp:282:7:UartDriver::UartDriver()	16	static
../Core/Src/main.cpp:329:6:void HAL_UART_RxCpltCallback(UART_HandleTypeDef*)	24	static
../Core/Src/main.cpp:336:6:void HAL_UART_TxCpltCallback(UART_HandleTypeDef*)	24	static
../Core/Src/main.cpp:346:10:void Session::recordActivity()	16	static
../Core/Src/main.cpp:351:14:uint32_t Session::getDurationFromLastSessionActivity()	16	static
../Core/Src/main.cpp:359:10:bool Session::isSessionTimeouted()	16	static
../Core/Src/main.cpp:363:10:void Session::abortSession()	16	static
../Core/Src/main.cpp:375:10:bool Interactives::askNewCode(char*, uint8_t, Session)	32	static
../Core/Src/main.cpp:407:5:UserCommandDto::UserCommandDto(UserInstruction, char)	16	static
../Core/Src/main.cpp:409:10:char UserCommandDto::getUserInput()	16	static
../Core/Src/main.cpp:413:21:UserInstruction UserCommandDto::getUserInstruction()	16	static
../Core/Src/main.cpp:424:20:UserCommandDto UserListener::listenCommand()	48	static
../Core/Src/main.cpp:454:10:bool UserListener::isButtonPressed()	16	static
../Core/Src/main.cpp:469:5:int main()	96	static
../Core/Src/main.cpp:557:6:void SystemClock_Config()	88	static
../Core/Src/main.cpp:598:6:void Error_Handler()	4	static,ignoring_inline_asm
c:\st\stm32cubeide_1.9.0\stm32cubeide\plugins\com.st.stm32cube.ide.mcu.externaltools.gnu-tools-for-stm32.10.3-2021.10.win32_1.0.0.202111181127\tools\arm-none-eabi\include\c++\10.3.1\utility:291:5:_Tp std::exchange(_Tp&, _Up&&) [with _Tp = bool; _Up = bool]	16	static
c:\st\stm32cubeide_1.9.0\stm32cubeide\plugins\com.st.stm32cube.ide.mcu.externaltools.gnu-tools-for-stm32.10.3-2021.10.win32_1.0.0.202111181127\tools\arm-none-eabi\include\c++\10.3.1\bits\move.h:76:5:constexpr _Tp&& std::forward(typename std::remove_reference<_Tp>::type&) [with _Tp = bool]	16	static
c:\st\stm32cubeide_1.9.0\stm32cubeide\plugins\com.st.stm32cube.ide.mcu.externaltools.gnu-tools-for-stm32.10.3-2021.10.win32_1.0.0.202111181127\tools\arm-none-eabi\include\c++\10.3.1\bits\move.h:101:5:constexpr typename std::remove_reference<_Tp>::type&& std::move(_Tp&&) [with _Tp = bool&]	16	static
c:\st\stm32cubeide_1.9.0\stm32cubeide\plugins\com.st.stm32cube.ide.mcu.externaltools.gnu-tools-for-stm32.10.3-2021.10.win32_1.0.0.202111181127\tools\arm-none-eabi\include\c++\10.3.1\bits\move.h:152:5:_Tp std::__exchange(_Tp&, _Up&&) [with _Tp = bool; _Up = bool]	24	static
../Core/Src/main.cpp:605:1:void __static_initialization_and_destruction_0(int, int)	16	static
../Core/Src/main.cpp:605:1:cpp)	8	static
