../Core/Src/main.cpp:68:10:void Timer::begin()	16	static
../Core/Src/main.cpp:72:10:void Timer::end()	16	static
../Core/Src/main.cpp:76:14:uint32_t Timer::duration() const	16	static
../Core/Src/main.cpp:66:7:constexpr Timer::Timer()	16	static
../Core/Src/main.cpp:87:5:Timeout::Timeout(bool (*)(), uint32_t)	24	static
../Core/Src/main.cpp:91:19:TimeoutResult Timeout::wait()	16	static
../Core/Src/main.cpp:110:5:Delay::Delay(uint32_t)	16	static
../Core/Src/main.cpp:117:17:static bool Delay::falsePred()	4	static
../Core/Src/main.cpp:125:10:void Lock::setCode(const char*)	24	static
../Core/Src/main.cpp:132:18:LockResponse Lock::tryUnlock(char)	16	static
../Core/Src/main.cpp:151:10:void Lock::reset()	16	static
../Core/Src/main.cpp:156:13:uint8_t Lock::getCodeLen()	16	static
../Core/Src/main.cpp:166:10:bool Lock::isOpen()	16	static
../Core/Src/main.cpp:170:10:bool Lock::isBlocked()	16	static
../Core/Src/main.cpp:174:10:bool Lock::isCorrectInput(char)	24	static
../Core/Src/main.cpp:178:10:void Lock::resetPinPosition()	16	static
../Core/Src/main.cpp:182:10:void Lock::resetCurrentWrongAttempts()	16	static
../Core/Src/main.cpp:190:10:void LampControl::open()	32	static
../Core/Src/main.cpp:197:10:void LampControl::correct()	32	static
../Core/Src/main.cpp:204:10:void LampControl::wrong()	32	static
../Core/Src/main.cpp:210:10:void LampControl::blocked()	40	static
../Core/Src/main.cpp:218:10:void LampControl::reset()	32	static
../Core/Src/main.cpp:234:5:InterruptGuard::InterruptGuard()	24	static,ignoring_inline_asm
../Core/Src/main.cpp:238:5:InterruptGuard::~InterruptGuard()	24	static,ignoring_inline_asm
../Core/Src/main.cpp:250:11:char* RingBuffer::tail()	16	static
../Core/Src/main.cpp:254:11:char* RingBuffer::head()	16	static
../Core/Src/main.cpp:258:10:bool RingBuffer::isEmpty() const	16	static
../Core/Src/main.cpp:262:10:bool RingBuffer::isFull() const	16	static
../Core/Src/main.cpp:266:10:bool RingBuffer::push()	16	static
../Core/Src/main.cpp:274:10:bool RingBuffer::pop()	16	static
../Core/Src/main.cpp:299:10:void UartDriver::switchMode()	16	static
../Core/Src/main.cpp:308:10:bool UartDriver::recv(char*)	32	static
../Core/Src/main.cpp:325:10:bool UartDriver::send(char)	32	static
../Core/Src/main.cpp:246:7:RingBuffer::RingBuffer()	16	static
../Core/Src/main.cpp:290:7:UartDriver::UartDriver()	16	static
../Core/Src/main.cpp:349:14:static void Printer::printChar(char)	16	static
../Core/Src/main.cpp:353:14:static void Printer::printString(char*, uint32_t)	24	static
../Core/Src/main.cpp:361:6:void HAL_UART_RxCpltCallback(UART_HandleTypeDef*)	24	static
../Core/Src/main.cpp:367:6:void HAL_UART_TxCpltCallback(UART_HandleTypeDef*)	24	static
../Core/Src/main.cpp:374:10:void Session::recordActivity()	16	static
../Core/Src/main.cpp:379:14:uint32_t Session::getDurationFromLastSessionActivity()	16	static
../Core/Src/main.cpp:387:10:bool Session::isSessionTimeouted()	16	static
../Core/Src/main.cpp:391:10:void Session::abortSession()	16	static
../Core/Src/main.cpp:403:10:bool Interactives::askNewCode(char*, uint8_t, Session)	160	dynamic
../Core/Src/main.cpp:450:10:bool ToggleDriver::isToggleActivated()	24	static
../Core/Src/main.cpp:474:10:bool ToggleDriver::isButtonPressed()	16	static
../Core/Src/main.cpp:485:5:UserCommandDto::UserCommandDto(UserInstruction, char)	16	static
../Core/Src/main.cpp:487:10:char UserCommandDto::getUserInput()	16	static
../Core/Src/main.cpp:491:21:UserInstruction UserCommandDto::getUserInstruction()	16	static
../Core/Src/main.cpp:502:20:UserCommandDto UserListener::listenCommand()	40	static
../Core/Src/main.cpp:530:5:int main()	120	static
../Core/Src/main.cpp:625:6:void SystemClock_Config()	88	static
../Core/Src/main.cpp:666:6:void Error_Handler()	4	static,ignoring_inline_asm
../Core/Src/main.cpp:673:1:void __static_initialization_and_destruction_0(int, int)	16	static
../Core/Src/main.cpp:673:1:cpp)	8	static
