../Core/Src/main.cpp:65:7:void Timer::begin()	16	static
../Core/Src/main.cpp:69:7:void Timer::end()	16	static
../Core/Src/main.cpp:73:11:uint32_t Timer::duration() const	16	static
../Core/Src/main.cpp:63:7:constexpr Timer::Timer()	16	static
../Core/Src/main.cpp:84:2:Timeout::Timeout(bool (*)(), uint32_t)	24	static
../Core/Src/main.cpp:88:16:TimeoutResult Timeout::wait()	16	static
../Core/Src/main.cpp:107:2:Delay::Delay(uint32_t)	16	static
../Core/Src/main.cpp:114:14:static bool Delay::falsePred()	4	static
../Core/Src/main.cpp:121:15:LockResponse Lock::tryUnlock(char)	16	static
../Core/Src/main.cpp:140:7:void Lock::reset()	16	static
../Core/Src/main.cpp:151:7:bool Lock::isOpen()	16	static
../Core/Src/main.cpp:155:7:bool Lock::isBlocked()	16	static
../Core/Src/main.cpp:159:7:bool Lock::isCorrectInput(char)	24	static
../Core/Src/main.cpp:163:7:void Lock::resetPinPosition()	16	static
../Core/Src/main.cpp:167:7:void Lock::resetCurrentWrongAttempts()	16	static
../Core/Src/main.cpp:175:7:void LampControl::open()	32	static
../Core/Src/main.cpp:182:7:void LampControl::correct()	32	static
../Core/Src/main.cpp:189:7:void LampControl::wrong()	32	static
../Core/Src/main.cpp:195:7:void LampControl::blocked()	40	static
../Core/Src/main.cpp:203:7:void LampControl::reset()	32	static
../Core/Src/main.cpp:222:11:char* RingBuffer::push(bool*)	16	static
../Core/Src/main.cpp:231:11:char* RingBuffer::pop(bool*)	16	static
../Core/Src/main.cpp:241:10:bool RingBuffer::isEmpty() const	16	static
../Core/Src/main.cpp:245:10:bool RingBuffer::isFull() const	16	static
../Core/Src/main.cpp:257:7:bool Input::readChar()	24	static
../Core/Src/main.cpp:267:7:char Input::getChar()	24	static
../Core/Src/main.cpp:282:7:bool Output::printChar(char)	24	static
../Core/Src/main.cpp:295:7:void Session::ensureForSessionStarted()	16	static
../Core/Src/main.cpp:302:11:uint32_t Session::getSessionDuration()	16	static
../Core/Src/main.cpp:310:7:bool Session::isSessionTimeouted()	16	static
../Core/Src/main.cpp:314:7:void Session::abortSession()	16	static
../Core/Src/main.cpp:217:7:RingBuffer::RingBuffer()	16	static
../Core/Src/main.cpp:255:7:Input::Input()	16	static
../Core/Src/main.cpp:280:7:Output::Output()	16	static
../Core/Src/main.cpp:330:5:int main()	560	static
../Core/Src/main.cpp:402:6:void SystemClock_Config()	88	static
../Core/Src/main.cpp:443:6:void Error_Handler()	4	static,ignoring_inline_asm
