../Core/Src/main.cpp:66:10:void Timer::begin()	16	static
../Core/Src/main.cpp:70:10:void Timer::end()	16	static
../Core/Src/main.cpp:74:14:uint32_t Timer::duration() const	16	static
../Core/Src/main.cpp:64:7:constexpr Timer::Timer()	16	static
../Core/Src/main.cpp:85:5:Timeout::Timeout(bool (*)(), uint32_t)	24	static
../Core/Src/main.cpp:89:19:TimeoutResult Timeout::wait()	16	static
../Core/Src/main.cpp:108:5:Delay::Delay(uint32_t)	16	static
../Core/Src/main.cpp:115:17:static bool Delay::falsePred()	4	static
../Core/Src/main.cpp:123:10:void Lock::setCode(const char*)	24	static
../Core/Src/main.cpp:130:18:LockResponse Lock::tryUnlock(char)	16	static
../Core/Src/main.cpp:149:10:void Lock::reset()	16	static
../Core/Src/main.cpp:154:13:uint8_t Lock::getCodeLen()	16	static
../Core/Src/main.cpp:164:10:bool Lock::isOpen()	16	static
../Core/Src/main.cpp:168:10:bool Lock::isBlocked()	16	static
../Core/Src/main.cpp:172:10:bool Lock::isCorrectInput(char)	24	static
../Core/Src/main.cpp:176:10:void Lock::resetPinPosition()	16	static
../Core/Src/main.cpp:180:10:void Lock::resetCurrentWrongAttempts()	16	static
../Core/Src/main.cpp:188:10:void LampControl::open()	32	static
../Core/Src/main.cpp:195:10:void LampControl::correct()	32	static
../Core/Src/main.cpp:202:10:void LampControl::wrong()	32	static
../Core/Src/main.cpp:208:10:void LampControl::blocked()	40	static
../Core/Src/main.cpp:216:10:void LampControl::reset()	32	static
../Core/Src/main.cpp:232:5:InterruptGuard::InterruptGuard()	24	static,ignoring_inline_asm
../Core/Src/main.cpp:236:5:InterruptGuard::~InterruptGuard()	24	static,ignoring_inline_asm
../Core/Src/main.cpp:248:11:char* RingBuffer::tail()	16	static
../Core/Src/main.cpp:252:11:char* RingBuffer::head()	16	static
../Core/Src/main.cpp:256:10:bool RingBuffer::isEmpty() const	16	static
../Core/Src/main.cpp:260:10:bool RingBuffer::isFull() const	16	static
../Core/Src/main.cpp:264:10:bool RingBuffer::push()	16	static
../Core/Src/main.cpp:272:10:bool RingBuffer::pop()	16	static
../Core/Src/main.cpp:295:10:void UartDriver::switchMode()	16	static
../Core/Src/main.cpp:303:10:bool UartDriver::recv(char*)	32	static
../Core/Src/main.cpp:320:10:bool UartDriver::send(char)	32	static
../Core/Src/main.cpp:244:7:RingBuffer::RingBuffer()	16	static
../Core/Src/main.cpp:288:7:UartDriver::UartDriver()	16	static
../Core/Src/main.cpp:341:6:void HAL_UART_RxCpltCallback(UART_HandleTypeDef*)	24	static
../Core/Src/main.cpp:347:6:void HAL_UART_TxCpltCallback(UART_HandleTypeDef*)	24	static
../Core/Src/main.cpp:354:10:void Session::recordActivity()	16	static
../Core/Src/main.cpp:359:14:uint32_t Session::getDurationFromLastSessionActivity()	16	static
../Core/Src/main.cpp:367:10:bool Session::isSessionTimeouted()	16	static
../Core/Src/main.cpp:371:10:void Session::abortSession()	16	static
../Core/Src/main.cpp:383:10:bool Interactives::askNewCode(char*, uint8_t, Session)	32	static
../Core/Src/main.cpp:415:5:UserCommandDto::UserCommandDto(UserInstruction, char)	16	static
../Core/Src/main.cpp:417:10:char UserCommandDto::getUserInput()	16	static
../Core/Src/main.cpp:421:21:UserInstruction UserCommandDto::getUserInstruction()	16	static
../Core/Src/main.cpp:432:20:UserCommandDto UserListener::listenCommand()	48	static
../Core/Src/main.cpp:462:10:bool UserListener::isButtonPressed()	16	static
../Core/Src/main.cpp:477:5:int main()	96	static
../Core/Src/main.cpp:565:6:void SystemClock_Config()	88	static
../Core/Src/main.cpp:606:6:void Error_Handler()	4	static,ignoring_inline_asm
../Core/Src/main.cpp:613:1:void __static_initialization_and_destruction_0(int, int)	16	static
../Core/Src/main.cpp:613:1:cpp)	8	static
