c:\st\stm32cubeide_1.9.0\stm32cubeide\plugins\com.st.stm32cube.ide.mcu.externaltools.gnu-tools-for-stm32.10.3-2021.10.win32_1.0.0.202111181127\tools\bin\../lib/gcc/arm-none-eabi/10.3.1/../../../../arm-none-eabi/include/c++/10.3.1/arm-none-eabi/thumb/v7e-m+fp/hard/bits/gthr-default.h:229:1:int __gthread_key_delete(__gthread_key_t)	16	static
../Core/Src/main.cpp:70:7:void Timer::begin()	16	static
../Core/Src/main.cpp:74:7:void Timer::end()	16	static
../Core/Src/main.cpp:78:11:uint32_t Timer::duration() const	16	static
../Core/Src/main.cpp:68:7:constexpr Timer::Timer()	16	static
../Core/Src/main.cpp:89:2:Timeout::Timeout(bool (*)(), uint32_t)	24	static
../Core/Src/main.cpp:93:16:TimeoutResult Timeout::wait()	16	static
../Core/Src/main.cpp:112:2:Delay::Delay(uint32_t)	16	static
../Core/Src/main.cpp:119:14:static bool Delay::falsePred()	4	static
../Core/Src/main.cpp:127:7:void Lock::setCode(const char*)	24	static
../Core/Src/main.cpp:134:15:LockResponse Lock::tryUnlock(char)	16	static
../Core/Src/main.cpp:153:7:void Lock::reset()	16	static
../Core/Src/main.cpp:158:10:uint8_t Lock::getCodeLen()	16	static
../Core/Src/main.cpp:168:7:bool Lock::isOpen()	16	static
../Core/Src/main.cpp:172:7:bool Lock::isBlocked()	16	static
../Core/Src/main.cpp:176:7:bool Lock::isCorrectInput(char)	24	static
../Core/Src/main.cpp:180:7:void Lock::resetPinPosition()	16	static
../Core/Src/main.cpp:184:7:void Lock::resetCurrentWrongAttempts()	16	static
../Core/Src/main.cpp:192:7:void LampControl::open()	32	static
../Core/Src/main.cpp:199:7:void LampControl::correct()	32	static
../Core/Src/main.cpp:206:7:void LampControl::wrong()	32	static
../Core/Src/main.cpp:212:7:void LampControl::blocked()	40	static
../Core/Src/main.cpp:220:7:void LampControl::reset()	32	static
../Core/Src/main.cpp:235:2:InterruptGuard::InterruptGuard()	24	static,ignoring_inline_asm
../Core/Src/main.cpp:240:2:InterruptGuard::~InterruptGuard()	24	static,ignoring_inline_asm
../Core/Src/main.cpp:251:7:void RingBuffer::push(char)	16	static
../Core/Src/main.cpp:256:8:char* RingBuffer::pop()	24	static
../Core/Src/main.cpp:262:8:char* RingBuffer::front()	16	static
../Core/Src/main.cpp:278:7:bool RingBuffer::isEmpty()	16	static
../Core/Src/main.cpp:297:7:void RingBuffer::shiftHead()	16	static
../Core/Src/main.cpp:301:7:void RingBuffer::shiftTail()	16	static
../Core/Src/main.cpp:248:7:RingBuffer::RingBuffer()	16	static
../Core/Src/main.cpp:315:7:void UartDriver::switchMode()	24	static
../Core/Src/main.cpp:328:7:bool UartDriver::recv(char*)	32	static
../Core/Src/main.cpp:346:7:bool UartDriver::send(char)	32	static
../Core/Src/main.cpp:361:7:void UartDriver::ensureForDataIsSent()	24	static
../Core/Src/main.cpp:376:14:static void Printer::printChar(char)	16	static
../Core/Src/main.cpp:381:14:static void Printer::printString(char*, uint32_t)	24	static
../Core/Src/main.cpp:389:6:void HAL_UART_RxCpltCallback(UART_HandleTypeDef*)	24	static
../Core/Src/main.cpp:397:6:void HAL_UART_TxCpltCallback(UART_HandleTypeDef*)	24	static
../Core/Src/main.cpp:404:7:void Session::recordActivity()	16	static
../Core/Src/main.cpp:409:11:uint32_t Session::getDurationFromLastSessionActivity()	16	static
../Core/Src/main.cpp:417:7:bool Session::isSessionTimeouted()	16	static
../Core/Src/main.cpp:421:7:void Session::abortSession()	16	static
../Core/Src/main.cpp:433:7:bool Interactives::askNewCode(char*, uint8_t, Session)	160	dynamic
../Core/Src/main.cpp:483:7:bool ToggleDriver::isToggleActivated()	24	static
../Core/Src/main.cpp:507:7:bool ToggleDriver::isButtonPressed()	16	static
../Core/Src/main.cpp:518:2:UserCommandDto::UserCommandDto(UserInstruction, char)	16	static
../Core/Src/main.cpp:522:7:char UserCommandDto::getUserInput()	16	static
../Core/Src/main.cpp:526:18:UserInstruction UserCommandDto::getUserInstruction()	16	static
../Core/Src/main.cpp:537:17:UserCommandDto UserListener::listenCommand()	40	static
../Core/Src/main.cpp:564:5:int main()	120	static
../Core/Src/main.cpp:660:6:void SystemClock_Config()	88	static
../Core/Src/main.cpp:701:6:void Error_Handler()	4	static,ignoring_inline_asm
../Core/Src/main.cpp:708:1:void __static_initialization_and_destruction_0(int, int)	16	static
../Core/Src/main.cpp:708:1:cpp)	8	static
