../Core/Src/main.cpp:65:10:void Timer::begin()	16	static
../Core/Src/main.cpp:69:10:void Timer::end()	16	static
../Core/Src/main.cpp:73:14:uint32_t Timer::duration() const	16	static
../Core/Src/main.cpp:63:7:constexpr Timer::Timer()	16	static
../Core/Src/main.cpp:84:5:Timeout::Timeout(bool (*)(), uint32_t)	24	static
../Core/Src/main.cpp:88:19:TimeoutResult Timeout::wait()	16	static
../Core/Src/main.cpp:107:5:Delay::Delay(uint32_t)	16	static
../Core/Src/main.cpp:114:17:static bool Delay::falsePred()	4	static
../Core/Src/main.cpp:122:10:void Lock::setCode(const char*)	24	static
../Core/Src/main.cpp:129:18:LockResponse Lock::tryUnlock(char)	16	static
../Core/Src/main.cpp:148:10:void Lock::reset()	16	static
../Core/Src/main.cpp:153:13:uint8_t Lock::getCodeLen()	16	static
../Core/Src/main.cpp:163:10:bool Lock::isOpen()	16	static
../Core/Src/main.cpp:167:10:bool Lock::isBlocked()	16	static
../Core/Src/main.cpp:171:10:bool Lock::isCorrectInput(char)	24	static
../Core/Src/main.cpp:175:10:void Lock::resetPinPosition()	16	static
../Core/Src/main.cpp:179:10:void Lock::resetCurrentWrongAttempts()	16	static
../Core/Src/main.cpp:187:10:void LampControl::open()	32	static
../Core/Src/main.cpp:194:10:void LampControl::correct()	32	static
../Core/Src/main.cpp:201:10:void LampControl::wrong()	32	static
../Core/Src/main.cpp:207:10:void LampControl::blocked()	40	static
../Core/Src/main.cpp:215:10:void LampControl::reset()	32	static
../Core/Src/main.cpp:247:11:char* RingBuffer::tail()	16	static
../Core/Src/main.cpp:251:11:char* RingBuffer::head()	16	static
../Core/Src/main.cpp:255:10:bool RingBuffer::isEmpty() const	16	static
../Core/Src/main.cpp:259:10:bool RingBuffer::isFull() const	16	static
../Core/Src/main.cpp:263:10:bool RingBuffer::push()	16	static
../Core/Src/main.cpp:271:10:bool RingBuffer::pop()	16	static
../Core/Src/main.cpp:295:10:bool UartDriver::recv(char*)	24	static
../Core/Src/main.cpp:314:10:bool UartDriver::send(char)	16	static
../Core/Src/main.cpp:243:7:RingBuffer::RingBuffer()	16	static
../Core/Src/main.cpp:287:7:UartDriver::UartDriver()	16	static
../Core/Src/main.cpp:337:6:void HAL_UART_RxCpltCallback(UART_HandleTypeDef*)	16	static
../Core/Src/main.cpp:342:6:void HAL_UART_TxCpltCallback(UART_HandleTypeDef*)	16	static
../Core/Src/main.cpp:348:10:void Session::recordActivity()	16	static
../Core/Src/main.cpp:353:14:uint32_t Session::getDurationFromLastSessionActivity()	16	static
../Core/Src/main.cpp:361:10:bool Session::isSessionTimeouted()	16	static
../Core/Src/main.cpp:365:10:void Session::abortSession()	16	static
../Core/Src/main.cpp:377:10:bool Interactives::askNewCode(char*, uint8_t, Session)	32	static
../Core/Src/main.cpp:409:5:UserCommandDto::UserCommandDto(UserInstruction, char)	16	static
../Core/Src/main.cpp:411:10:char UserCommandDto::getUserInput()	16	static
../Core/Src/main.cpp:415:21:UserInstruction UserCommandDto::getUserInstruction()	16	static
../Core/Src/main.cpp:426:20:UserCommandDto UserListener::listenCommand()	48	static
../Core/Src/main.cpp:456:10:bool UserListener::isButtonPressed()	16	static
../Core/Src/main.cpp:471:5:int main()	96	static
../Core/Src/main.cpp:559:6:void SystemClock_Config()	88	static
../Core/Src/main.cpp:600:6:void Error_Handler()	4	static,ignoring_inline_asm
../Core/Src/main.cpp:607:1:void __static_initialization_and_destruction_0(int, int)	16	static
../Core/Src/main.cpp:607:1:cpp)	8	static
