../Core/Src/main.cpp:74:10:void Timer::begin()	16	static
../Core/Src/main.cpp:78:10:void Timer::end()	16	static
../Core/Src/main.cpp:82:14:uint32_t Timer::duration() const	16	static
../Core/Src/main.cpp:72:7:constexpr Timer::Timer()	16	static
../Core/Src/main.cpp:93:5:Timeout::Timeout(bool (*)(), uint32_t)	24	static
../Core/Src/main.cpp:96:19:TimeoutResult Timeout::wait()	16	static
../Core/Src/main.cpp:114:5:Delay::Delay(uint32_t)	16	static
../Core/Src/main.cpp:120:17:static bool Delay::falsePred()	4	static
../Core/Src/main.cpp:127:5:Signal::Signal(uint32_t)	16	static
../Core/Src/main.cpp:133:16:SignalType Signal::end()	16	static
../Core/Src/main.cpp:153:16:SignalType SignalListener::listen()	72	static
../Core/Src/main.cpp:173:17:static bool SignalListener::isButtonPressed()	8	static
../Core/Src/main.cpp:177:17:static bool SignalListener::isButtonReleased()	8	static
../Core/Src/main.cpp:184:18:LockResponse Lock::tryUnlock(SignalType)	16	static
../Core/Src/main.cpp:202:10:void Lock::reset()	16	static
../Core/Src/main.cpp:214:10:bool Lock::isOpen()	16	static
../Core/Src/main.cpp:218:10:bool Lock::isBlocked()	16	static
../Core/Src/main.cpp:222:10:bool Lock::isCorrectInput(SignalType)	16	static
../Core/Src/main.cpp:230:10:void LampControl::open()	32	static
../Core/Src/main.cpp:237:10:void LampControl::correct()	32	static
../Core/Src/main.cpp:244:10:void LampControl::wrong()	32	static
../Core/Src/main.cpp:250:10:void LampControl::blocked()	40	static
../Core/Src/main.cpp:258:10:void LampControl::reset()	32	static
../Core/Src/main.cpp:277:5:int main()	32	static
../Core/Src/main.cpp:343:6:void SystemClock_Config()	88	static
../Core/Src/main.cpp:385:6:void Error_Handler()	4	static,ignoring_inline_asm
